******************************************************************************
             TMS320C2000 Linker PC v6.4.9                      
******************************************************************************
>> Linked Wed Dec 02 16:09:51 2015

OUTPUT FILE NAME:   <proj_lab02a.out>
ENTRY POINT SYMBOL: "_c_int00"  address: 0000a125


MEMORY CONFIGURATION

         name            origin    length      used     unused   attr    fill
----------------------  --------  ---------  --------  --------  ----  --------
PAGE 0:
  BEGIN                 00000000   00000002  00000002  00000000  RWIX
  RAMM0                 00000050   000003b0  000000d5  000002db  RWIX
  RAML0_L8              00008000   0000b800  00002684  0000917c  RWIX
  FPUTABLES             003fd590   000006a0  00000000  000006a0  RWIX
  IQTABLES              003fdc30   00000b50  00000000  00000b50  RWIX
  IQTABLES2             003fe780   0000008c  00000000  0000008c  RWIX
  IQTABLES3             003fe80c   000000aa  00000000  000000aa  RWIX
  BOOTROM               003ff3b0   00000c10  00000000  00000c10  RWIX
  RESET                 003fffc0   00000002  00000000  00000002  RWIX

PAGE 1:
  BOOT_RSVD             00000002   0000004e  00000000  0000004e  RWIX
  RAMM1                 00000400   00000400  000003b0  00000050  RWIX
  USB_RAM               00040000   00000800  00000000  00000800  RWIX


SECTION ALLOCATION MAP

 output                                  attributes/
section   page    origin      length       input sections
--------  ----  ----------  ----------   ----------------
codestart 
*          0    00000000    00000002     
                  00000000    00000002     CodeStartBranch.obj (codestart)

.cinit     0    00000050    0000009f     
                  00000050    00000085     proj_lab02a.obj (.cinit)
                  000000d5    0000000a     rts2800_ml.lib : exit.obj (.cinit)
                  000000df    00000005                    : _lock.obj (.cinit:__lock)
                  000000e4    00000005                    : _lock.obj (.cinit:__unlock)
                  000000e9    00000004                    : errno.obj (.cinit)
                  000000ed    00000002     --HOLE-- [fill = 0]

ramfuncs   0    000000ef    00000036     
                  000000ef    00000032     flash.obj (ramfuncs)
                  00000121    00000004     usDelay.obj (ramfuncs)

.text      0    00008000    0000243c     
                  00008000    000009c6     hal.obj (.text)
                  000089c6    000004ca     user.obj (.text)
                  00008e90    00000324     proj_lab02a.obj (.text)
                  000091b4    000002f7     pwm.obj (.text)
                  000094ab    000001fa     adc.obj (.text)
                  000096a5    00000197     gpio.obj (.text)
                  0000983c    0000018b     clk.obj (.text)
                  000099c7    00000102     pie.obj (.text)
                  00009ac9    000000e8     proj_lab02a.obj (.text:retain)
                  00009bb1    000000ad     rts2800_ml.lib : log.obj (.text)
                  00009c5e    0000009f                    : exp.obj (.text)
                  00009cfd    0000008f                    : _log.obj (.text)
                  00009d8c    00000088                    : pow.obj (.text)
                  00009e14    00000083                    : fd_mpy.obj (.text)
                  00009e97    00000083                    : fs_div.obj (.text)
                  00009f1a    00000078                    : fs_add.obj (.text)
                  00009f92    0000005c     pll.obj (.text)
                  00009fee    0000005a     rts2800_ml.lib : fs_mpy.obj (.text)
                  0000a048    00000051                    : sqrt.obj (.text)
                  0000a099    00000047     wdog.obj (.text)
                  0000a0e0    00000045     pwr.obj (.text)
                  0000a125    00000044     rts2800_ml.lib : boot.obj (.text)
                  0000a169    00000041                    : ldexp.obj (.text)
                  0000a1aa    00000033                    : modf.obj (.text)
                  0000a1dd    00000033     timer.obj (.text)
                  0000a210    0000002e     osc.obj (.text)
                  0000a23e    00000029     rts2800_ml.lib : fs_tol.obj (.text)
                  0000a267    00000025     cpu.obj (.text)
                  0000a28c    00000025     rts2800_ml.lib : fs_toi.obj (.text)
                  0000a2b1    00000022                    : i_div.obj (.text)
                  0000a2d3    00000021     flash.obj (.text)
                  0000a2f4    00000021     rts2800_ml.lib : fs_toul.obj (.text)
                  0000a315    0000001f                    : fd_tol.obj (.text)
                  0000a334    0000001d                    : fs_tou.obj (.text)
                  0000a351    0000001c                    : fs_tofd.obj (.text)
                  0000a36d    0000001a                    : i_tofs.obj (.text)
                  0000a387    0000001a                    : l_tofs.obj (.text)
                  0000a3a1    00000019                    : args_main.obj (.text)
                  0000a3ba    00000019                    : exit.obj (.text)
                  0000a3d3    00000017                    : fs_cmp.obj (.text)
                  0000a3ea    00000014                    : frexp.obj (.text)
                  0000a3fe    00000013                    : ul_tofs.obj (.text)
                  0000a411    00000010                    : u_tofs.obj (.text)
                  0000a421    00000009                    : _lock.obj (.text)
                  0000a42a    00000008     CodeStartBranch.obj (.text)
                  0000a432    00000005     pie.obj (.text:retain)
                  0000a437    00000005     rts2800_ml.lib : fs_neg.obj (.text)

.pinit     0    00000050    00000000     UNINITIALIZED

.reset     0    003fffc0    00000002     DSECT
                  003fffc0    00000002     rts2800_ml.lib : boot.obj (.reset)

.ebss      0    0000a43c    0000021e     UNINITIALIZED
                  0000a43c    00000004     rts2800_ml.lib : exit.obj (.ebss)
                  0000a440    0000016c     proj_lab02a.obj (.ebss)
                  0000a5ac    00000002     rts2800_ml.lib : _lock.obj (.ebss:__lock)
                  0000a5ae    00000002                    : _lock.obj (.ebss:__unlock)
                  0000a5b0    00000001     cpu.obj (.ebss)
                  0000a5b1    00000001     rts2800_ml.lib : errno.obj (.ebss)
                  0000a5b2    0000000e     --HOLE--
                  0000a5c0    0000009a     hal.obj (.ebss)

.econst    0    0000a65a    00000016     
                  0000a65a    0000000a     proj_lab02a.obj (.econst)
                  0000a664    00000008     user.obj (.econst)
                  0000a66c    00000004     hal.obj (.econst)

IQmath     0    0000a670    00000014     
                  0000a670    00000014     IQmath.lib : IQ30toF.obj (IQmath)

.stack     1    00000400    000003b0     UNINITIALIZED
                  00000400    000003b0     --HOLE--


GLOBAL DATA SYMBOLS: SORTED BY DATA PAGE

address     data page           name
--------    ----------------    ----
00000400      10 (00000400)     __stack

0000a43c     290 (0000a400)     ___TI_cleanup_ptr
0000a43e     290 (0000a400)     ___TI_dtors_ptr

0000a440     291 (0000a440)     _gCounter_updateGlobals
0000a441     291 (0000a440)     _gLEDcnt
0000a442     291 (0000a440)     _Flag_Latch_softwareUpdate
0000a444     291 (0000a440)     _gMaxCurrentSlope
0000a446     291 (0000a440)     _controller_obj
0000a448     291 (0000a440)     _halHandle
0000a44a     291 (0000a440)     _ctrlHandle
0000a44c     291 (0000a440)     _gPwmData
0000a452     291 (0000a440)     _gAdcData

0000a480     292 (0000a480)     _gMotorVars

0000a500     294 (0000a500)     _gUserParams

0000a5ac     296 (0000a580)     __lock
0000a5ae     296 (0000a580)     __unlock
0000a5b0     296 (0000a580)     _cpu
0000a5b1     296 (0000a580)     _errno

0000a5c0     297 (0000a5c0)     _hal

0000a670     299 (0000a640)     __IQ30toF


GLOBAL SYMBOLS: SORTED ALPHABETICALLY BY Name 

page  address   name                                             
----  -------   ----                                             
0     00008000  .text                                            
0     0000a3ba  C$$EXIT                                          
0     00009e14  FD$$MPY                                          
0     0000a315  FD$$TOL                                          
0     00009f1f  FS$$ADD                                          
0     0000a3d3  FS$$CMP                                          
0     00009e97  FS$$DIV                                          
0     00009fee  FS$$MPY                                          
0     0000a437  FS$$NEG                                          
0     00009f1a  FS$$SUB                                          
0     0000a351  FS$$TOFD                                         
0     0000a28c  FS$$TOI                                          
0     0000a23e  FS$$TOL                                          
0     0000a334  FS$$TOU                                          
0     0000a2f4  FS$$TOUL                                         
0     0000a2b1  I$$DIV                                           
0     0000a2c2  I$$MOD                                           
0     0000a36d  I$$TOFS                                          
0     0000a387  L$$TOFS                                          
0     0000a411  U$$TOFS                                          
0     0000a3fe  UL$$TOFS                                         
0     0000969b  _ADC_disable                                     
0     00009691  _ADC_disableBandGap                              
0     0000967a  _ADC_disableInt                                  
0     00009670  _ADC_disableNoOverlapMode                        
0     00009666  _ADC_disableRefBuffers                           
0     0000965c  _ADC_disableVoltRefLoConv                        
0     00009652  _ADC_enable                                      
0     00009648  _ADC_enableBandGap                               
0     00009632  _ADC_enableInt                                   
0     00009628  _ADC_enableNoOverlapMode                         
0     0000961e  _ADC_enableRefBuffers                            
0     00009614  _ADC_enableVoltRefLoConv                         
0     0000960a  _ADC_getDivideSelect                             
0     00009601  _ADC_init                                        
0     000095f7  _ADC_powerDown                                   
0     000095ed  _ADC_powerUp                                     
0     000095e3  _ADC_reset                                       
0     000095d2  _ADC_setDivideSelect                             
0     000095b1  _ADC_setIntMode                                  
0     000095a0  _ADC_setIntPulseGenMode                          
0     0000957f  _ADC_setIntSrc                                   
0     00009575  _ADC_setOffTrim                                  
0     0000955e  _ADC_setSampleMode                               
0     0000954b  _ADC_setSampleOverlapMode                        
0     00009537  _ADC_setSocChanNumber                            
0     0000952a  _ADC_setSocFrc                                   
0     00009520  _ADC_setSocFrcWord                               
0     0000950c  _ADC_setSocSampleDelay                           
0     000094f8  _ADC_setSocTrigSrc                               
0     000094e7  _ADC_setTempSensorSrc                            
0     000094d6  _ADC_setVoltRefSrc                               
0     000094ab  _ADC_setupSocTrigSrc                             
0     000099c0  _CLK_disableAdcClock                             
0     000099b9  _CLK_disableClaClock                             
0     000099b3  _CLK_disableClkIn                                
0     000099af  _CLK_disableCompClock                            
0     000099a8  _CLK_disableCpuTimerClock                        
0     000099a2  _CLK_disableCrystalOsc                           
0     0000999b  _CLK_disableEcanaClock                           
0     00009994  _CLK_disableEcap1Clock                           
0     0000998d  _CLK_disableEqep1Clock                           
0     00009986  _CLK_disableEqep2Clock                           
0     0000997f  _CLK_disableGpioInputClock                       
0     00009978  _CLK_disableHrPwmClock                           
0     00009971  _CLK_disableI2cClock                             
0     0000996a  _CLK_disableLinAClock                            
0     00009964  _CLK_disableOsc1                                 
0     0000995e  _CLK_disableOsc1HaltMode                         
0     00009958  _CLK_disableOsc2                                 
0     00009952  _CLK_disableOsc2HaltMode                         
0     00009948  _CLK_disablePwmClock                             
0     00009941  _CLK_disableSciaClock                            
0     0000993a  _CLK_disableScibClock                            
0     00009933  _CLK_disableSpiaClock                            
0     0000992f  _CLK_disableSpibClock                            
0     00009928  _CLK_disableTbClockSync                          
0     00009922  _CLK_disableWatchDogHaltMode                     
0     0000991b  _CLK_enableAdcClock                              
0     00009914  _CLK_enableClaClock                              
0     0000990e  _CLK_enableClkIn                                 
0     00009908  _CLK_enableCompClock                             
0     00009902  _CLK_enableCpuTimerClock                         
0     000098fc  _CLK_enableCrystalOsc                            
0     000098f5  _CLK_enableEcanaClock                            
0     000098ee  _CLK_enableEcap1Clock                            
0     000098e7  _CLK_enableEqep1Clock                            
0     000098e0  _CLK_enableEqep2Clock                            
0     000098d9  _CLK_enableGpioInputClock                        
0     000098d2  _CLK_enableHrPwmClock                            
0     000098cb  _CLK_enableI2cClock                              
0     000098c4  _CLK_enableLinAClock                             
0     000098be  _CLK_enableOsc1                                  
0     000098b8  _CLK_enableOsc1HaltMode                          
0     000098b2  _CLK_enableOsc2                                  
0     000098ac  _CLK_enableOsc2HaltMode                          
0     000098a3  _CLK_enablePwmClock                              
0     0000989c  _CLK_enableSciaClock                             
0     00009895  _CLK_enableScibClock                             
0     0000988e  _CLK_enableSpiaClock                             
0     00009887  _CLK_enableSpibClock                             
0     00009880  _CLK_enableTbClockSync                           
0     0000987a  _CLK_enableWatchDogHaltMode                      
0     00009873  _CLK_init                                        
0     0000986c  _CLK_setClkOutPreScaler                          
0     00009866  _CLK_setLowSpdPreScaler                          
0     0000985f  _CLK_setOsc2Src                                  
0     00009858  _CLK_setOscSrc                                   
0     00009851  _CLK_setTimer2PreScale                           
0     0000984a  _CLK_setTimer2Src                                
0     00009843  _CLK_setWatchDogSrc                              
0     0000983c  _CLK_setXClkInSrc                                
0     0000a289  _CPU_clearIntFlags                               
0     0000a286  _CPU_disableDebugInt                             
0     0000a283  _CPU_disableGlobalInts                           
0     0000a27e  _CPU_disableInt                                  
0     0000a27b  _CPU_disableInts                                 
0     0000a278  _CPU_disableProtectedRegisterWrite               
0     0000a275  _CPU_enableDebugInt                              
0     0000a272  _CPU_enableGlobalInts                            
0     0000a26e  _CPU_enableInt                                   
0     0000a26b  _CPU_enableProtectedRegisterWrite                
0     0000a267  _CPU_init                                        
abs   003fa721  _CTRL_getVersion                                 
abs   003fa6fb  _CTRL_initCtrl                                   
abs   003faab6  _CTRL_run                                        
abs   003fa83e  _CTRL_setGains                                   
abs   003fa866  _CTRL_setParams                                  
abs   003fa82b  _CTRL_setSpd_ref_krpm                            
abs   003fa80c  _CTRL_setup                                      
abs   003fa72b  _CTRL_updateState                                
abs   003f86ad  _EST_computeDirection_qFmt                       
abs   003f96be  _EST_getFlux_VpHz                                
abs   003f96ab  _EST_getFlux_pu                                  
abs   003f9632  _EST_getIdRated                                  
abs   003f95ff  _EST_getLs_coarse_max_pu                         
abs   003f95f5  _EST_getLs_d_H                                   
abs   003f95f0  _EST_getLs_d_pu                                  
abs   003f95ce  _EST_getLs_q_H                                   
abs   003f95c9  _EST_getLs_q_pu                                  
abs   003f95bd  _EST_getMaxCurrentSlope_pu                       
abs   003f95ad  _EST_getRr_Ohm                                   
abs   003f9513  _EST_getRs_Ohm                                   
abs   003f94c6  _EST_getSpeed_krpm                               
abs   003f861b  _EST_getState                                    
abs   003f9453  _EST_get_pu_to_krpm_sf                           
abs   003f8679  _EST_isMotorIdentified                           
abs   003f8bf5  _EST_setDir_qFmt                                 
abs   003f8be8  _EST_setFe_neg_max_pu                            
abs   003f8be4  _EST_setFe_pos_min_pu                            
abs   003f8bdb  _EST_setFlag_enableForceAngle                    
abs   003f8b45  _EST_setLs_d_pu                                  
abs   003f8af1  _EST_setLs_qFmt                                  
abs   003f8ae7  _EST_setLs_q_pu                                  
abs   003f8adb  _EST_setMaxCurrentSlope_pu                       
0     0000a2ee  _FLASH_clear3VStatus                             
0     0000011b  _FLASH_disablePipelineMode                       
0     00000115  _FLASH_enablePipelineMode                        
0     0000a2eb  _FLASH_get3VStatus                               
0     0000a2e8  _FLASH_getActiveWaitCount                        
0     0000a2e4  _FLASH_getActiveWaitStatus                       
0     0000a2e1  _FLASH_getPowerMode                              
0     0000a2de  _FLASH_getStandbyWaitCount                       
0     0000a2da  _FLASH_getStandbyWaitStatus                      
0     0000a2d3  _FLASH_init                                      
0     00000110  _FLASH_setActiveWaitCount                        
0     00000109  _FLASH_setNumPagedReadWaitStates                 
0     00000102  _FLASH_setNumRandomReadWaitStates                
0     000000fb  _FLASH_setOtpWaitStates                          
0     000000f4  _FLASH_setPowerMode                              
0     000000ef  _FLASH_setStandbyWaitCount                       
0     0000a442  _Flag_Latch_softwareUpdate                       
0     0000982d  _GPIO_getData                                    
0     00009826  _GPIO_getPortData                                
0     0000981f  _GPIO_init                                       
0     00009815  _GPIO_lpmSelect                                  
0     000097f5  _GPIO_read                                       
0     000097da  _GPIO_setDirection                               
0     000097cf  _GPIO_setExtInt                                  
0     000097be  _GPIO_setHigh                                    
0     000097ad  _GPIO_setLow                                     
0     00009771  _GPIO_setMode                                    
0     00009766  _GPIO_setPortData                                
0     0000974b  _GPIO_setPullup                                  
0     00009705  _GPIO_setQualification                           
0     000096b6  _GPIO_setQualificationPeriod                     
0     000096a5  _GPIO_toggle                                     
0     000084d0  _HAL_AdcCalChanSelect                            
0     00008527  _HAL_AdcCalConversion                            
0     00008689  _HAL_AdcOffsetSelfCal                            
0     00008756  _HAL_OscTempComp                                 
0     000087af  _HAL_cal                                         
0     000089c2  _HAL_disableGlobalInts                           
0     000088d9  _HAL_disableWdog                                 
0     000089b0  _HAL_enableAdcInts                               
0     000089ac  _HAL_enableDebugInt                              
0     000089a8  _HAL_enableGlobalInts                            
0     00008997  _HAL_enablePwmInt                                
0     000086bc  _HAL_getOscTrimValue                             
0     000088de  _HAL_init                                        
0     000086d2  _HAL_osc1Comp                                    
0     00008714  _HAL_osc2Comp                                    
0     000087c6  _HAL_setParams                                   
0     0000841a  _HAL_setupAdcs                                   
0     000083fe  _HAL_setupClks                                   
0     000083d6  _HAL_setupFaults                                 
0     000083b8  _HAL_setupFlash                                  
0     00008249  _HAL_setupGpios                                  
0     000081fc  _HAL_setupPeripheralClks                         
0     000081e0  _HAL_setupPie                                    
0     000081a1  _HAL_setupPll                                    
0     00008113  _HAL_setupPwmDacs                                
0     0000803b  _HAL_setupPwms                                   
0     00008000  _HAL_setupTimers                                 
abs   003fb4dc  _OFFSET_init                                     
abs   003fb4c6  _OFFSET_setBeta                                  
abs   003fb4bd  _OFFSET_setInitCond                              
abs   003fb4bb  _OFFSET_setOffset                                
0     0000a237  _OSC_init                                        
0     0000a22a  _OSC_setCoarseTrim                               
0     0000a219  _OSC_setFineTrim                                 
0     0000a210  _OSC_setTrim                                     
0     00009ac2  _PIE_clearAllFlags                               
0     00009abf  _PIE_clearAllInts                                
0     00009abc  _PIE_disable                                     
0     00009ab5  _PIE_disableAllInts                              
0     00009ab1  _PIE_disableCaptureInt                           
0     00009aa8  _PIE_disableExtInt                               
0     00009a9e  _PIE_disableInt                                  
0     00009a9b  _PIE_enable                                      
0     00009a7e  _PIE_enableAdcInt                                
0     00009a7a  _PIE_enableCaptureInt                            
0     00009a5d  _PIE_enableExtInt                                
0     00009a54  _PIE_enableInt                                   
0     00009a4f  _PIE_enablePwmInt                                
0     00009a4a  _PIE_enablePwmTzInt                              
0     00009a47  _PIE_enableTimer0Int                             
0     00009a3e  _PIE_forceInt                                    
0     00009a36  _PIE_getExtIntCount                              
0     00009a2f  _PIE_getIntEnables                               
0     00009a28  _PIE_getIntFlags                                 
0     0000a432  _PIE_illegalIsr                                  
0     00009a1f  _PIE_init                                        
0     00009a0e  _PIE_registerPieIntHandler                       
0     00009a03  _PIE_registerSystemIntHandler                    
0     000099f8  _PIE_setDefaultIntVectorTable                    
0     000099e7  _PIE_setExtIntPolarity                           
0     000099d4  _PIE_unregisterPieIntHandler                     
0     000099c7  _PIE_unregisterSystemIntHandler                  
0     00009fe8  _PLL_disable                                     
0     00009fe2  _PLL_disableClkDetect                            
0     00009fdc  _PLL_disableNormRdy                              
0     00009fd6  _PLL_disableOsc                                  
0     00009fd0  _PLL_enable                                      
0     00009fca  _PLL_enableClkDetect                             
0     00009fc4  _PLL_enableNormRdy                               
0     00009fbe  _PLL_enableOsc                                   
0     00009fba  _PLL_getClkFreq                                  
0     00009fb7  _PLL_getClkStatus                                
0     00009fb4  _PLL_getDivideSelect                             
0     00009fb1  _PLL_getLockStatus                               
0     00009faa  _PLL_init                                        
0     00009fa4  _PLL_resetClkDetect                              
0     00009f9e  _PLL_setClkFreq                                  
0     00009f97  _PLL_setDivideSelect                             
0     00009f92  _PLL_setLockPeriod                               
0     000094a5  _PWM_clearTripZone                               
0     000094a2  _PWM_decrementDeadBandFallingEdgeDelay           
0     0000949f  _PWM_decrementDeadBandRisingEdgeDelay            
0     00009498  _PWM_disableAutoConvert                          
0     00009494  _PWM_disableChopping                             
0     00009491  _PWM_disableCounterLoad                          
0     0000948e  _PWM_disableDeadBand                             
0     0000948a  _PWM_disableDeadBandHalfCycle                    
0     00009483  _PWM_disableDigitalCompareBlankingWindow         
0     0000947c  _PWM_disableDigitalCompareBlankingWindowInversion
0     00009475  _PWM_disableHrPeriod                             
0     0000946e  _PWM_disableHrPhaseSync                          
0     0000946a  _PWM_disableInt                                  
0     00009466  _PWM_disableSocAPulse                            
0     00009462  _PWM_disableSocBPulse                            
0     0000945b  _PWM_disableTripZoneInt                          
0     00009454  _PWM_disableTripZoneSrc                          
0     0000944e  _PWM_disableTripZones                            
0     00009447  _PWM_enableAutoConvert                           
0     00009443  _PWM_enableChopping                              
0     00009440  _PWM_enableCounterLoad                           
0     0000943c  _PWM_enableDeadBandHalfCycle                     
0     00009435  _PWM_enableDigitalCompareBlankingWindow          
0     0000942e  _PWM_enableDigitalCompareBlankingWindowInversion 
0     00009427  _PWM_enableHrPeriod                              
0     00009420  _PWM_enableHrPhaseSync                           
0     0000941c  _PWM_enableInt                                   
0     00009418  _PWM_enableSocAPulse                             
0     00009414  _PWM_enableSocBPulse                             
0     0000940e  _PWM_enableTripZoneInt                           
0     00009408  _PWM_enableTripZoneSrc                           
0     00009405  _PWM_getDeadBandFallingEdgeDelay                 
0     00009402  _PWM_getDeadBandRisingEdgeDelay                  
0     000093fe  _PWM_getIntCount                                 
0     000093fa  _PWM_getShadowStatus_CmpA                        
0     000093f6  _PWM_getShadowStatus_CmpB                        
0     000093f1  _PWM_getSocACount                                
0     000093ec  _PWM_getSocBCount                                
0     000093e9  _PWM_incrementDeadBandFallingEdgeDelay           
0     000093e6  _PWM_incrementDeadBandRisingEdgeDelay            
0     000093df  _PWM_init                                        
0     000093d8  _PWM_setActionQualContSWForce_PwmA               
0     000093cf  _PWM_setActionQualContSWForce_PwmB               
0     000093c6  _PWM_setActionQual_CntDown_CmpA_PwmA             
0     000093bd  _PWM_setActionQual_CntDown_CmpA_PwmB             
0     000093b4  _PWM_setActionQual_CntDown_CmpB_PwmA             
0     000093ab  _PWM_setActionQual_CntDown_CmpB_PwmB             
0     000093a2  _PWM_setActionQual_CntUp_CmpA_PwmA               
0     00009399  _PWM_setActionQual_CntUp_CmpA_PwmB               
0     00009390  _PWM_setActionQual_CntUp_CmpB_PwmA               
0     00009387  _PWM_setActionQual_CntUp_CmpB_PwmB               
0     0000937e  _PWM_setActionQual_Period_PwmA                   
0     00009375  _PWM_setActionQual_Period_PwmB                   
0     0000936e  _PWM_setActionQual_Zero_PwmA                     
0     00009367  _PWM_setActionQual_Zero_PwmB                     
0     00009360  _PWM_setChoppingClkFreq                          
0     00009359  _PWM_setChoppingDutyCycle                        
0     00009352  _PWM_setChoppingPulseWidth                       
0     0000934e  _PWM_setClkDiv                                   
0     0000934c  _PWM_setCount                                    
0     00009348  _PWM_setCounterMode                              
0     00009345  _PWM_setDeadBandFallingEdgeDelay                 
0     0000933e  _PWM_setDeadBandInputMode                        
0     00009337  _PWM_setDeadBandOutputMode                       
0     00009330  _PWM_setDeadBandPolarity                         
0     0000932d  _PWM_setDeadBandRisingEdgeDelay                  
0     00009313  _PWM_setDigitalCompareAEvent1                    
0     00009303  _PWM_setDigitalCompareAEvent2                    
0     000092e9  _PWM_setDigitalCompareBEvent1                    
0     000092d9  _PWM_setDigitalCompareBEvent2                    
0     000092cd  _PWM_setDigitalCompareBlankingPulse              
0     000092ca  _PWM_setDigitalCompareFilterOffset               
0     000092c0  _PWM_setDigitalCompareFilterSource               
0     000092bd  _PWM_setDigitalCompareFilterWindow               
0     000092ae  _PWM_setDigitalCompareInput                      
0     000092aa  _PWM_setHighSpeedClkDiv                          
0     000092a0  _PWM_setHrControlMode                            
0     00009296  _PWM_setHrEdgeMode                               
0     0000928c  _PWM_setHrShadowMode                             
0     00009285  _PWM_setIntMode                                  
0     0000927e  _PWM_setIntPeriod                                
0     0000927a  _PWM_setLoadMode_CmpA                            
0     00009274  _PWM_setLoadMode_CmpB                            
0     00009272  _PWM_setPeriod                                   
0     0000926d  _PWM_setPeriodHr                                 
0     00009269  _PWM_setPeriodLoad                               
0     00009267  _PWM_setPhase                                    
0     00009263  _PWM_setPhaseDir                                 
0     0000925f  _PWM_setRunMode                                  
0     00009259  _PWM_setShadowMode_CmpA                          
0     00009253  _PWM_setShadowMode_CmpB                          
0     0000924a  _PWM_setSocAPeriod                               
0     00009241  _PWM_setSocAPulseSrc                             
0     00009238  _PWM_setSocBPeriod                               
0     0000922f  _PWM_setSocBPulseSrc                             
0     0000922c  _PWM_setSwSync                                   
0     00009228  _PWM_setSyncMode                                 
0     0000921e  _PWM_setTripZoneDCEventSelect_DCAEVT1            
0     00009212  _PWM_setTripZoneDCEventSelect_DCAEVT2            
0     00009206  _PWM_setTripZoneDCEventSelect_DCBEVT1            
0     000091fa  _PWM_setTripZoneDCEventSelect_DCBEVT2            
0     000091ee  _PWM_setTripZoneState_DCAEVT1                    
0     000091e2  _PWM_setTripZoneState_DCAEVT2                    
0     000091d6  _PWM_setTripZoneState_DCBEVT1                    
0     000091ca  _PWM_setTripZoneState_DCBEVT2                    
0     000091c0  _PWM_setTripZoneState_TZA                        
0     000091b4  _PWM_setTripZoneState_TZB                        
0     0000a122  _PWR_disableBrownOutReset                        
0     0000a118  _PWR_disableWatchDogInt                          
0     0000a115  _PWR_enableBrownOutReset                         
0     0000a10b  _PWR_enableWatchDogInt                           
0     0000a102  _PWR_init                                        
0     0000a0f1  _PWR_setLowPowerMode                             
0     0000a0e0  _PWR_setNumStandByClocks                         
0     00000125  _RamfuncsLoadEnd                                 
abs   00000036  _RamfuncsLoadSize                                
0     000000ef  _RamfuncsLoadStart                               
0     000000ef  _RamfuncsRunStart                                
0     0000a20d  _TIMER_clearFlag                                 
0     0000a20a  _TIMER_disableInt                                
0     0000a207  _TIMER_enableInt                                 
0     0000a204  _TIMER_getStatus                                 
0     0000a1fd  _TIMER_init                                      
0     0000a1ef  _TIMER_setDecimationFactor                       
0     0000a1eb  _TIMER_setEmulationMode                          
0     0000a1dd  _TIMER_setPreScaler                              
0     00008dcf  _USER_calcPIgains                                
0     00008dcb  _USER_checkForErrors                             
0     00008dbd  _USER_computeFlux                                
0     00008d6c  _USER_computeFlux_pu_to_VpHz_sf                  
0     00008d1b  _USER_computeFlux_pu_to_Wb_sf                    
0     00008cca  _USER_computeTorque_Flux_Iq_pu_to_Nm_sf          
0     00008c7b  _USER_computeTorque_Ls_Id_Iq_pu_to_Nm_sf         
0     00008c2e  _USER_computeTorque_Nm                           
0     00008bd6  _USER_computeTorque_lbin                         
0     00008bd3  _USER_getErrorCode                               
0     00008bd0  _USER_setErrorCode                               
0     00008a5e  _USER_setParams                                  
0     000089c6  _USER_softwareUpdate1p6                          
0     0000a0d8  _WDOG_clearCounter                               
0     0000a0d0  _WDOG_disable                                    
0     0000a0ca  _WDOG_disableInt                                 
0     0000a0c4  _WDOG_disableOverRide                            
0     0000a0bb  _WDOG_enable                                     
0     0000a0b5  _WDOG_enableInt                                  
0     0000a0af  _WDOG_enableOverRide                             
0     0000a0ac  _WDOG_getIntStatus                               
0     0000a0a5  _WDOG_init                                       
0     0000a0a3  _WDOG_setCount                                   
0     0000a099  _WDOG_setPreScaler                               
0     0000a670  __IQ30toF                                        
1     000007b0  __STACK_END                                      
abs   000003b0  __STACK_SIZE                                     
0     0000a43c  ___TI_cleanup_ptr                                
0     0000a43e  ___TI_dtors_ptr                                  
abs   ffffffff  ___binit__                                       
abs   ffffffff  ___c_args__                                      
0     00000050  ___cinit__                                       
0     0000a43c  ___etext__                                       
abs   ffffffff  ___pinit__                                       
0     00008000  ___text__                                        
0     0000a3a1  __args_main                                      
0     0000a5ac  __lock                                           
0     00009cfd  __log                                            
0     0000a429  __nop                                            
0     0000a425  __register_lock                                  
0     0000a421  __register_unlock                                
1     00000400  __stack                                          
0     0000a5ae  __unlock                                         
0     0000a3ba  _abort                                           
0     00008f8c  _acim_Dir_qFmtCalc                               
0     0000a125  _c_int00                                         
0     0000a446  _controller_obj                                  
0     0000a5b0  _cpu                                             
0     0000a44a  _ctrlHandle                                      
0     0000a5b1  _errno                                           
0     0000a3bc  _exit                                            
0     00009c5e  _exp                                             
0     0000a3ea  _frexp                                           
0     0000a452  _gAdcData                                        
0     0000a440  _gCounter_updateGlobals                          
0     0000a441  _gLEDcnt                                         
0     0000a444  _gMaxCurrentSlope                                
0     0000a480  _gMotorVars                                      
0     0000a44c  _gPwmData                                        
0     0000a500  _gUserParams                                     
0     0000a5c0  _hal                                             
0     0000a448  _halHandle                                       
0     0000a169  _ldexp                                           
0     00009bb1  _log                                             
0     00008fa2  _main                                            
0     00009ac9  _mainISR                                         
0     0000a1aa  _modf                                            
0     00009d8c  _pow                                             
0     00008f14  _recalcKpKi                                      
0     00008eee  _setFeLimitZero                                  
0     0000a048  _sqrt                                            
0     00008e90  _updateGlobalVariables_motor                     
0     00000121  _usDelay                                         
abs   ffffffff  binit                                            
0     00000050  cinit                                            
0     00000000  code_start                                       
0     0000a43c  etext                                            
abs   ffffffff  pinit                                            


GLOBAL SYMBOLS: SORTED BY Symbol Address 

page  address   name                                             
----  -------   ----                                             
0     00000000  code_start                                       
0     00000050  ___cinit__                                       
0     00000050  cinit                                            
0     000000ef  _FLASH_setStandbyWaitCount                       
0     000000ef  _RamfuncsLoadStart                               
0     000000ef  _RamfuncsRunStart                                
0     000000f4  _FLASH_setPowerMode                              
0     000000fb  _FLASH_setOtpWaitStates                          
0     00000102  _FLASH_setNumRandomReadWaitStates                
0     00000109  _FLASH_setNumPagedReadWaitStates                 
0     00000110  _FLASH_setActiveWaitCount                        
0     00000115  _FLASH_enablePipelineMode                        
0     0000011b  _FLASH_disablePipelineMode                       
0     00000121  _usDelay                                         
0     00000125  _RamfuncsLoadEnd                                 
0     00008000  .text                                            
0     00008000  _HAL_setupTimers                                 
0     00008000  ___text__                                        
0     0000803b  _HAL_setupPwms                                   
0     00008113  _HAL_setupPwmDacs                                
0     000081a1  _HAL_setupPll                                    
0     000081e0  _HAL_setupPie                                    
0     000081fc  _HAL_setupPeripheralClks                         
0     00008249  _HAL_setupGpios                                  
0     000083b8  _HAL_setupFlash                                  
0     000083d6  _HAL_setupFaults                                 
0     000083fe  _HAL_setupClks                                   
0     0000841a  _HAL_setupAdcs                                   
0     000084d0  _HAL_AdcCalChanSelect                            
0     00008527  _HAL_AdcCalConversion                            
0     00008689  _HAL_AdcOffsetSelfCal                            
0     000086bc  _HAL_getOscTrimValue                             
0     000086d2  _HAL_osc1Comp                                    
0     00008714  _HAL_osc2Comp                                    
0     00008756  _HAL_OscTempComp                                 
0     000087af  _HAL_cal                                         
0     000087c6  _HAL_setParams                                   
0     000088d9  _HAL_disableWdog                                 
0     000088de  _HAL_init                                        
0     00008997  _HAL_enablePwmInt                                
0     000089a8  _HAL_enableGlobalInts                            
0     000089ac  _HAL_enableDebugInt                              
0     000089b0  _HAL_enableAdcInts                               
0     000089c2  _HAL_disableGlobalInts                           
0     000089c6  _USER_softwareUpdate1p6                          
0     00008a5e  _USER_setParams                                  
0     00008bd0  _USER_setErrorCode                               
0     00008bd3  _USER_getErrorCode                               
0     00008bd6  _USER_computeTorque_lbin                         
0     00008c2e  _USER_computeTorque_Nm                           
0     00008c7b  _USER_computeTorque_Ls_Id_Iq_pu_to_Nm_sf         
0     00008cca  _USER_computeTorque_Flux_Iq_pu_to_Nm_sf          
0     00008d1b  _USER_computeFlux_pu_to_Wb_sf                    
0     00008d6c  _USER_computeFlux_pu_to_VpHz_sf                  
0     00008dbd  _USER_computeFlux                                
0     00008dcb  _USER_checkForErrors                             
0     00008dcf  _USER_calcPIgains                                
0     00008e90  _updateGlobalVariables_motor                     
0     00008eee  _setFeLimitZero                                  
0     00008f14  _recalcKpKi                                      
0     00008f8c  _acim_Dir_qFmtCalc                               
0     00008fa2  _main                                            
0     000091b4  _PWM_setTripZoneState_TZB                        
0     000091c0  _PWM_setTripZoneState_TZA                        
0     000091ca  _PWM_setTripZoneState_DCBEVT2                    
0     000091d6  _PWM_setTripZoneState_DCBEVT1                    
0     000091e2  _PWM_setTripZoneState_DCAEVT2                    
0     000091ee  _PWM_setTripZoneState_DCAEVT1                    
0     000091fa  _PWM_setTripZoneDCEventSelect_DCBEVT2            
0     00009206  _PWM_setTripZoneDCEventSelect_DCBEVT1            
0     00009212  _PWM_setTripZoneDCEventSelect_DCAEVT2            
0     0000921e  _PWM_setTripZoneDCEventSelect_DCAEVT1            
0     00009228  _PWM_setSyncMode                                 
0     0000922c  _PWM_setSwSync                                   
0     0000922f  _PWM_setSocBPulseSrc                             
0     00009238  _PWM_setSocBPeriod                               
0     00009241  _PWM_setSocAPulseSrc                             
0     0000924a  _PWM_setSocAPeriod                               
0     00009253  _PWM_setShadowMode_CmpB                          
0     00009259  _PWM_setShadowMode_CmpA                          
0     0000925f  _PWM_setRunMode                                  
0     00009263  _PWM_setPhaseDir                                 
0     00009267  _PWM_setPhase                                    
0     00009269  _PWM_setPeriodLoad                               
0     0000926d  _PWM_setPeriodHr                                 
0     00009272  _PWM_setPeriod                                   
0     00009274  _PWM_setLoadMode_CmpB                            
0     0000927a  _PWM_setLoadMode_CmpA                            
0     0000927e  _PWM_setIntPeriod                                
0     00009285  _PWM_setIntMode                                  
0     0000928c  _PWM_setHrShadowMode                             
0     00009296  _PWM_setHrEdgeMode                               
0     000092a0  _PWM_setHrControlMode                            
0     000092aa  _PWM_setHighSpeedClkDiv                          
0     000092ae  _PWM_setDigitalCompareInput                      
0     000092bd  _PWM_setDigitalCompareFilterWindow               
0     000092c0  _PWM_setDigitalCompareFilterSource               
0     000092ca  _PWM_setDigitalCompareFilterOffset               
0     000092cd  _PWM_setDigitalCompareBlankingPulse              
0     000092d9  _PWM_setDigitalCompareBEvent2                    
0     000092e9  _PWM_setDigitalCompareBEvent1                    
0     00009303  _PWM_setDigitalCompareAEvent2                    
0     00009313  _PWM_setDigitalCompareAEvent1                    
0     0000932d  _PWM_setDeadBandRisingEdgeDelay                  
0     00009330  _PWM_setDeadBandPolarity                         
0     00009337  _PWM_setDeadBandOutputMode                       
0     0000933e  _PWM_setDeadBandInputMode                        
0     00009345  _PWM_setDeadBandFallingEdgeDelay                 
0     00009348  _PWM_setCounterMode                              
0     0000934c  _PWM_setCount                                    
0     0000934e  _PWM_setClkDiv                                   
0     00009352  _PWM_setChoppingPulseWidth                       
0     00009359  _PWM_setChoppingDutyCycle                        
0     00009360  _PWM_setChoppingClkFreq                          
0     00009367  _PWM_setActionQual_Zero_PwmB                     
0     0000936e  _PWM_setActionQual_Zero_PwmA                     
0     00009375  _PWM_setActionQual_Period_PwmB                   
0     0000937e  _PWM_setActionQual_Period_PwmA                   
0     00009387  _PWM_setActionQual_CntUp_CmpB_PwmB               
0     00009390  _PWM_setActionQual_CntUp_CmpB_PwmA               
0     00009399  _PWM_setActionQual_CntUp_CmpA_PwmB               
0     000093a2  _PWM_setActionQual_CntUp_CmpA_PwmA               
0     000093ab  _PWM_setActionQual_CntDown_CmpB_PwmB             
0     000093b4  _PWM_setActionQual_CntDown_CmpB_PwmA             
0     000093bd  _PWM_setActionQual_CntDown_CmpA_PwmB             
0     000093c6  _PWM_setActionQual_CntDown_CmpA_PwmA             
0     000093cf  _PWM_setActionQualContSWForce_PwmB               
0     000093d8  _PWM_setActionQualContSWForce_PwmA               
0     000093df  _PWM_init                                        
0     000093e6  _PWM_incrementDeadBandRisingEdgeDelay            
0     000093e9  _PWM_incrementDeadBandFallingEdgeDelay           
0     000093ec  _PWM_getSocBCount                                
0     000093f1  _PWM_getSocACount                                
0     000093f6  _PWM_getShadowStatus_CmpB                        
0     000093fa  _PWM_getShadowStatus_CmpA                        
0     000093fe  _PWM_getIntCount                                 
0     00009402  _PWM_getDeadBandRisingEdgeDelay                  
0     00009405  _PWM_getDeadBandFallingEdgeDelay                 
0     00009408  _PWM_enableTripZoneSrc                           
0     0000940e  _PWM_enableTripZoneInt                           
0     00009414  _PWM_enableSocBPulse                             
0     00009418  _PWM_enableSocAPulse                             
0     0000941c  _PWM_enableInt                                   
0     00009420  _PWM_enableHrPhaseSync                           
0     00009427  _PWM_enableHrPeriod                              
0     0000942e  _PWM_enableDigitalCompareBlankingWindowInversion 
0     00009435  _PWM_enableDigitalCompareBlankingWindow          
0     0000943c  _PWM_enableDeadBandHalfCycle                     
0     00009440  _PWM_enableCounterLoad                           
0     00009443  _PWM_enableChopping                              
0     00009447  _PWM_enableAutoConvert                           
0     0000944e  _PWM_disableTripZones                            
0     00009454  _PWM_disableTripZoneSrc                          
0     0000945b  _PWM_disableTripZoneInt                          
0     00009462  _PWM_disableSocBPulse                            
0     00009466  _PWM_disableSocAPulse                            
0     0000946a  _PWM_disableInt                                  
0     0000946e  _PWM_disableHrPhaseSync                          
0     00009475  _PWM_disableHrPeriod                             
0     0000947c  _PWM_disableDigitalCompareBlankingWindowInversion
0     00009483  _PWM_disableDigitalCompareBlankingWindow         
0     0000948a  _PWM_disableDeadBandHalfCycle                    
0     0000948e  _PWM_disableDeadBand                             
0     00009491  _PWM_disableCounterLoad                          
0     00009494  _PWM_disableChopping                             
0     00009498  _PWM_disableAutoConvert                          
0     0000949f  _PWM_decrementDeadBandRisingEdgeDelay            
0     000094a2  _PWM_decrementDeadBandFallingEdgeDelay           
0     000094a5  _PWM_clearTripZone                               
0     000094ab  _ADC_setupSocTrigSrc                             
0     000094d6  _ADC_setVoltRefSrc                               
0     000094e7  _ADC_setTempSensorSrc                            
0     000094f8  _ADC_setSocTrigSrc                               
0     0000950c  _ADC_setSocSampleDelay                           
0     00009520  _ADC_setSocFrcWord                               
0     0000952a  _ADC_setSocFrc                                   
0     00009537  _ADC_setSocChanNumber                            
0     0000954b  _ADC_setSampleOverlapMode                        
0     0000955e  _ADC_setSampleMode                               
0     00009575  _ADC_setOffTrim                                  
0     0000957f  _ADC_setIntSrc                                   
0     000095a0  _ADC_setIntPulseGenMode                          
0     000095b1  _ADC_setIntMode                                  
0     000095d2  _ADC_setDivideSelect                             
0     000095e3  _ADC_reset                                       
0     000095ed  _ADC_powerUp                                     
0     000095f7  _ADC_powerDown                                   
0     00009601  _ADC_init                                        
0     0000960a  _ADC_getDivideSelect                             
0     00009614  _ADC_enableVoltRefLoConv                         
0     0000961e  _ADC_enableRefBuffers                            
0     00009628  _ADC_enableNoOverlapMode                         
0     00009632  _ADC_enableInt                                   
0     00009648  _ADC_enableBandGap                               
0     00009652  _ADC_enable                                      
0     0000965c  _ADC_disableVoltRefLoConv                        
0     00009666  _ADC_disableRefBuffers                           
0     00009670  _ADC_disableNoOverlapMode                        
0     0000967a  _ADC_disableInt                                  
0     00009691  _ADC_disableBandGap                              
0     0000969b  _ADC_disable                                     
0     000096a5  _GPIO_toggle                                     
0     000096b6  _GPIO_setQualificationPeriod                     
0     00009705  _GPIO_setQualification                           
0     0000974b  _GPIO_setPullup                                  
0     00009766  _GPIO_setPortData                                
0     00009771  _GPIO_setMode                                    
0     000097ad  _GPIO_setLow                                     
0     000097be  _GPIO_setHigh                                    
0     000097cf  _GPIO_setExtInt                                  
0     000097da  _GPIO_setDirection                               
0     000097f5  _GPIO_read                                       
0     00009815  _GPIO_lpmSelect                                  
0     0000981f  _GPIO_init                                       
0     00009826  _GPIO_getPortData                                
0     0000982d  _GPIO_getData                                    
0     0000983c  _CLK_setXClkInSrc                                
0     00009843  _CLK_setWatchDogSrc                              
0     0000984a  _CLK_setTimer2Src                                
0     00009851  _CLK_setTimer2PreScale                           
0     00009858  _CLK_setOscSrc                                   
0     0000985f  _CLK_setOsc2Src                                  
0     00009866  _CLK_setLowSpdPreScaler                          
0     0000986c  _CLK_setClkOutPreScaler                          
0     00009873  _CLK_init                                        
0     0000987a  _CLK_enableWatchDogHaltMode                      
0     00009880  _CLK_enableTbClockSync                           
0     00009887  _CLK_enableSpibClock                             
0     0000988e  _CLK_enableSpiaClock                             
0     00009895  _CLK_enableScibClock                             
0     0000989c  _CLK_enableSciaClock                             
0     000098a3  _CLK_enablePwmClock                              
0     000098ac  _CLK_enableOsc2HaltMode                          
0     000098b2  _CLK_enableOsc2                                  
0     000098b8  _CLK_enableOsc1HaltMode                          
0     000098be  _CLK_enableOsc1                                  
0     000098c4  _CLK_enableLinAClock                             
0     000098cb  _CLK_enableI2cClock                              
0     000098d2  _CLK_enableHrPwmClock                            
0     000098d9  _CLK_enableGpioInputClock                        
0     000098e0  _CLK_enableEqep2Clock                            
0     000098e7  _CLK_enableEqep1Clock                            
0     000098ee  _CLK_enableEcap1Clock                            
0     000098f5  _CLK_enableEcanaClock                            
0     000098fc  _CLK_enableCrystalOsc                            
0     00009902  _CLK_enableCpuTimerClock                         
0     00009908  _CLK_enableCompClock                             
0     0000990e  _CLK_enableClkIn                                 
0     00009914  _CLK_enableClaClock                              
0     0000991b  _CLK_enableAdcClock                              
0     00009922  _CLK_disableWatchDogHaltMode                     
0     00009928  _CLK_disableTbClockSync                          
0     0000992f  _CLK_disableSpibClock                            
0     00009933  _CLK_disableSpiaClock                            
0     0000993a  _CLK_disableScibClock                            
0     00009941  _CLK_disableSciaClock                            
0     00009948  _CLK_disablePwmClock                             
0     00009952  _CLK_disableOsc2HaltMode                         
0     00009958  _CLK_disableOsc2                                 
0     0000995e  _CLK_disableOsc1HaltMode                         
0     00009964  _CLK_disableOsc1                                 
0     0000996a  _CLK_disableLinAClock                            
0     00009971  _CLK_disableI2cClock                             
0     00009978  _CLK_disableHrPwmClock                           
0     0000997f  _CLK_disableGpioInputClock                       
0     00009986  _CLK_disableEqep2Clock                           
0     0000998d  _CLK_disableEqep1Clock                           
0     00009994  _CLK_disableEcap1Clock                           
0     0000999b  _CLK_disableEcanaClock                           
0     000099a2  _CLK_disableCrystalOsc                           
0     000099a8  _CLK_disableCpuTimerClock                        
0     000099af  _CLK_disableCompClock                            
0     000099b3  _CLK_disableClkIn                                
0     000099b9  _CLK_disableClaClock                             
0     000099c0  _CLK_disableAdcClock                             
0     000099c7  _PIE_unregisterSystemIntHandler                  
0     000099d4  _PIE_unregisterPieIntHandler                     
0     000099e7  _PIE_setExtIntPolarity                           
0     000099f8  _PIE_setDefaultIntVectorTable                    
0     00009a03  _PIE_registerSystemIntHandler                    
0     00009a0e  _PIE_registerPieIntHandler                       
0     00009a1f  _PIE_init                                        
0     00009a28  _PIE_getIntFlags                                 
0     00009a2f  _PIE_getIntEnables                               
0     00009a36  _PIE_getExtIntCount                              
0     00009a3e  _PIE_forceInt                                    
0     00009a47  _PIE_enableTimer0Int                             
0     00009a4a  _PIE_enablePwmTzInt                              
0     00009a4f  _PIE_enablePwmInt                                
0     00009a54  _PIE_enableInt                                   
0     00009a5d  _PIE_enableExtInt                                
0     00009a7a  _PIE_enableCaptureInt                            
0     00009a7e  _PIE_enableAdcInt                                
0     00009a9b  _PIE_enable                                      
0     00009a9e  _PIE_disableInt                                  
0     00009aa8  _PIE_disableExtInt                               
0     00009ab1  _PIE_disableCaptureInt                           
0     00009ab5  _PIE_disableAllInts                              
0     00009abc  _PIE_disable                                     
0     00009abf  _PIE_clearAllInts                                
0     00009ac2  _PIE_clearAllFlags                               
0     00009ac9  _mainISR                                         
0     00009bb1  _log                                             
0     00009c5e  _exp                                             
0     00009cfd  __log                                            
0     00009d8c  _pow                                             
0     00009e14  FD$$MPY                                          
0     00009e97  FS$$DIV                                          
0     00009f1a  FS$$SUB                                          
0     00009f1f  FS$$ADD                                          
0     00009f92  _PLL_setLockPeriod                               
0     00009f97  _PLL_setDivideSelect                             
0     00009f9e  _PLL_setClkFreq                                  
0     00009fa4  _PLL_resetClkDetect                              
0     00009faa  _PLL_init                                        
0     00009fb1  _PLL_getLockStatus                               
0     00009fb4  _PLL_getDivideSelect                             
0     00009fb7  _PLL_getClkStatus                                
0     00009fba  _PLL_getClkFreq                                  
0     00009fbe  _PLL_enableOsc                                   
0     00009fc4  _PLL_enableNormRdy                               
0     00009fca  _PLL_enableClkDetect                             
0     00009fd0  _PLL_enable                                      
0     00009fd6  _PLL_disableOsc                                  
0     00009fdc  _PLL_disableNormRdy                              
0     00009fe2  _PLL_disableClkDetect                            
0     00009fe8  _PLL_disable                                     
0     00009fee  FS$$MPY                                          
0     0000a048  _sqrt                                            
0     0000a099  _WDOG_setPreScaler                               
0     0000a0a3  _WDOG_setCount                                   
0     0000a0a5  _WDOG_init                                       
0     0000a0ac  _WDOG_getIntStatus                               
0     0000a0af  _WDOG_enableOverRide                             
0     0000a0b5  _WDOG_enableInt                                  
0     0000a0bb  _WDOG_enable                                     
0     0000a0c4  _WDOG_disableOverRide                            
0     0000a0ca  _WDOG_disableInt                                 
0     0000a0d0  _WDOG_disable                                    
0     0000a0d8  _WDOG_clearCounter                               
0     0000a0e0  _PWR_setNumStandByClocks                         
0     0000a0f1  _PWR_setLowPowerMode                             
0     0000a102  _PWR_init                                        
0     0000a10b  _PWR_enableWatchDogInt                           
0     0000a115  _PWR_enableBrownOutReset                         
0     0000a118  _PWR_disableWatchDogInt                          
0     0000a122  _PWR_disableBrownOutReset                        
0     0000a125  _c_int00                                         
0     0000a169  _ldexp                                           
0     0000a1aa  _modf                                            
0     0000a1dd  _TIMER_setPreScaler                              
0     0000a1eb  _TIMER_setEmulationMode                          
0     0000a1ef  _TIMER_setDecimationFactor                       
0     0000a1fd  _TIMER_init                                      
0     0000a204  _TIMER_getStatus                                 
0     0000a207  _TIMER_enableInt                                 
0     0000a20a  _TIMER_disableInt                                
0     0000a20d  _TIMER_clearFlag                                 
0     0000a210  _OSC_setTrim                                     
0     0000a219  _OSC_setFineTrim                                 
0     0000a22a  _OSC_setCoarseTrim                               
0     0000a237  _OSC_init                                        
0     0000a23e  FS$$TOL                                          
0     0000a267  _CPU_init                                        
0     0000a26b  _CPU_enableProtectedRegisterWrite                
0     0000a26e  _CPU_enableInt                                   
0     0000a272  _CPU_enableGlobalInts                            
0     0000a275  _CPU_enableDebugInt                              
0     0000a278  _CPU_disableProtectedRegisterWrite               
0     0000a27b  _CPU_disableInts                                 
0     0000a27e  _CPU_disableInt                                  
0     0000a283  _CPU_disableGlobalInts                           
0     0000a286  _CPU_disableDebugInt                             
0     0000a289  _CPU_clearIntFlags                               
0     0000a28c  FS$$TOI                                          
0     0000a2b1  I$$DIV                                           
0     0000a2c2  I$$MOD                                           
0     0000a2d3  _FLASH_init                                      
0     0000a2da  _FLASH_getStandbyWaitStatus                      
0     0000a2de  _FLASH_getStandbyWaitCount                       
0     0000a2e1  _FLASH_getPowerMode                              
0     0000a2e4  _FLASH_getActiveWaitStatus                       
0     0000a2e8  _FLASH_getActiveWaitCount                        
0     0000a2eb  _FLASH_get3VStatus                               
0     0000a2ee  _FLASH_clear3VStatus                             
0     0000a2f4  FS$$TOUL                                         
0     0000a315  FD$$TOL                                          
0     0000a334  FS$$TOU                                          
0     0000a351  FS$$TOFD                                         
0     0000a36d  I$$TOFS                                          
0     0000a387  L$$TOFS                                          
0     0000a3a1  __args_main                                      
0     0000a3ba  C$$EXIT                                          
0     0000a3ba  _abort                                           
0     0000a3bc  _exit                                            
0     0000a3d3  FS$$CMP                                          
0     0000a3ea  _frexp                                           
0     0000a3fe  UL$$TOFS                                         
0     0000a411  U$$TOFS                                          
0     0000a421  __register_unlock                                
0     0000a425  __register_lock                                  
0     0000a429  __nop                                            
0     0000a432  _PIE_illegalIsr                                  
0     0000a437  FS$$NEG                                          
0     0000a43c  ___TI_cleanup_ptr                                
0     0000a43c  ___etext__                                       
0     0000a43c  etext                                            
0     0000a43e  ___TI_dtors_ptr                                  
0     0000a440  _gCounter_updateGlobals                          
0     0000a441  _gLEDcnt                                         
0     0000a442  _Flag_Latch_softwareUpdate                       
0     0000a444  _gMaxCurrentSlope                                
0     0000a446  _controller_obj                                  
0     0000a448  _halHandle                                       
0     0000a44a  _ctrlHandle                                      
0     0000a44c  _gPwmData                                        
0     0000a452  _gAdcData                                        
0     0000a480  _gMotorVars                                      
0     0000a500  _gUserParams                                     
0     0000a5ac  __lock                                           
0     0000a5ae  __unlock                                         
0     0000a5b0  _cpu                                             
0     0000a5b1  _errno                                           
0     0000a5c0  _hal                                             
0     0000a670  __IQ30toF                                        
1     00000400  __stack                                          
1     000007b0  __STACK_END                                      
abs   00000036  _RamfuncsLoadSize                                
abs   000003b0  __STACK_SIZE                                     
abs   003f861b  _EST_getState                                    
abs   003f8679  _EST_isMotorIdentified                           
abs   003f86ad  _EST_computeDirection_qFmt                       
abs   003f8adb  _EST_setMaxCurrentSlope_pu                       
abs   003f8ae7  _EST_setLs_q_pu                                  
abs   003f8af1  _EST_setLs_qFmt                                  
abs   003f8b45  _EST_setLs_d_pu                                  
abs   003f8bdb  _EST_setFlag_enableForceAngle                    
abs   003f8be4  _EST_setFe_pos_min_pu                            
abs   003f8be8  _EST_setFe_neg_max_pu                            
abs   003f8bf5  _EST_setDir_qFmt                                 
abs   003f9453  _EST_get_pu_to_krpm_sf                           
abs   003f94c6  _EST_getSpeed_krpm                               
abs   003f9513  _EST_getRs_Ohm                                   
abs   003f95ad  _EST_getRr_Ohm                                   
abs   003f95bd  _EST_getMaxCurrentSlope_pu                       
abs   003f95c9  _EST_getLs_q_pu                                  
abs   003f95ce  _EST_getLs_q_H                                   
abs   003f95f0  _EST_getLs_d_pu                                  
abs   003f95f5  _EST_getLs_d_H                                   
abs   003f95ff  _EST_getLs_coarse_max_pu                         
abs   003f9632  _EST_getIdRated                                  
abs   003f96ab  _EST_getFlux_pu                                  
abs   003f96be  _EST_getFlux_VpHz                                
abs   003fa6fb  _CTRL_initCtrl                                   
abs   003fa721  _CTRL_getVersion                                 
abs   003fa72b  _CTRL_updateState                                
abs   003fa80c  _CTRL_setup                                      
abs   003fa82b  _CTRL_setSpd_ref_krpm                            
abs   003fa83e  _CTRL_setGains                                   
abs   003fa866  _CTRL_setParams                                  
abs   003faab6  _CTRL_run                                        
abs   003fb4bb  _OFFSET_setOffset                                
abs   003fb4bd  _OFFSET_setInitCond                              
abs   003fb4c6  _OFFSET_setBeta                                  
abs   003fb4dc  _OFFSET_init                                     
abs   ffffffff  ___binit__                                       
abs   ffffffff  ___c_args__                                      
abs   ffffffff  ___pinit__                                       
abs   ffffffff  binit                                            
abs   ffffffff  pinit                                            

[470 symbols]
