<?xml version="1.0"?>
<link_info>
   <banner>TMS320C2000 Linker PC v6.4.9</banner>
   <copyright>Copyright (c) 1996-2015 Texas Instruments Incorporated</copyright>
   <link_time>0x565ea74f</link_time>
   <link_errors>0x0</link_errors>
   <output_file>proj_lab02a.out</output_file>
   <entry_point>
      <name>_c_int00</name>
      <address>0xa125</address>
   </entry_point>
   <input_file_list>
      <input_file id="fl-5">
         <path>.\</path>
         <kind>object</kind>
         <file>CodeStartBranch.obj</file>
         <name>CodeStartBranch.obj</name>
      </input_file>
      <input_file id="fl-6">
         <path>.\</path>
         <kind>object</kind>
         <file>adc.obj</file>
         <name>adc.obj</name>
      </input_file>
      <input_file id="fl-7">
         <path>.\</path>
         <kind>object</kind>
         <file>clk.obj</file>
         <name>clk.obj</name>
      </input_file>
      <input_file id="fl-8">
         <path>.\</path>
         <kind>object</kind>
         <file>cpu.obj</file>
         <name>cpu.obj</name>
      </input_file>
      <input_file id="fl-9">
         <path>.\</path>
         <kind>object</kind>
         <file>flash.obj</file>
         <name>flash.obj</name>
      </input_file>
      <input_file id="fl-a">
         <path>.\</path>
         <kind>object</kind>
         <file>gpio.obj</file>
         <name>gpio.obj</name>
      </input_file>
      <input_file id="fl-b">
         <path>.\</path>
         <kind>object</kind>
         <file>hal.obj</file>
         <name>hal.obj</name>
      </input_file>
      <input_file id="fl-c">
         <path>.\</path>
         <kind>object</kind>
         <file>osc.obj</file>
         <name>osc.obj</name>
      </input_file>
      <input_file id="fl-d">
         <path>.\</path>
         <kind>object</kind>
         <file>pie.obj</file>
         <name>pie.obj</name>
      </input_file>
      <input_file id="fl-e">
         <path>.\</path>
         <kind>object</kind>
         <file>pll.obj</file>
         <name>pll.obj</name>
      </input_file>
      <input_file id="fl-f">
         <path>.\</path>
         <kind>object</kind>
         <file>proj_lab02a.obj</file>
         <name>proj_lab02a.obj</name>
      </input_file>
      <input_file id="fl-10">
         <path>.\</path>
         <kind>object</kind>
         <file>pwm.obj</file>
         <name>pwm.obj</name>
      </input_file>
      <input_file id="fl-11">
         <path>.\</path>
         <kind>object</kind>
         <file>pwr.obj</file>
         <name>pwr.obj</name>
      </input_file>
      <input_file id="fl-12">
         <path>.\</path>
         <kind>object</kind>
         <file>timer.obj</file>
         <name>timer.obj</name>
      </input_file>
      <input_file id="fl-13">
         <path>.\</path>
         <kind>object</kind>
         <file>usDelay.obj</file>
         <name>usDelay.obj</name>
      </input_file>
      <input_file id="fl-14">
         <path>.\</path>
         <kind>object</kind>
         <file>user.obj</file>
         <name>user.obj</name>
      </input_file>
      <input_file id="fl-15">
         <path>.\</path>
         <kind>object</kind>
         <file>wdog.obj</file>
         <name>wdog.obj</name>
      </input_file>
      <input_file id="fl-19">
         <path>C:\ti\ccsv6\tools\compiler\ti-cgt-c2000_6.4.9\lib\</path>
         <kind>archive</kind>
         <file>rts2800_ml.lib</file>
         <name>fd_mpy.obj</name>
      </input_file>
      <input_file id="fl-1a">
         <path>C:\ti\ccsv6\tools\compiler\ti-cgt-c2000_6.4.9\lib\</path>
         <kind>archive</kind>
         <file>rts2800_ml.lib</file>
         <name>fd_tol.obj</name>
      </input_file>
      <input_file id="fl-1b">
         <path>C:\ti\ccsv6\tools\compiler\ti-cgt-c2000_6.4.9\lib\</path>
         <kind>archive</kind>
         <file>rts2800_ml.lib</file>
         <name>fs_add.obj</name>
      </input_file>
      <input_file id="fl-1c">
         <path>C:\ti\ccsv6\tools\compiler\ti-cgt-c2000_6.4.9\lib\</path>
         <kind>archive</kind>
         <file>rts2800_ml.lib</file>
         <name>fs_cmp.obj</name>
      </input_file>
      <input_file id="fl-1d">
         <path>C:\ti\ccsv6\tools\compiler\ti-cgt-c2000_6.4.9\lib\</path>
         <kind>archive</kind>
         <file>rts2800_ml.lib</file>
         <name>fs_div.obj</name>
      </input_file>
      <input_file id="fl-1e">
         <path>C:\ti\ccsv6\tools\compiler\ti-cgt-c2000_6.4.9\lib\</path>
         <kind>archive</kind>
         <file>rts2800_ml.lib</file>
         <name>fs_mpy.obj</name>
      </input_file>
      <input_file id="fl-1f">
         <path>C:\ti\ccsv6\tools\compiler\ti-cgt-c2000_6.4.9\lib\</path>
         <kind>archive</kind>
         <file>rts2800_ml.lib</file>
         <name>fs_neg.obj</name>
      </input_file>
      <input_file id="fl-20">
         <path>C:\ti\ccsv6\tools\compiler\ti-cgt-c2000_6.4.9\lib\</path>
         <kind>archive</kind>
         <file>rts2800_ml.lib</file>
         <name>fs_tofd.obj</name>
      </input_file>
      <input_file id="fl-21">
         <path>C:\ti\ccsv6\tools\compiler\ti-cgt-c2000_6.4.9\lib\</path>
         <kind>archive</kind>
         <file>rts2800_ml.lib</file>
         <name>fs_toi.obj</name>
      </input_file>
      <input_file id="fl-22">
         <path>C:\ti\ccsv6\tools\compiler\ti-cgt-c2000_6.4.9\lib\</path>
         <kind>archive</kind>
         <file>rts2800_ml.lib</file>
         <name>fs_tou.obj</name>
      </input_file>
      <input_file id="fl-23">
         <path>C:\ti\ccsv6\tools\compiler\ti-cgt-c2000_6.4.9\lib\</path>
         <kind>archive</kind>
         <file>rts2800_ml.lib</file>
         <name>fs_toul.obj</name>
      </input_file>
      <input_file id="fl-24">
         <path>C:\ti\ccsv6\tools\compiler\ti-cgt-c2000_6.4.9\lib\</path>
         <kind>archive</kind>
         <file>rts2800_ml.lib</file>
         <name>i_tofs.obj</name>
      </input_file>
      <input_file id="fl-25">
         <path>C:\ti\ccsv6\tools\compiler\ti-cgt-c2000_6.4.9\lib\</path>
         <kind>archive</kind>
         <file>rts2800_ml.lib</file>
         <name>u_tofs.obj</name>
      </input_file>
      <input_file id="fl-26">
         <path>C:\ti\ccsv6\tools\compiler\ti-cgt-c2000_6.4.9\lib\</path>
         <kind>archive</kind>
         <file>rts2800_ml.lib</file>
         <name>ul_tofs.obj</name>
      </input_file>
      <input_file id="fl-27">
         <path>C:\ti\motorware\motorware_1_01_00_15\sw\modules\fast\lib\32b\f28x\f2806x\</path>
         <kind>archive</kind>
         <file>2806xRevB_FastSpinROMSymbols.lib</file>
         <name>TMS320x2806x_REVB_boot_rom_out__CTRL_getVersion_tmp.obj</name>
      </input_file>
      <input_file id="fl-28">
         <path>C:\ti\motorware\motorware_1_01_00_15\sw\modules\fast\lib\32b\f28x\f2806x\</path>
         <kind>archive</kind>
         <file>2806xRevB_FastSpinROMSymbols.lib</file>
         <name>TMS320x2806x_REVB_boot_rom_out__CTRL_initCtrl_tmp.obj</name>
      </input_file>
      <input_file id="fl-29">
         <path>C:\ti\motorware\motorware_1_01_00_15\sw\modules\fast\lib\32b\f28x\f2806x\</path>
         <kind>archive</kind>
         <file>2806xRevB_FastSpinROMSymbols.lib</file>
         <name>TMS320x2806x_REVB_boot_rom_out__CTRL_run_tmp.obj</name>
      </input_file>
      <input_file id="fl-2a">
         <path>C:\ti\motorware\motorware_1_01_00_15\sw\modules\fast\lib\32b\f28x\f2806x\</path>
         <kind>archive</kind>
         <file>2806xRevB_FastSpinROMSymbols.lib</file>
         <name>TMS320x2806x_REVB_boot_rom_out__CTRL_setGains_tmp.obj</name>
      </input_file>
      <input_file id="fl-2b">
         <path>C:\ti\motorware\motorware_1_01_00_15\sw\modules\fast\lib\32b\f28x\f2806x\</path>
         <kind>archive</kind>
         <file>2806xRevB_FastSpinROMSymbols.lib</file>
         <name>TMS320x2806x_REVB_boot_rom_out__CTRL_setParams_tmp.obj</name>
      </input_file>
      <input_file id="fl-2c">
         <path>C:\ti\motorware\motorware_1_01_00_15\sw\modules\fast\lib\32b\f28x\f2806x\</path>
         <kind>archive</kind>
         <file>2806xRevB_FastSpinROMSymbols.lib</file>
         <name>TMS320x2806x_REVB_boot_rom_out__CTRL_setSpd_ref_krpm_tmp.obj</name>
      </input_file>
      <input_file id="fl-2d">
         <path>C:\ti\motorware\motorware_1_01_00_15\sw\modules\fast\lib\32b\f28x\f2806x\</path>
         <kind>archive</kind>
         <file>2806xRevB_FastSpinROMSymbols.lib</file>
         <name>TMS320x2806x_REVB_boot_rom_out__CTRL_setup_tmp.obj</name>
      </input_file>
      <input_file id="fl-2e">
         <path>C:\ti\motorware\motorware_1_01_00_15\sw\modules\fast\lib\32b\f28x\f2806x\</path>
         <kind>archive</kind>
         <file>2806xRevB_FastSpinROMSymbols.lib</file>
         <name>TMS320x2806x_REVB_boot_rom_out__CTRL_updateState_tmp.obj</name>
      </input_file>
      <input_file id="fl-2f">
         <path>C:\ti\motorware\motorware_1_01_00_15\sw\modules\fast\lib\32b\f28x\f2806x\</path>
         <kind>archive</kind>
         <file>2806xRevB_FastSpinROMSymbols.lib</file>
         <name>TMS320x2806x_REVB_boot_rom_out__EST_computeDirection_qFmt_tmp.obj</name>
      </input_file>
      <input_file id="fl-30">
         <path>C:\ti\motorware\motorware_1_01_00_15\sw\modules\fast\lib\32b\f28x\f2806x\</path>
         <kind>archive</kind>
         <file>2806xRevB_FastSpinROMSymbols.lib</file>
         <name>TMS320x2806x_REVB_boot_rom_out__EST_getFlux_VpHz_tmp.obj</name>
      </input_file>
      <input_file id="fl-31">
         <path>C:\ti\motorware\motorware_1_01_00_15\sw\modules\fast\lib\32b\f28x\f2806x\</path>
         <kind>archive</kind>
         <file>2806xRevB_FastSpinROMSymbols.lib</file>
         <name>TMS320x2806x_REVB_boot_rom_out__EST_getFlux_pu_tmp.obj</name>
      </input_file>
      <input_file id="fl-32">
         <path>C:\ti\motorware\motorware_1_01_00_15\sw\modules\fast\lib\32b\f28x\f2806x\</path>
         <kind>archive</kind>
         <file>2806xRevB_FastSpinROMSymbols.lib</file>
         <name>TMS320x2806x_REVB_boot_rom_out__EST_getIdRated_tmp.obj</name>
      </input_file>
      <input_file id="fl-33">
         <path>C:\ti\motorware\motorware_1_01_00_15\sw\modules\fast\lib\32b\f28x\f2806x\</path>
         <kind>archive</kind>
         <file>2806xRevB_FastSpinROMSymbols.lib</file>
         <name>TMS320x2806x_REVB_boot_rom_out__EST_getLs_coarse_max_pu_tmp.obj</name>
      </input_file>
      <input_file id="fl-34">
         <path>C:\ti\motorware\motorware_1_01_00_15\sw\modules\fast\lib\32b\f28x\f2806x\</path>
         <kind>archive</kind>
         <file>2806xRevB_FastSpinROMSymbols.lib</file>
         <name>TMS320x2806x_REVB_boot_rom_out__EST_getLs_d_H_tmp.obj</name>
      </input_file>
      <input_file id="fl-35">
         <path>C:\ti\motorware\motorware_1_01_00_15\sw\modules\fast\lib\32b\f28x\f2806x\</path>
         <kind>archive</kind>
         <file>2806xRevB_FastSpinROMSymbols.lib</file>
         <name>TMS320x2806x_REVB_boot_rom_out__EST_getLs_d_pu_tmp.obj</name>
      </input_file>
      <input_file id="fl-36">
         <path>C:\ti\motorware\motorware_1_01_00_15\sw\modules\fast\lib\32b\f28x\f2806x\</path>
         <kind>archive</kind>
         <file>2806xRevB_FastSpinROMSymbols.lib</file>
         <name>TMS320x2806x_REVB_boot_rom_out__EST_getLs_q_H_tmp.obj</name>
      </input_file>
      <input_file id="fl-37">
         <path>C:\ti\motorware\motorware_1_01_00_15\sw\modules\fast\lib\32b\f28x\f2806x\</path>
         <kind>archive</kind>
         <file>2806xRevB_FastSpinROMSymbols.lib</file>
         <name>TMS320x2806x_REVB_boot_rom_out__EST_getLs_q_pu_tmp.obj</name>
      </input_file>
      <input_file id="fl-38">
         <path>C:\ti\motorware\motorware_1_01_00_15\sw\modules\fast\lib\32b\f28x\f2806x\</path>
         <kind>archive</kind>
         <file>2806xRevB_FastSpinROMSymbols.lib</file>
         <name>TMS320x2806x_REVB_boot_rom_out__EST_getMaxCurrentSlope_pu_tmp.obj</name>
      </input_file>
      <input_file id="fl-39">
         <path>C:\ti\motorware\motorware_1_01_00_15\sw\modules\fast\lib\32b\f28x\f2806x\</path>
         <kind>archive</kind>
         <file>2806xRevB_FastSpinROMSymbols.lib</file>
         <name>TMS320x2806x_REVB_boot_rom_out__EST_getRr_Ohm_tmp.obj</name>
      </input_file>
      <input_file id="fl-3a">
         <path>C:\ti\motorware\motorware_1_01_00_15\sw\modules\fast\lib\32b\f28x\f2806x\</path>
         <kind>archive</kind>
         <file>2806xRevB_FastSpinROMSymbols.lib</file>
         <name>TMS320x2806x_REVB_boot_rom_out__EST_getRs_Ohm_tmp.obj</name>
      </input_file>
      <input_file id="fl-3b">
         <path>C:\ti\motorware\motorware_1_01_00_15\sw\modules\fast\lib\32b\f28x\f2806x\</path>
         <kind>archive</kind>
         <file>2806xRevB_FastSpinROMSymbols.lib</file>
         <name>TMS320x2806x_REVB_boot_rom_out__EST_getSpeed_krpm_tmp.obj</name>
      </input_file>
      <input_file id="fl-3c">
         <path>C:\ti\motorware\motorware_1_01_00_15\sw\modules\fast\lib\32b\f28x\f2806x\</path>
         <kind>archive</kind>
         <file>2806xRevB_FastSpinROMSymbols.lib</file>
         <name>TMS320x2806x_REVB_boot_rom_out__EST_getState_tmp.obj</name>
      </input_file>
      <input_file id="fl-3d">
         <path>C:\ti\motorware\motorware_1_01_00_15\sw\modules\fast\lib\32b\f28x\f2806x\</path>
         <kind>archive</kind>
         <file>2806xRevB_FastSpinROMSymbols.lib</file>
         <name>TMS320x2806x_REVB_boot_rom_out__EST_get_pu_to_krpm_sf_tmp.obj</name>
      </input_file>
      <input_file id="fl-3e">
         <path>C:\ti\motorware\motorware_1_01_00_15\sw\modules\fast\lib\32b\f28x\f2806x\</path>
         <kind>archive</kind>
         <file>2806xRevB_FastSpinROMSymbols.lib</file>
         <name>TMS320x2806x_REVB_boot_rom_out__EST_isMotorIdentified_tmp.obj</name>
      </input_file>
      <input_file id="fl-3f">
         <path>C:\ti\motorware\motorware_1_01_00_15\sw\modules\fast\lib\32b\f28x\f2806x\</path>
         <kind>archive</kind>
         <file>2806xRevB_FastSpinROMSymbols.lib</file>
         <name>TMS320x2806x_REVB_boot_rom_out__EST_setDir_qFmt_tmp.obj</name>
      </input_file>
      <input_file id="fl-40">
         <path>C:\ti\motorware\motorware_1_01_00_15\sw\modules\fast\lib\32b\f28x\f2806x\</path>
         <kind>archive</kind>
         <file>2806xRevB_FastSpinROMSymbols.lib</file>
         <name>TMS320x2806x_REVB_boot_rom_out__EST_setFe_neg_max_pu_tmp.obj</name>
      </input_file>
      <input_file id="fl-41">
         <path>C:\ti\motorware\motorware_1_01_00_15\sw\modules\fast\lib\32b\f28x\f2806x\</path>
         <kind>archive</kind>
         <file>2806xRevB_FastSpinROMSymbols.lib</file>
         <name>TMS320x2806x_REVB_boot_rom_out__EST_setFe_pos_min_pu_tmp.obj</name>
      </input_file>
      <input_file id="fl-42">
         <path>C:\ti\motorware\motorware_1_01_00_15\sw\modules\fast\lib\32b\f28x\f2806x\</path>
         <kind>archive</kind>
         <file>2806xRevB_FastSpinROMSymbols.lib</file>
         <name>TMS320x2806x_REVB_boot_rom_out__EST_setFlag_enableForceAngle_tmp.obj</name>
      </input_file>
      <input_file id="fl-43">
         <path>C:\ti\motorware\motorware_1_01_00_15\sw\modules\fast\lib\32b\f28x\f2806x\</path>
         <kind>archive</kind>
         <file>2806xRevB_FastSpinROMSymbols.lib</file>
         <name>TMS320x2806x_REVB_boot_rom_out__EST_setLs_d_pu_tmp.obj</name>
      </input_file>
      <input_file id="fl-44">
         <path>C:\ti\motorware\motorware_1_01_00_15\sw\modules\fast\lib\32b\f28x\f2806x\</path>
         <kind>archive</kind>
         <file>2806xRevB_FastSpinROMSymbols.lib</file>
         <name>TMS320x2806x_REVB_boot_rom_out__EST_setLs_qFmt_tmp.obj</name>
      </input_file>
      <input_file id="fl-45">
         <path>C:\ti\motorware\motorware_1_01_00_15\sw\modules\fast\lib\32b\f28x\f2806x\</path>
         <kind>archive</kind>
         <file>2806xRevB_FastSpinROMSymbols.lib</file>
         <name>TMS320x2806x_REVB_boot_rom_out__EST_setLs_q_pu_tmp.obj</name>
      </input_file>
      <input_file id="fl-46">
         <path>C:\ti\motorware\motorware_1_01_00_15\sw\modules\fast\lib\32b\f28x\f2806x\</path>
         <kind>archive</kind>
         <file>2806xRevB_FastSpinROMSymbols.lib</file>
         <name>TMS320x2806x_REVB_boot_rom_out__EST_setMaxCurrentSlope_pu_tmp.obj</name>
      </input_file>
      <input_file id="fl-47">
         <path>C:\ti\motorware\motorware_1_01_00_15\sw\modules\fast\lib\32b\f28x\f2806x\</path>
         <kind>archive</kind>
         <file>2806xRevB_FastSpinROMSymbols.lib</file>
         <name>TMS320x2806x_REVB_boot_rom_out__OFFSET_init_tmp.obj</name>
      </input_file>
      <input_file id="fl-48">
         <path>C:\ti\motorware\motorware_1_01_00_15\sw\modules\fast\lib\32b\f28x\f2806x\</path>
         <kind>archive</kind>
         <file>2806xRevB_FastSpinROMSymbols.lib</file>
         <name>TMS320x2806x_REVB_boot_rom_out__OFFSET_setBeta_tmp.obj</name>
      </input_file>
      <input_file id="fl-49">
         <path>C:\ti\motorware\motorware_1_01_00_15\sw\modules\fast\lib\32b\f28x\f2806x\</path>
         <kind>archive</kind>
         <file>2806xRevB_FastSpinROMSymbols.lib</file>
         <name>TMS320x2806x_REVB_boot_rom_out__OFFSET_setInitCond_tmp.obj</name>
      </input_file>
      <input_file id="fl-4a">
         <path>C:\ti\motorware\motorware_1_01_00_15\sw\modules\fast\lib\32b\f28x\f2806x\</path>
         <kind>archive</kind>
         <file>2806xRevB_FastSpinROMSymbols.lib</file>
         <name>TMS320x2806x_REVB_boot_rom_out__OFFSET_setOffset_tmp.obj</name>
      </input_file>
      <input_file id="fl-4b">
         <path>C:\ti\motorware\motorware_1_01_00_15\sw\modules\iqmath\lib\f28x\32b\</path>
         <kind>archive</kind>
         <file>IQmath.lib</file>
         <name>IQ30toF.obj</name>
      </input_file>
      <input_file id="fl-4c">
         <path>C:\ti\ccsv6\tools\compiler\ti-cgt-c2000_6.4.9\lib\</path>
         <kind>archive</kind>
         <file>rts2800_ml.lib</file>
         <name>boot.obj</name>
      </input_file>
      <input_file id="fl-4d">
         <path>C:\ti\ccsv6\tools\compiler\ti-cgt-c2000_6.4.9\lib\</path>
         <kind>archive</kind>
         <file>rts2800_ml.lib</file>
         <name>args_main.obj</name>
      </input_file>
      <input_file id="fl-4e">
         <path>C:\ti\ccsv6\tools\compiler\ti-cgt-c2000_6.4.9\lib\</path>
         <kind>archive</kind>
         <file>rts2800_ml.lib</file>
         <name>exit.obj</name>
      </input_file>
      <input_file id="fl-4f">
         <path>C:\ti\ccsv6\tools\compiler\ti-cgt-c2000_6.4.9\lib\</path>
         <kind>archive</kind>
         <file>rts2800_ml.lib</file>
         <name>_lock.obj</name>
      </input_file>
      <input_file id="fl-50">
         <path>C:\ti\ccsv6\tools\compiler\ti-cgt-c2000_6.4.9\lib\</path>
         <kind>archive</kind>
         <file>rts2800_ml.lib</file>
         <name>log.obj</name>
      </input_file>
      <input_file id="fl-51">
         <path>C:\ti\ccsv6\tools\compiler\ti-cgt-c2000_6.4.9\lib\</path>
         <kind>archive</kind>
         <file>rts2800_ml.lib</file>
         <name>errno.obj</name>
      </input_file>
      <input_file id="fl-52">
         <path>C:\ti\ccsv6\tools\compiler\ti-cgt-c2000_6.4.9\lib\</path>
         <kind>archive</kind>
         <file>rts2800_ml.lib</file>
         <name>frexp.obj</name>
      </input_file>
      <input_file id="fl-53">
         <path>C:\ti\ccsv6\tools\compiler\ti-cgt-c2000_6.4.9\lib\</path>
         <kind>archive</kind>
         <file>rts2800_ml.lib</file>
         <name>modf.obj</name>
      </input_file>
      <input_file id="fl-54">
         <path>C:\ti\ccsv6\tools\compiler\ti-cgt-c2000_6.4.9\lib\</path>
         <kind>archive</kind>
         <file>rts2800_ml.lib</file>
         <name>fs_tol.obj</name>
      </input_file>
      <input_file id="fl-55">
         <path>C:\ti\ccsv6\tools\compiler\ti-cgt-c2000_6.4.9\lib\</path>
         <kind>archive</kind>
         <file>rts2800_ml.lib</file>
         <name>l_tofs.obj</name>
      </input_file>
      <input_file id="fl-56">
         <path>C:\ti\ccsv6\tools\compiler\ti-cgt-c2000_6.4.9\lib\</path>
         <kind>archive</kind>
         <file>rts2800_ml.lib</file>
         <name>pow.obj</name>
      </input_file>
      <input_file id="fl-57">
         <path>C:\ti\ccsv6\tools\compiler\ti-cgt-c2000_6.4.9\lib\</path>
         <kind>archive</kind>
         <file>rts2800_ml.lib</file>
         <name>i_div.obj</name>
      </input_file>
      <input_file id="fl-58">
         <path>C:\ti\ccsv6\tools\compiler\ti-cgt-c2000_6.4.9\lib\</path>
         <kind>archive</kind>
         <file>rts2800_ml.lib</file>
         <name>_log.obj</name>
      </input_file>
      <input_file id="fl-59">
         <path>C:\ti\ccsv6\tools\compiler\ti-cgt-c2000_6.4.9\lib\</path>
         <kind>archive</kind>
         <file>rts2800_ml.lib</file>
         <name>exp.obj</name>
      </input_file>
      <input_file id="fl-5a">
         <path>C:\ti\ccsv6\tools\compiler\ti-cgt-c2000_6.4.9\lib\</path>
         <kind>archive</kind>
         <file>rts2800_ml.lib</file>
         <name>ldexp.obj</name>
      </input_file>
      <input_file id="fl-5b">
         <path>C:\ti\ccsv6\tools\compiler\ti-cgt-c2000_6.4.9\lib\</path>
         <kind>archive</kind>
         <file>rts2800_ml.lib</file>
         <name>sqrt.obj</name>
      </input_file>
   </input_file_list>
   <object_component_list>
      <object_component id="oc-15">
         <name>codestart</name>
         <load_address>0x0</load_address>
         <run_address>0x0</run_address>
         <size>0x2</size>
         <input_file_ref idref="fl-5"/>
      </object_component>
      <object_component id="oc-11b">
         <name>ramfuncs</name>
         <load_address>0xef</load_address>
         <run_address>0xef</run_address>
         <size>0x32</size>
         <input_file_ref idref="fl-9"/>
      </object_component>
      <object_component id="oc-63">
         <name>ramfuncs</name>
         <load_address>0x121</load_address>
         <run_address>0x121</run_address>
         <size>0x4</size>
         <input_file_ref idref="fl-13"/>
      </object_component>
      <object_component id="oc-112">
         <name>.text</name>
         <load_address>0x8000</load_address>
         <run_address>0x8000</run_address>
         <size>0x9c6</size>
         <input_file_ref idref="fl-b"/>
      </object_component>
      <object_component id="oc-113">
         <name>.text</name>
         <load_address>0x89c6</load_address>
         <run_address>0x89c6</run_address>
         <size>0x4ca</size>
         <input_file_ref idref="fl-14"/>
      </object_component>
      <object_component id="oc-10f">
         <name>.text</name>
         <load_address>0x8e90</load_address>
         <run_address>0x8e90</run_address>
         <size>0x324</size>
         <input_file_ref idref="fl-f"/>
      </object_component>
      <object_component id="oc-117">
         <name>.text</name>
         <load_address>0x91b4</load_address>
         <run_address>0x91b4</run_address>
         <size>0x2f7</size>
         <input_file_ref idref="fl-10"/>
      </object_component>
      <object_component id="oc-11c">
         <name>.text</name>
         <load_address>0x94ab</load_address>
         <run_address>0x94ab</run_address>
         <size>0x1fa</size>
         <input_file_ref idref="fl-6"/>
      </object_component>
      <object_component id="oc-10e">
         <name>.text</name>
         <load_address>0x96a5</load_address>
         <run_address>0x96a5</run_address>
         <size>0x197</size>
         <input_file_ref idref="fl-a"/>
      </object_component>
      <object_component id="oc-118">
         <name>.text</name>
         <load_address>0x983c</load_address>
         <run_address>0x983c</run_address>
         <size>0x18b</size>
         <input_file_ref idref="fl-7"/>
      </object_component>
      <object_component id="oc-11a">
         <name>.text</name>
         <load_address>0x99c7</load_address>
         <run_address>0x99c7</run_address>
         <size>0x102</size>
         <input_file_ref idref="fl-d"/>
      </object_component>
      <object_component id="oc-4f">
         <name>.text:retain</name>
         <load_address>0x9ac9</load_address>
         <run_address>0x9ac9</run_address>
         <size>0xe8</size>
         <input_file_ref idref="fl-f"/>
      </object_component>
      <object_component id="oc-122">
         <name>.text</name>
         <load_address>0x9bb1</load_address>
         <run_address>0x9bb1</run_address>
         <size>0xad</size>
         <input_file_ref idref="fl-50"/>
      </object_component>
      <object_component id="oc-129">
         <name>.text</name>
         <load_address>0x9c5e</load_address>
         <run_address>0x9c5e</run_address>
         <size>0x9f</size>
         <input_file_ref idref="fl-59"/>
      </object_component>
      <object_component id="oc-128">
         <name>.text</name>
         <load_address>0x9cfd</load_address>
         <run_address>0x9cfd</run_address>
         <size>0x8f</size>
         <input_file_ref idref="fl-58"/>
      </object_component>
      <object_component id="oc-124">
         <name>.text</name>
         <load_address>0x9d8c</load_address>
         <run_address>0x9d8c</run_address>
         <size>0x88</size>
         <input_file_ref idref="fl-56"/>
      </object_component>
      <object_component id="oc-73">
         <name>.text</name>
         <load_address>0x9e14</load_address>
         <run_address>0x9e14</run_address>
         <size>0x83</size>
         <input_file_ref idref="fl-19"/>
      </object_component>
      <object_component id="oc-87">
         <name>.text</name>
         <load_address>0x9e97</load_address>
         <run_address>0x9e97</run_address>
         <size>0x83</size>
         <input_file_ref idref="fl-1d"/>
      </object_component>
      <object_component id="oc-7d">
         <name>.text</name>
         <load_address>0x9f1a</load_address>
         <run_address>0x9f1a</run_address>
         <size>0x78</size>
         <input_file_ref idref="fl-1b"/>
      </object_component>
      <object_component id="oc-119">
         <name>.text</name>
         <load_address>0x9f92</load_address>
         <run_address>0x9f92</run_address>
         <size>0x5c</size>
         <input_file_ref idref="fl-e"/>
      </object_component>
      <object_component id="oc-8c">
         <name>.text</name>
         <load_address>0x9fee</load_address>
         <run_address>0x9fee</run_address>
         <size>0x5a</size>
         <input_file_ref idref="fl-1e"/>
      </object_component>
      <object_component id="oc-125">
         <name>.text</name>
         <load_address>0xa048</load_address>
         <run_address>0xa048</run_address>
         <size>0x51</size>
         <input_file_ref idref="fl-5b"/>
      </object_component>
      <object_component id="oc-11f">
         <name>.text</name>
         <load_address>0xa099</load_address>
         <run_address>0xa099</run_address>
         <size>0x47</size>
         <input_file_ref idref="fl-15"/>
      </object_component>
      <object_component id="oc-121">
         <name>.text</name>
         <load_address>0xa0e0</load_address>
         <run_address>0xa0e0</run_address>
         <size>0x45</size>
         <input_file_ref idref="fl-11"/>
      </object_component>
      <object_component id="oc-13">
         <name>.text</name>
         <load_address>0xa125</load_address>
         <run_address>0xa125</run_address>
         <size>0x44</size>
         <input_file_ref idref="fl-4c"/>
      </object_component>
      <object_component id="oc-12a">
         <name>.text</name>
         <load_address>0xa169</load_address>
         <run_address>0xa169</run_address>
         <size>0x41</size>
         <input_file_ref idref="fl-5a"/>
      </object_component>
      <object_component id="oc-123">
         <name>.text</name>
         <load_address>0xa1aa</load_address>
         <run_address>0xa1aa</run_address>
         <size>0x33</size>
         <input_file_ref idref="fl-53"/>
      </object_component>
      <object_component id="oc-116">
         <name>.text</name>
         <load_address>0xa1dd</load_address>
         <run_address>0xa1dd</run_address>
         <size>0x33</size>
         <input_file_ref idref="fl-12"/>
      </object_component>
      <object_component id="oc-11d">
         <name>.text</name>
         <load_address>0xa210</load_address>
         <run_address>0xa210</run_address>
         <size>0x2e</size>
         <input_file_ref idref="fl-c"/>
      </object_component>
      <object_component id="oc-e4">
         <name>.text</name>
         <load_address>0xa23e</load_address>
         <run_address>0xa23e</run_address>
         <size>0x29</size>
         <input_file_ref idref="fl-54"/>
      </object_component>
      <object_component id="oc-11e">
         <name>.text</name>
         <load_address>0xa267</load_address>
         <run_address>0xa267</run_address>
         <size>0x25</size>
         <input_file_ref idref="fl-8"/>
      </object_component>
      <object_component id="oc-9b">
         <name>.text</name>
         <load_address>0xa28c</load_address>
         <run_address>0xa28c</run_address>
         <size>0x25</size>
         <input_file_ref idref="fl-21"/>
      </object_component>
      <object_component id="oc-f3">
         <name>.text</name>
         <load_address>0xa2b1</load_address>
         <run_address>0xa2b1</run_address>
         <size>0x22</size>
         <input_file_ref idref="fl-57"/>
      </object_component>
      <object_component id="oc-120">
         <name>.text</name>
         <load_address>0xa2d3</load_address>
         <run_address>0xa2d3</run_address>
         <size>0x21</size>
         <input_file_ref idref="fl-9"/>
      </object_component>
      <object_component id="oc-a5">
         <name>.text</name>
         <load_address>0xa2f4</load_address>
         <run_address>0xa2f4</run_address>
         <size>0x21</size>
         <input_file_ref idref="fl-23"/>
      </object_component>
      <object_component id="oc-78">
         <name>.text</name>
         <load_address>0xa315</load_address>
         <run_address>0xa315</run_address>
         <size>0x1f</size>
         <input_file_ref idref="fl-1a"/>
      </object_component>
      <object_component id="oc-a0">
         <name>.text</name>
         <load_address>0xa334</load_address>
         <run_address>0xa334</run_address>
         <size>0x1d</size>
         <input_file_ref idref="fl-22"/>
      </object_component>
      <object_component id="oc-96">
         <name>.text</name>
         <load_address>0xa351</load_address>
         <run_address>0xa351</run_address>
         <size>0x1c</size>
         <input_file_ref idref="fl-20"/>
      </object_component>
      <object_component id="oc-aa">
         <name>.text</name>
         <load_address>0xa36d</load_address>
         <run_address>0xa36d</run_address>
         <size>0x1a</size>
         <input_file_ref idref="fl-24"/>
      </object_component>
      <object_component id="oc-e9">
         <name>.text</name>
         <load_address>0xa387</load_address>
         <run_address>0xa387</run_address>
         <size>0x1a</size>
         <input_file_ref idref="fl-55"/>
      </object_component>
      <object_component id="oc-10c">
         <name>.text</name>
         <load_address>0xa3a1</load_address>
         <run_address>0xa3a1</run_address>
         <size>0x19</size>
         <input_file_ref idref="fl-4d"/>
      </object_component>
      <object_component id="oc-10d">
         <name>.text</name>
         <load_address>0xa3ba</load_address>
         <run_address>0xa3ba</run_address>
         <size>0x19</size>
         <input_file_ref idref="fl-4e"/>
      </object_component>
      <object_component id="oc-82">
         <name>.text</name>
         <load_address>0xa3d3</load_address>
         <run_address>0xa3d3</run_address>
         <size>0x17</size>
         <input_file_ref idref="fl-1c"/>
      </object_component>
      <object_component id="oc-127">
         <name>.text</name>
         <load_address>0xa3ea</load_address>
         <run_address>0xa3ea</run_address>
         <size>0x14</size>
         <input_file_ref idref="fl-52"/>
      </object_component>
      <object_component id="oc-b4">
         <name>.text</name>
         <load_address>0xa3fe</load_address>
         <run_address>0xa3fe</run_address>
         <size>0x13</size>
         <input_file_ref idref="fl-26"/>
      </object_component>
      <object_component id="oc-af">
         <name>.text</name>
         <load_address>0xa411</load_address>
         <run_address>0xa411</run_address>
         <size>0x10</size>
         <input_file_ref idref="fl-25"/>
      </object_component>
      <object_component id="oc-114">
         <name>.text</name>
         <load_address>0xa421</load_address>
         <run_address>0xa421</run_address>
         <size>0x9</size>
         <input_file_ref idref="fl-4f"/>
      </object_component>
      <object_component id="oc-14">
         <name>.text</name>
         <load_address>0xa42a</load_address>
         <run_address>0xa42a</run_address>
         <size>0x8</size>
         <input_file_ref idref="fl-5"/>
      </object_component>
      <object_component id="oc-41">
         <name>.text:retain</name>
         <load_address>0xa432</load_address>
         <run_address>0xa432</run_address>
         <size>0x5</size>
         <input_file_ref idref="fl-d"/>
      </object_component>
      <object_component id="oc-91">
         <name>.text</name>
         <load_address>0xa437</load_address>
         <run_address>0xa437</run_address>
         <size>0x5</size>
         <input_file_ref idref="fl-1f"/>
      </object_component>
      <object_component id="oc-4c">
         <name>.cinit</name>
         <load_address>0x50</load_address>
         <run_address>0x50</run_address>
         <size>0x85</size>
         <input_file_ref idref="fl-f"/>
      </object_component>
      <object_component id="oc-c6">
         <name>.cinit</name>
         <load_address>0xd5</load_address>
         <run_address>0xd5</run_address>
         <size>0xa</size>
         <input_file_ref idref="fl-4e"/>
      </object_component>
      <object_component id="oc-111">
         <name>.cinit:__lock</name>
         <load_address>0xdf</load_address>
         <run_address>0xdf</run_address>
         <size>0x5</size>
         <input_file_ref idref="fl-4f"/>
      </object_component>
      <object_component id="oc-115">
         <name>.cinit:__unlock</name>
         <load_address>0xe4</load_address>
         <run_address>0xe4</run_address>
         <size>0x5</size>
         <input_file_ref idref="fl-4f"/>
      </object_component>
      <object_component id="oc-d7">
         <name>.cinit</name>
         <load_address>0xe9</load_address>
         <run_address>0xe9</run_address>
         <size>0x4</size>
         <input_file_ref idref="fl-51"/>
      </object_component>
      <object_component id="oc-bb">
         <name>.reset</name>
         <load_address>0x3fffc0</load_address>
         <run_address>0x3fffc0</run_address>
         <size>0x2</size>
         <input_file_ref idref="fl-4c"/>
      </object_component>
      <object_component id="oc-ba">
         <name>.stack</name>
         <uninitialized>true</uninitialized>
         <run_address>0x400</run_address>
         <size>0x0</size>
         <input_file_ref idref="fl-4c"/>
      </object_component>
      <object_component id="oc-146">
         <name>.stack</name>
         <uninitialized>true</uninitialized>
         <run_address>0x400</run_address>
         <size>0x0</size>
      </object_component>
      <object_component id="oc-25">
         <name>.ebss</name>
         <uninitialized>true</uninitialized>
         <run_address>0xa5b0</run_address>
         <size>0x1</size>
         <input_file_ref idref="fl-8"/>
      </object_component>
      <object_component id="oc-35">
         <name>.ebss</name>
         <uninitialized>true</uninitialized>
         <run_address>0xa5c0</run_address>
         <size>0x9a</size>
         <input_file_ref idref="fl-b"/>
      </object_component>
      <object_component id="oc-4d">
         <name>.ebss</name>
         <uninitialized>true</uninitialized>
         <run_address>0xa440</run_address>
         <size>0x16c</size>
         <input_file_ref idref="fl-f"/>
      </object_component>
      <object_component id="oc-c7">
         <name>.ebss</name>
         <uninitialized>true</uninitialized>
         <run_address>0xa43c</run_address>
         <size>0x4</size>
         <input_file_ref idref="fl-4e"/>
      </object_component>
      <object_component id="oc-126">
         <name>.ebss:__unlock</name>
         <uninitialized>true</uninitialized>
         <run_address>0xa5ae</run_address>
         <size>0x2</size>
         <input_file_ref idref="fl-4f"/>
      </object_component>
      <object_component id="oc-110">
         <name>.ebss:__lock</name>
         <uninitialized>true</uninitialized>
         <run_address>0xa5ac</run_address>
         <size>0x2</size>
         <input_file_ref idref="fl-4f"/>
      </object_component>
      <object_component id="oc-d8">
         <name>.ebss</name>
         <uninitialized>true</uninitialized>
         <run_address>0xa5b1</run_address>
         <size>0x1</size>
         <input_file_ref idref="fl-51"/>
      </object_component>
      <object_component id="oc-4e">
         <name>.econst</name>
         <load_address>0xa65a</load_address>
         <run_address>0xa65a</run_address>
         <size>0xa</size>
         <input_file_ref idref="fl-f"/>
      </object_component>
      <object_component id="oc-69">
         <name>.econst</name>
         <load_address>0xa664</load_address>
         <run_address>0xa664</run_address>
         <size>0x8</size>
         <input_file_ref idref="fl-14"/>
      </object_component>
      <object_component id="oc-36">
         <name>.econst</name>
         <load_address>0xa66c</load_address>
         <run_address>0xa66c</run_address>
         <size>0x4</size>
         <input_file_ref idref="fl-b"/>
      </object_component>
      <object_component id="oc-b9">
         <name>IQmath</name>
         <load_address>0xa670</load_address>
         <run_address>0xa670</run_address>
         <size>0x14</size>
         <input_file_ref idref="fl-4b"/>
      </object_component>
      <object_component id="oc-16">
         <name>.debug_info</name>
         <load_address>0x0</load_address>
         <run_address>0x0</run_address>
         <size>0x228</size>
         <input_file_ref idref="fl-5"/>
      </object_component>
      <object_component id="oc-1a">
         <name>.debug_info</name>
         <load_address>0x228</load_address>
         <run_address>0x228</run_address>
         <size>0x43bf</size>
         <input_file_ref idref="fl-6"/>
      </object_component>
      <object_component id="oc-1f">
         <name>.debug_info</name>
         <load_address>0x45e7</load_address>
         <run_address>0x45e7</run_address>
         <size>0x4a36</size>
         <input_file_ref idref="fl-7"/>
      </object_component>
      <object_component id="oc-24">
         <name>.debug_info</name>
         <load_address>0x901d</load_address>
         <run_address>0x901d</run_address>
         <size>0x104d</size>
         <input_file_ref idref="fl-8"/>
      </object_component>
      <object_component id="oc-2a">
         <name>.debug_info</name>
         <load_address>0xa06a</load_address>
         <run_address>0xa06a</run_address>
         <size>0x203c</size>
         <input_file_ref idref="fl-9"/>
      </object_component>
      <object_component id="oc-2f">
         <name>.debug_info</name>
         <load_address>0xc0a6</load_address>
         <run_address>0xc0a6</run_address>
         <size>0x3706</size>
         <input_file_ref idref="fl-a"/>
      </object_component>
      <object_component id="oc-34">
         <name>.debug_info</name>
         <load_address>0xf7ac</load_address>
         <run_address>0xf7ac</run_address>
         <size>0xf5d6</size>
         <input_file_ref idref="fl-b"/>
      </object_component>
      <object_component id="oc-3b">
         <name>.debug_info</name>
         <load_address>0x1ed82</load_address>
         <run_address>0x1ed82</run_address>
         <size>0x9fd</size>
         <input_file_ref idref="fl-c"/>
      </object_component>
      <object_component id="oc-40">
         <name>.debug_info</name>
         <load_address>0x1f77f</load_address>
         <run_address>0x1f77f</run_address>
         <size>0x4572</size>
         <input_file_ref idref="fl-d"/>
      </object_component>
      <object_component id="oc-46">
         <name>.debug_info</name>
         <load_address>0x23cf1</load_address>
         <run_address>0x23cf1</run_address>
         <size>0x1a3c</size>
         <input_file_ref idref="fl-e"/>
      </object_component>
      <object_component id="oc-4b">
         <name>.debug_info</name>
         <load_address>0x2572d</load_address>
         <run_address>0x2572d</run_address>
         <size>0x8043</size>
         <input_file_ref idref="fl-f"/>
      </object_component>
      <object_component id="oc-54">
         <name>.debug_info</name>
         <load_address>0x2d770</load_address>
         <run_address>0x2d770</run_address>
         <size>0xae87</size>
         <input_file_ref idref="fl-10"/>
      </object_component>
      <object_component id="oc-59">
         <name>.debug_info</name>
         <load_address>0x385f7</load_address>
         <run_address>0x385f7</run_address>
         <size>0x136a</size>
         <input_file_ref idref="fl-11"/>
      </object_component>
      <object_component id="oc-5e">
         <name>.debug_info</name>
         <load_address>0x39961</load_address>
         <run_address>0x39961</run_address>
         <size>0xef8</size>
         <input_file_ref idref="fl-12"/>
      </object_component>
      <object_component id="oc-64">
         <name>.debug_info</name>
         <load_address>0x3a859</load_address>
         <run_address>0x3a859</run_address>
         <size>0x1ae</size>
         <input_file_ref idref="fl-13"/>
      </object_component>
      <object_component id="oc-68">
         <name>.debug_info</name>
         <load_address>0x3aa07</load_address>
         <run_address>0x3aa07</run_address>
         <size>0x4aee</size>
         <input_file_ref idref="fl-14"/>
      </object_component>
      <object_component id="oc-6e">
         <name>.debug_info</name>
         <load_address>0x3f4f5</load_address>
         <run_address>0x3f4f5</run_address>
         <size>0x12aa</size>
         <input_file_ref idref="fl-15"/>
      </object_component>
      <object_component id="oc-74">
         <name>.debug_info</name>
         <load_address>0x4079f</load_address>
         <run_address>0x4079f</run_address>
         <size>0x10a</size>
         <input_file_ref idref="fl-19"/>
      </object_component>
      <object_component id="oc-79">
         <name>.debug_info</name>
         <load_address>0x408a9</load_address>
         <run_address>0x408a9</run_address>
         <size>0x10a</size>
         <input_file_ref idref="fl-1a"/>
      </object_component>
      <object_component id="oc-7e">
         <name>.debug_info</name>
         <load_address>0x409b3</load_address>
         <run_address>0x409b3</run_address>
         <size>0x10a</size>
         <input_file_ref idref="fl-1b"/>
      </object_component>
      <object_component id="oc-83">
         <name>.debug_info</name>
         <load_address>0x40abd</load_address>
         <run_address>0x40abd</run_address>
         <size>0x10a</size>
         <input_file_ref idref="fl-1c"/>
      </object_component>
      <object_component id="oc-88">
         <name>.debug_info</name>
         <load_address>0x40bc7</load_address>
         <run_address>0x40bc7</run_address>
         <size>0x10a</size>
         <input_file_ref idref="fl-1d"/>
      </object_component>
      <object_component id="oc-8d">
         <name>.debug_info</name>
         <load_address>0x40cd1</load_address>
         <run_address>0x40cd1</run_address>
         <size>0x10a</size>
         <input_file_ref idref="fl-1e"/>
      </object_component>
      <object_component id="oc-92">
         <name>.debug_info</name>
         <load_address>0x40ddb</load_address>
         <run_address>0x40ddb</run_address>
         <size>0x10a</size>
         <input_file_ref idref="fl-1f"/>
      </object_component>
      <object_component id="oc-97">
         <name>.debug_info</name>
         <load_address>0x40ee5</load_address>
         <run_address>0x40ee5</run_address>
         <size>0x10d</size>
         <input_file_ref idref="fl-20"/>
      </object_component>
      <object_component id="oc-9c">
         <name>.debug_info</name>
         <load_address>0x40ff2</load_address>
         <run_address>0x40ff2</run_address>
         <size>0x116</size>
         <input_file_ref idref="fl-21"/>
      </object_component>
      <object_component id="oc-a1">
         <name>.debug_info</name>
         <load_address>0x41108</load_address>
         <run_address>0x41108</run_address>
         <size>0x116</size>
         <input_file_ref idref="fl-22"/>
      </object_component>
      <object_component id="oc-a6">
         <name>.debug_info</name>
         <load_address>0x4121e</load_address>
         <run_address>0x4121e</run_address>
         <size>0x119</size>
         <input_file_ref idref="fl-23"/>
      </object_component>
      <object_component id="oc-ab">
         <name>.debug_info</name>
         <load_address>0x41337</load_address>
         <run_address>0x41337</run_address>
         <size>0x110</size>
         <input_file_ref idref="fl-24"/>
      </object_component>
      <object_component id="oc-b0">
         <name>.debug_info</name>
         <load_address>0x41447</load_address>
         <run_address>0x41447</run_address>
         <size>0x10a</size>
         <input_file_ref idref="fl-25"/>
      </object_component>
      <object_component id="oc-b5">
         <name>.debug_info</name>
         <load_address>0x41551</load_address>
         <run_address>0x41551</run_address>
         <size>0x10d</size>
         <input_file_ref idref="fl-26"/>
      </object_component>
      <object_component id="oc-bc">
         <name>.debug_info</name>
         <load_address>0x4165e</load_address>
         <run_address>0x4165e</run_address>
         <size>0x128</size>
         <input_file_ref idref="fl-4c"/>
      </object_component>
      <object_component id="oc-c0">
         <name>.debug_info</name>
         <load_address>0x41786</load_address>
         <run_address>0x41786</run_address>
         <size>0x416</size>
         <input_file_ref idref="fl-4d"/>
      </object_component>
      <object_component id="oc-c5">
         <name>.debug_info</name>
         <load_address>0x41b9c</load_address>
         <run_address>0x41b9c</run_address>
         <size>0x41f</size>
         <input_file_ref idref="fl-4e"/>
      </object_component>
      <object_component id="oc-cc">
         <name>.debug_info</name>
         <load_address>0x41fbb</load_address>
         <run_address>0x41fbb</run_address>
         <size>0x449</size>
         <input_file_ref idref="fl-4f"/>
      </object_component>
      <object_component id="oc-d1">
         <name>.debug_info</name>
         <load_address>0x42404</load_address>
         <run_address>0x42404</run_address>
         <size>0x4c6</size>
         <input_file_ref idref="fl-50"/>
      </object_component>
      <object_component id="oc-d6">
         <name>.debug_info</name>
         <load_address>0x428ca</load_address>
         <run_address>0x428ca</run_address>
         <size>0x1b5</size>
         <input_file_ref idref="fl-51"/>
      </object_component>
      <object_component id="oc-da">
         <name>.debug_info</name>
         <load_address>0x42a7f</load_address>
         <run_address>0x42a7f</run_address>
         <size>0x364</size>
         <input_file_ref idref="fl-52"/>
      </object_component>
      <object_component id="oc-df">
         <name>.debug_info</name>
         <load_address>0x42de3</load_address>
         <run_address>0x42de3</run_address>
         <size>0x3c0</size>
         <input_file_ref idref="fl-53"/>
      </object_component>
      <object_component id="oc-e5">
         <name>.debug_info</name>
         <load_address>0x431a3</load_address>
         <run_address>0x431a3</run_address>
         <size>0x116</size>
         <input_file_ref idref="fl-54"/>
      </object_component>
      <object_component id="oc-ea">
         <name>.debug_info</name>
         <load_address>0x432b9</load_address>
         <run_address>0x432b9</run_address>
         <size>0x110</size>
         <input_file_ref idref="fl-55"/>
      </object_component>
      <object_component id="oc-ee">
         <name>.debug_info</name>
         <load_address>0x433c9</load_address>
         <run_address>0x433c9</run_address>
         <size>0x49a</size>
         <input_file_ref idref="fl-56"/>
      </object_component>
      <object_component id="oc-f4">
         <name>.debug_info</name>
         <load_address>0x43863</load_address>
         <run_address>0x43863</run_address>
         <size>0x137</size>
         <input_file_ref idref="fl-57"/>
      </object_component>
      <object_component id="oc-f8">
         <name>.debug_info</name>
         <load_address>0x4399a</load_address>
         <run_address>0x4399a</run_address>
         <size>0x485</size>
         <input_file_ref idref="fl-58"/>
      </object_component>
      <object_component id="oc-fd">
         <name>.debug_info</name>
         <load_address>0x43e1f</load_address>
         <run_address>0x43e1f</run_address>
         <size>0x499</size>
         <input_file_ref idref="fl-59"/>
      </object_component>
      <object_component id="oc-102">
         <name>.debug_info</name>
         <load_address>0x442b8</load_address>
         <run_address>0x442b8</run_address>
         <size>0x390</size>
         <input_file_ref idref="fl-5a"/>
      </object_component>
      <object_component id="oc-107">
         <name>.debug_info</name>
         <load_address>0x44648</load_address>
         <run_address>0x44648</run_address>
         <size>0x3e1</size>
         <input_file_ref idref="fl-5b"/>
      </object_component>
      <object_component id="oc-147">
         <name>.debug_info</name>
         <load_address>0x44a29</load_address>
         <run_address>0x44a29</run_address>
         <size>0xf5</size>
      </object_component>
      <object_component id="oc-17">
         <name>.debug_line</name>
         <load_address>0x0</load_address>
         <run_address>0x0</run_address>
         <size>0xa0</size>
         <input_file_ref idref="fl-5"/>
      </object_component>
      <object_component id="oc-1c">
         <name>.debug_line</name>
         <load_address>0xa0</load_address>
         <run_address>0xa0</run_address>
         <size>0x372</size>
         <input_file_ref idref="fl-6"/>
      </object_component>
      <object_component id="oc-21">
         <name>.debug_line</name>
         <load_address>0x412</load_address>
         <run_address>0x412</run_address>
         <size>0x586</size>
         <input_file_ref idref="fl-7"/>
      </object_component>
      <object_component id="oc-27">
         <name>.debug_line</name>
         <load_address>0x998</load_address>
         <run_address>0x998</run_address>
         <size>0x14d</size>
         <input_file_ref idref="fl-8"/>
      </object_component>
      <object_component id="oc-2c">
         <name>.debug_line</name>
         <load_address>0xae5</load_address>
         <run_address>0xae5</run_address>
         <size>0x1d5</size>
         <input_file_ref idref="fl-9"/>
      </object_component>
      <object_component id="oc-31">
         <name>.debug_line</name>
         <load_address>0xcba</load_address>
         <run_address>0xcba</run_address>
         <size>0x2b0</size>
         <input_file_ref idref="fl-a"/>
      </object_component>
      <object_component id="oc-38">
         <name>.debug_line</name>
         <load_address>0xf6a</load_address>
         <run_address>0xf6a</run_address>
         <size>0xbd2</size>
         <input_file_ref idref="fl-b"/>
      </object_component>
      <object_component id="oc-3d">
         <name>.debug_line</name>
         <load_address>0x1b3c</load_address>
         <run_address>0x1b3c</run_address>
         <size>0xd5</size>
         <input_file_ref idref="fl-c"/>
      </object_component>
      <object_component id="oc-43">
         <name>.debug_line</name>
         <load_address>0x1c11</load_address>
         <run_address>0x1c11</run_address>
         <size>0x30f</size>
         <input_file_ref idref="fl-d"/>
      </object_component>
      <object_component id="oc-48">
         <name>.debug_line</name>
         <load_address>0x1f20</load_address>
         <run_address>0x1f20</run_address>
         <size>0x1e4</size>
         <input_file_ref idref="fl-e"/>
      </object_component>
      <object_component id="oc-51">
         <name>.debug_line</name>
         <load_address>0x2104</load_address>
         <run_address>0x2104</run_address>
         <size>0x7c8</size>
         <input_file_ref idref="fl-f"/>
      </object_component>
      <object_component id="oc-56">
         <name>.debug_line</name>
         <load_address>0x28cc</load_address>
         <run_address>0x28cc</run_address>
         <size>0xa34</size>
         <input_file_ref idref="fl-10"/>
      </object_component>
      <object_component id="oc-5b">
         <name>.debug_line</name>
         <load_address>0x3300</load_address>
         <run_address>0x3300</run_address>
         <size>0x10d</size>
         <input_file_ref idref="fl-11"/>
      </object_component>
      <object_component id="oc-60">
         <name>.debug_line</name>
         <load_address>0x340d</load_address>
         <run_address>0x340d</run_address>
         <size>0x122</size>
         <input_file_ref idref="fl-12"/>
      </object_component>
      <object_component id="oc-65">
         <name>.debug_line</name>
         <load_address>0x352f</load_address>
         <run_address>0x352f</run_address>
         <size>0x81</size>
         <input_file_ref idref="fl-13"/>
      </object_component>
      <object_component id="oc-6b">
         <name>.debug_line</name>
         <load_address>0x35b0</load_address>
         <run_address>0x35b0</run_address>
         <size>0x490</size>
         <input_file_ref idref="fl-14"/>
      </object_component>
      <object_component id="oc-70">
         <name>.debug_line</name>
         <load_address>0x3a40</load_address>
         <run_address>0x3a40</run_address>
         <size>0x16c</size>
         <input_file_ref idref="fl-15"/>
      </object_component>
      <object_component id="oc-75">
         <name>.debug_line</name>
         <load_address>0x3bac</load_address>
         <run_address>0x3bac</run_address>
         <size>0xa2</size>
         <input_file_ref idref="fl-19"/>
      </object_component>
      <object_component id="oc-7a">
         <name>.debug_line</name>
         <load_address>0x3c4e</load_address>
         <run_address>0x3c4e</run_address>
         <size>0x58</size>
         <input_file_ref idref="fl-1a"/>
      </object_component>
      <object_component id="oc-7f">
         <name>.debug_line</name>
         <load_address>0x3ca6</load_address>
         <run_address>0x3ca6</run_address>
         <size>0xa9</size>
         <input_file_ref idref="fl-1b"/>
      </object_component>
      <object_component id="oc-84">
         <name>.debug_line</name>
         <load_address>0x3d4f</load_address>
         <run_address>0x3d4f</run_address>
         <size>0x52</size>
         <input_file_ref idref="fl-1c"/>
      </object_component>
      <object_component id="oc-89">
         <name>.debug_line</name>
         <load_address>0x3da1</load_address>
         <run_address>0x3da1</run_address>
         <size>0xab</size>
         <input_file_ref idref="fl-1d"/>
      </object_component>
      <object_component id="oc-8e">
         <name>.debug_line</name>
         <load_address>0x3e4c</load_address>
         <run_address>0x3e4c</run_address>
         <size>0x8d</size>
         <input_file_ref idref="fl-1e"/>
      </object_component>
      <object_component id="oc-93">
         <name>.debug_line</name>
         <load_address>0x3ed9</load_address>
         <run_address>0x3ed9</run_address>
         <size>0x41</size>
         <input_file_ref idref="fl-1f"/>
      </object_component>
      <object_component id="oc-98">
         <name>.debug_line</name>
         <load_address>0x3f1a</load_address>
         <run_address>0x3f1a</run_address>
         <size>0x56</size>
         <input_file_ref idref="fl-20"/>
      </object_component>
      <object_component id="oc-9d">
         <name>.debug_line</name>
         <load_address>0x3f70</load_address>
         <run_address>0x3f70</run_address>
         <size>0x5e</size>
         <input_file_ref idref="fl-21"/>
      </object_component>
      <object_component id="oc-a2">
         <name>.debug_line</name>
         <load_address>0x3fce</load_address>
         <run_address>0x3fce</run_address>
         <size>0x56</size>
         <input_file_ref idref="fl-22"/>
      </object_component>
      <object_component id="oc-a7">
         <name>.debug_line</name>
         <load_address>0x4024</load_address>
         <run_address>0x4024</run_address>
         <size>0x59</size>
         <input_file_ref idref="fl-23"/>
      </object_component>
      <object_component id="oc-ac">
         <name>.debug_line</name>
         <load_address>0x407d</load_address>
         <run_address>0x407d</run_address>
         <size>0x52</size>
         <input_file_ref idref="fl-24"/>
      </object_component>
      <object_component id="oc-b1">
         <name>.debug_line</name>
         <load_address>0x40cf</load_address>
         <run_address>0x40cf</run_address>
         <size>0x49</size>
         <input_file_ref idref="fl-25"/>
      </object_component>
      <object_component id="oc-b6">
         <name>.debug_line</name>
         <load_address>0x4118</load_address>
         <run_address>0x4118</run_address>
         <size>0x4f</size>
         <input_file_ref idref="fl-26"/>
      </object_component>
      <object_component id="oc-bd">
         <name>.debug_line</name>
         <load_address>0x4167</load_address>
         <run_address>0x4167</run_address>
         <size>0x73</size>
         <input_file_ref idref="fl-4c"/>
      </object_component>
      <object_component id="oc-c2">
         <name>.debug_line</name>
         <load_address>0x41da</load_address>
         <run_address>0x41da</run_address>
         <size>0x59</size>
         <input_file_ref idref="fl-4d"/>
      </object_component>
      <object_component id="oc-c9">
         <name>.debug_line</name>
         <load_address>0x4233</load_address>
         <run_address>0x4233</run_address>
         <size>0x5d</size>
         <input_file_ref idref="fl-4e"/>
      </object_component>
      <object_component id="oc-ce">
         <name>.debug_line</name>
         <load_address>0x4290</load_address>
         <run_address>0x4290</run_address>
         <size>0x5e</size>
         <input_file_ref idref="fl-4f"/>
      </object_component>
      <object_component id="oc-d3">
         <name>.debug_line</name>
         <load_address>0x42ee</load_address>
         <run_address>0x42ee</run_address>
         <size>0x5b</size>
         <input_file_ref idref="fl-50"/>
      </object_component>
      <object_component id="oc-dc">
         <name>.debug_line</name>
         <load_address>0x4349</load_address>
         <run_address>0x4349</run_address>
         <size>0x44</size>
         <input_file_ref idref="fl-52"/>
      </object_component>
      <object_component id="oc-e1">
         <name>.debug_line</name>
         <load_address>0x438d</load_address>
         <run_address>0x438d</run_address>
         <size>0x46</size>
         <input_file_ref idref="fl-53"/>
      </object_component>
      <object_component id="oc-e6">
         <name>.debug_line</name>
         <load_address>0x43d3</load_address>
         <run_address>0x43d3</run_address>
         <size>0x60</size>
         <input_file_ref idref="fl-54"/>
      </object_component>
      <object_component id="oc-eb">
         <name>.debug_line</name>
         <load_address>0x4433</load_address>
         <run_address>0x4433</run_address>
         <size>0x53</size>
         <input_file_ref idref="fl-55"/>
      </object_component>
      <object_component id="oc-f0">
         <name>.debug_line</name>
         <load_address>0x4486</load_address>
         <run_address>0x4486</run_address>
         <size>0x75</size>
         <input_file_ref idref="fl-56"/>
      </object_component>
      <object_component id="oc-f5">
         <name>.debug_line</name>
         <load_address>0x44fb</load_address>
         <run_address>0x44fb</run_address>
         <size>0x69</size>
         <input_file_ref idref="fl-57"/>
      </object_component>
      <object_component id="oc-fa">
         <name>.debug_line</name>
         <load_address>0x4564</load_address>
         <run_address>0x4564</run_address>
         <size>0x53</size>
         <input_file_ref idref="fl-58"/>
      </object_component>
      <object_component id="oc-ff">
         <name>.debug_line</name>
         <load_address>0x45b7</load_address>
         <run_address>0x45b7</run_address>
         <size>0x4e</size>
         <input_file_ref idref="fl-59"/>
      </object_component>
      <object_component id="oc-104">
         <name>.debug_line</name>
         <load_address>0x4605</load_address>
         <run_address>0x4605</run_address>
         <size>0x4b</size>
         <input_file_ref idref="fl-5a"/>
      </object_component>
      <object_component id="oc-109">
         <name>.debug_line</name>
         <load_address>0x4650</load_address>
         <run_address>0x4650</run_address>
         <size>0x57</size>
         <input_file_ref idref="fl-5b"/>
      </object_component>
      <object_component id="oc-18">
         <name>.debug_abbrev</name>
         <load_address>0x0</load_address>
         <run_address>0x0</run_address>
         <size>0x21</size>
         <input_file_ref idref="fl-5"/>
      </object_component>
      <object_component id="oc-1d">
         <name>.debug_abbrev</name>
         <load_address>0x21</load_address>
         <run_address>0x21</run_address>
         <size>0x18a</size>
         <input_file_ref idref="fl-6"/>
      </object_component>
      <object_component id="oc-22">
         <name>.debug_abbrev</name>
         <load_address>0x1ab</load_address>
         <run_address>0x1ab</run_address>
         <size>0x16b</size>
         <input_file_ref idref="fl-7"/>
      </object_component>
      <object_component id="oc-28">
         <name>.debug_abbrev</name>
         <load_address>0x316</load_address>
         <run_address>0x316</run_address>
         <size>0x112</size>
         <input_file_ref idref="fl-8"/>
      </object_component>
      <object_component id="oc-2d">
         <name>.debug_abbrev</name>
         <load_address>0x428</load_address>
         <run_address>0x428</run_address>
         <size>0x157</size>
         <input_file_ref idref="fl-9"/>
      </object_component>
      <object_component id="oc-32">
         <name>.debug_abbrev</name>
         <load_address>0x57f</load_address>
         <run_address>0x57f</run_address>
         <size>0x162</size>
         <input_file_ref idref="fl-a"/>
      </object_component>
      <object_component id="oc-39">
         <name>.debug_abbrev</name>
         <load_address>0x6e1</load_address>
         <run_address>0x6e1</run_address>
         <size>0x232</size>
         <input_file_ref idref="fl-b"/>
      </object_component>
      <object_component id="oc-3e">
         <name>.debug_abbrev</name>
         <load_address>0x913</load_address>
         <run_address>0x913</run_address>
         <size>0x100</size>
         <input_file_ref idref="fl-c"/>
      </object_component>
      <object_component id="oc-44">
         <name>.debug_abbrev</name>
         <load_address>0xa13</load_address>
         <run_address>0xa13</run_address>
         <size>0x189</size>
         <input_file_ref idref="fl-d"/>
      </object_component>
      <object_component id="oc-49">
         <name>.debug_abbrev</name>
         <load_address>0xb9c</load_address>
         <run_address>0xb9c</run_address>
         <size>0x16b</size>
         <input_file_ref idref="fl-e"/>
      </object_component>
      <object_component id="oc-52">
         <name>.debug_abbrev</name>
         <load_address>0xd07</load_address>
         <run_address>0xd07</run_address>
         <size>0x1c2</size>
         <input_file_ref idref="fl-f"/>
      </object_component>
      <object_component id="oc-57">
         <name>.debug_abbrev</name>
         <load_address>0xec9</load_address>
         <run_address>0xec9</run_address>
         <size>0x174</size>
         <input_file_ref idref="fl-10"/>
      </object_component>
      <object_component id="oc-5c">
         <name>.debug_abbrev</name>
         <load_address>0x103d</load_address>
         <run_address>0x103d</run_address>
         <size>0x114</size>
         <input_file_ref idref="fl-11"/>
      </object_component>
      <object_component id="oc-61">
         <name>.debug_abbrev</name>
         <load_address>0x1151</load_address>
         <run_address>0x1151</run_address>
         <size>0x112</size>
         <input_file_ref idref="fl-12"/>
      </object_component>
      <object_component id="oc-66">
         <name>.debug_abbrev</name>
         <load_address>0x1263</load_address>
         <run_address>0x1263</run_address>
         <size>0x2f</size>
         <input_file_ref idref="fl-13"/>
      </object_component>
      <object_component id="oc-6c">
         <name>.debug_abbrev</name>
         <load_address>0x1292</load_address>
         <run_address>0x1292</run_address>
         <size>0x1a6</size>
         <input_file_ref idref="fl-14"/>
      </object_component>
      <object_component id="oc-71">
         <name>.debug_abbrev</name>
         <load_address>0x1438</load_address>
         <run_address>0x1438</run_address>
         <size>0x114</size>
         <input_file_ref idref="fl-15"/>
      </object_component>
      <object_component id="oc-76">
         <name>.debug_abbrev</name>
         <load_address>0x154c</load_address>
         <run_address>0x154c</run_address>
         <size>0x38</size>
         <input_file_ref idref="fl-19"/>
      </object_component>
      <object_component id="oc-7b">
         <name>.debug_abbrev</name>
         <load_address>0x1584</load_address>
         <run_address>0x1584</run_address>
         <size>0x38</size>
         <input_file_ref idref="fl-1a"/>
      </object_component>
      <object_component id="oc-80">
         <name>.debug_abbrev</name>
         <load_address>0x15bc</load_address>
         <run_address>0x15bc</run_address>
         <size>0x38</size>
         <input_file_ref idref="fl-1b"/>
      </object_component>
      <object_component id="oc-85">
         <name>.debug_abbrev</name>
         <load_address>0x15f4</load_address>
         <run_address>0x15f4</run_address>
         <size>0x38</size>
         <input_file_ref idref="fl-1c"/>
      </object_component>
      <object_component id="oc-8a">
         <name>.debug_abbrev</name>
         <load_address>0x162c</load_address>
         <run_address>0x162c</run_address>
         <size>0x38</size>
         <input_file_ref idref="fl-1d"/>
      </object_component>
      <object_component id="oc-8f">
         <name>.debug_abbrev</name>
         <load_address>0x1664</load_address>
         <run_address>0x1664</run_address>
         <size>0x38</size>
         <input_file_ref idref="fl-1e"/>
      </object_component>
      <object_component id="oc-94">
         <name>.debug_abbrev</name>
         <load_address>0x169c</load_address>
         <run_address>0x169c</run_address>
         <size>0x38</size>
         <input_file_ref idref="fl-1f"/>
      </object_component>
      <object_component id="oc-99">
         <name>.debug_abbrev</name>
         <load_address>0x16d4</load_address>
         <run_address>0x16d4</run_address>
         <size>0x38</size>
         <input_file_ref idref="fl-20"/>
      </object_component>
      <object_component id="oc-9e">
         <name>.debug_abbrev</name>
         <load_address>0x170c</load_address>
         <run_address>0x170c</run_address>
         <size>0x38</size>
         <input_file_ref idref="fl-21"/>
      </object_component>
      <object_component id="oc-a3">
         <name>.debug_abbrev</name>
         <load_address>0x1744</load_address>
         <run_address>0x1744</run_address>
         <size>0x38</size>
         <input_file_ref idref="fl-22"/>
      </object_component>
      <object_component id="oc-a8">
         <name>.debug_abbrev</name>
         <load_address>0x177c</load_address>
         <run_address>0x177c</run_address>
         <size>0x38</size>
         <input_file_ref idref="fl-23"/>
      </object_component>
      <object_component id="oc-ad">
         <name>.debug_abbrev</name>
         <load_address>0x17b4</load_address>
         <run_address>0x17b4</run_address>
         <size>0x38</size>
         <input_file_ref idref="fl-24"/>
      </object_component>
      <object_component id="oc-b2">
         <name>.debug_abbrev</name>
         <load_address>0x17ec</load_address>
         <run_address>0x17ec</run_address>
         <size>0x38</size>
         <input_file_ref idref="fl-25"/>
      </object_component>
      <object_component id="oc-b7">
         <name>.debug_abbrev</name>
         <load_address>0x1824</load_address>
         <run_address>0x1824</run_address>
         <size>0x38</size>
         <input_file_ref idref="fl-26"/>
      </object_component>
      <object_component id="oc-be">
         <name>.debug_abbrev</name>
         <load_address>0x185c</load_address>
         <run_address>0x185c</run_address>
         <size>0x46</size>
         <input_file_ref idref="fl-4c"/>
      </object_component>
      <object_component id="oc-c3">
         <name>.debug_abbrev</name>
         <load_address>0x18a2</load_address>
         <run_address>0x18a2</run_address>
         <size>0xfe</size>
         <input_file_ref idref="fl-4d"/>
      </object_component>
      <object_component id="oc-ca">
         <name>.debug_abbrev</name>
         <load_address>0x19a0</load_address>
         <run_address>0x19a0</run_address>
         <size>0x117</size>
         <input_file_ref idref="fl-4e"/>
      </object_component>
      <object_component id="oc-cf">
         <name>.debug_abbrev</name>
         <load_address>0x1ab7</load_address>
         <run_address>0x1ab7</run_address>
         <size>0xb2</size>
         <input_file_ref idref="fl-4f"/>
      </object_component>
      <object_component id="oc-d4">
         <name>.debug_abbrev</name>
         <load_address>0x1b69</load_address>
         <run_address>0x1b69</run_address>
         <size>0xd4</size>
         <input_file_ref idref="fl-50"/>
      </object_component>
      <object_component id="oc-d9">
         <name>.debug_abbrev</name>
         <load_address>0x1c3d</load_address>
         <run_address>0x1c3d</run_address>
         <size>0x31</size>
         <input_file_ref idref="fl-51"/>
      </object_component>
      <object_component id="oc-dd">
         <name>.debug_abbrev</name>
         <load_address>0x1c6e</load_address>
         <run_address>0x1c6e</run_address>
         <size>0x9d</size>
         <input_file_ref idref="fl-52"/>
      </object_component>
      <object_component id="oc-e2">
         <name>.debug_abbrev</name>
         <load_address>0x1d0b</load_address>
         <run_address>0x1d0b</run_address>
         <size>0xab</size>
         <input_file_ref idref="fl-53"/>
      </object_component>
      <object_component id="oc-e7">
         <name>.debug_abbrev</name>
         <load_address>0x1db6</load_address>
         <run_address>0x1db6</run_address>
         <size>0x38</size>
         <input_file_ref idref="fl-54"/>
      </object_component>
      <object_component id="oc-ec">
         <name>.debug_abbrev</name>
         <load_address>0x1dee</load_address>
         <run_address>0x1dee</run_address>
         <size>0x38</size>
         <input_file_ref idref="fl-55"/>
      </object_component>
      <object_component id="oc-f1">
         <name>.debug_abbrev</name>
         <load_address>0x1e26</load_address>
         <run_address>0x1e26</run_address>
         <size>0xcb</size>
         <input_file_ref idref="fl-56"/>
      </object_component>
      <object_component id="oc-f6">
         <name>.debug_abbrev</name>
         <load_address>0x1ef1</load_address>
         <run_address>0x1ef1</run_address>
         <size>0x38</size>
         <input_file_ref idref="fl-57"/>
      </object_component>
      <object_component id="oc-fb">
         <name>.debug_abbrev</name>
         <load_address>0x1f29</load_address>
         <run_address>0x1f29</run_address>
         <size>0xb4</size>
         <input_file_ref idref="fl-58"/>
      </object_component>
      <object_component id="oc-100">
         <name>.debug_abbrev</name>
         <load_address>0x1fdd</load_address>
         <run_address>0x1fdd</run_address>
         <size>0xcb</size>
         <input_file_ref idref="fl-59"/>
      </object_component>
      <object_component id="oc-105">
         <name>.debug_abbrev</name>
         <load_address>0x20a8</load_address>
         <run_address>0x20a8</run_address>
         <size>0xb2</size>
         <input_file_ref idref="fl-5a"/>
      </object_component>
      <object_component id="oc-10a">
         <name>.debug_abbrev</name>
         <load_address>0x215a</load_address>
         <run_address>0x215a</run_address>
         <size>0xbb</size>
         <input_file_ref idref="fl-5b"/>
      </object_component>
      <object_component id="oc-148">
         <name>.debug_abbrev</name>
         <load_address>0x2215</load_address>
         <run_address>0x2215</run_address>
         <size>0xf</size>
      </object_component>
      <object_component id="oc-19">
         <name>.debug_aranges</name>
         <load_address>0x0</load_address>
         <run_address>0x0</run_address>
         <size>0x28</size>
         <input_file_ref idref="fl-5"/>
      </object_component>
      <object_component id="oc-1e">
         <name>.debug_aranges</name>
         <load_address>0x28</load_address>
         <run_address>0x28</run_address>
         <size>0x118</size>
         <input_file_ref idref="fl-6"/>
      </object_component>
      <object_component id="oc-23">
         <name>.debug_aranges</name>
         <load_address>0x140</load_address>
         <run_address>0x140</run_address>
         <size>0x1f0</size>
         <input_file_ref idref="fl-7"/>
      </object_component>
      <object_component id="oc-29">
         <name>.debug_aranges</name>
         <load_address>0x330</load_address>
         <run_address>0x330</run_address>
         <size>0x70</size>
         <input_file_ref idref="fl-8"/>
      </object_component>
      <object_component id="oc-2e">
         <name>.debug_aranges</name>
         <load_address>0x3a0</load_address>
         <run_address>0x3a0</run_address>
         <size>0x98</size>
         <input_file_ref idref="fl-9"/>
      </object_component>
      <object_component id="oc-33">
         <name>.debug_aranges</name>
         <load_address>0x438</load_address>
         <run_address>0x438</run_address>
         <size>0x90</size>
         <input_file_ref idref="fl-a"/>
      </object_component>
      <object_component id="oc-3a">
         <name>.debug_aranges</name>
         <load_address>0x4c8</load_address>
         <run_address>0x4c8</run_address>
         <size>0xf0</size>
         <input_file_ref idref="fl-b"/>
      </object_component>
      <object_component id="oc-3f">
         <name>.debug_aranges</name>
         <load_address>0x5b8</load_address>
         <run_address>0x5b8</run_address>
         <size>0x38</size>
         <input_file_ref idref="fl-c"/>
      </object_component>
      <object_component id="oc-45">
         <name>.debug_aranges</name>
         <load_address>0x5f0</load_address>
         <run_address>0x5f0</run_address>
         <size>0xf0</size>
         <input_file_ref idref="fl-d"/>
      </object_component>
      <object_component id="oc-4a">
         <name>.debug_aranges</name>
         <load_address>0x6e0</load_address>
         <run_address>0x6e0</run_address>
         <size>0xa0</size>
         <input_file_ref idref="fl-e"/>
      </object_component>
      <object_component id="oc-53">
         <name>.debug_aranges</name>
         <load_address>0x780</load_address>
         <run_address>0x780</run_address>
         <size>0x48</size>
         <input_file_ref idref="fl-f"/>
      </object_component>
      <object_component id="oc-58">
         <name>.debug_aranges</name>
         <load_address>0x7c8</load_address>
         <run_address>0x7c8</run_address>
         <size>0x370</size>
         <input_file_ref idref="fl-10"/>
      </object_component>
      <object_component id="oc-5d">
         <name>.debug_aranges</name>
         <load_address>0xb38</load_address>
         <run_address>0xb38</run_address>
         <size>0x50</size>
         <input_file_ref idref="fl-11"/>
      </object_component>
      <object_component id="oc-62">
         <name>.debug_aranges</name>
         <load_address>0xb88</load_address>
         <run_address>0xb88</run_address>
         <size>0x58</size>
         <input_file_ref idref="fl-12"/>
      </object_component>
      <object_component id="oc-67">
         <name>.debug_aranges</name>
         <load_address>0xbe0</load_address>
         <run_address>0xbe0</run_address>
         <size>0x20</size>
         <input_file_ref idref="fl-13"/>
      </object_component>
      <object_component id="oc-6d">
         <name>.debug_aranges</name>
         <load_address>0xc00</load_address>
         <run_address>0xc00</run_address>
         <size>0x80</size>
         <input_file_ref idref="fl-14"/>
      </object_component>
      <object_component id="oc-72">
         <name>.debug_aranges</name>
         <load_address>0xc80</load_address>
         <run_address>0xc80</run_address>
         <size>0x70</size>
         <input_file_ref idref="fl-15"/>
      </object_component>
      <object_component id="oc-77">
         <name>.debug_aranges</name>
         <load_address>0xcf0</load_address>
         <run_address>0xcf0</run_address>
         <size>0x20</size>
         <input_file_ref idref="fl-19"/>
      </object_component>
      <object_component id="oc-7c">
         <name>.debug_aranges</name>
         <load_address>0xd10</load_address>
         <run_address>0xd10</run_address>
         <size>0x20</size>
         <input_file_ref idref="fl-1a"/>
      </object_component>
      <object_component id="oc-81">
         <name>.debug_aranges</name>
         <load_address>0xd30</load_address>
         <run_address>0xd30</run_address>
         <size>0x20</size>
         <input_file_ref idref="fl-1b"/>
      </object_component>
      <object_component id="oc-86">
         <name>.debug_aranges</name>
         <load_address>0xd50</load_address>
         <run_address>0xd50</run_address>
         <size>0x20</size>
         <input_file_ref idref="fl-1c"/>
      </object_component>
      <object_component id="oc-8b">
         <name>.debug_aranges</name>
         <load_address>0xd70</load_address>
         <run_address>0xd70</run_address>
         <size>0x20</size>
         <input_file_ref idref="fl-1d"/>
      </object_component>
      <object_component id="oc-90">
         <name>.debug_aranges</name>
         <load_address>0xd90</load_address>
         <run_address>0xd90</run_address>
         <size>0x20</size>
[...]
      <symbol id="sm-2a4">
         <name>_PWM_setChoppingPulseWidth</name>
         <value>0x9352</value>
         <object_component_ref idref="oc-117"/>
      </symbol>
      <symbol id="sm-2a5">
         <name>_PWM_setSwSync</name>
         <value>0x922c</value>
         <object_component_ref idref="oc-117"/>
      </symbol>
      <symbol id="sm-2a6">
         <name>_PWM_setSocAPulseSrc</name>
         <value>0x9241</value>
         <object_component_ref idref="oc-117"/>
      </symbol>
      <symbol id="sm-2a7">
         <name>_PWM_setActionQualContSWForce_PwmB</name>
         <value>0x93cf</value>
         <object_component_ref idref="oc-117"/>
      </symbol>
      <symbol id="sm-2a8">
         <name>_PWM_setDigitalCompareFilterWindow</name>
         <value>0x92bd</value>
         <object_component_ref idref="oc-117"/>
      </symbol>
      <symbol id="sm-2a9">
         <name>_PWM_setActionQualContSWForce_PwmA</name>
         <value>0x93d8</value>
         <object_component_ref idref="oc-117"/>
      </symbol>
      <symbol id="sm-2aa">
         <name>_PWM_setActionQual_CntDown_CmpA_PwmB</name>
         <value>0x93bd</value>
         <object_component_ref idref="oc-117"/>
      </symbol>
      <symbol id="sm-2ab">
         <name>_PWM_setActionQual_CntDown_CmpA_PwmA</name>
         <value>0x93c6</value>
         <object_component_ref idref="oc-117"/>
      </symbol>
      <symbol id="sm-2ac">
         <name>_PWM_setActionQual_CntDown_CmpB_PwmB</name>
         <value>0x93ab</value>
         <object_component_ref idref="oc-117"/>
      </symbol>
      <symbol id="sm-2ad">
         <name>_PWM_setActionQual_CntDown_CmpB_PwmA</name>
         <value>0x93b4</value>
         <object_component_ref idref="oc-117"/>
      </symbol>
      <symbol id="sm-2ae">
         <name>_PWM_setCount</name>
         <value>0x934c</value>
         <object_component_ref idref="oc-117"/>
      </symbol>
      <symbol id="sm-2af">
         <name>_PWM_enableTripZoneInt</name>
         <value>0x940e</value>
         <object_component_ref idref="oc-117"/>
      </symbol>
      <symbol id="sm-2b0">
         <name>_PWM_setTripZoneState_DCBEVT1</name>
         <value>0x91d6</value>
         <object_component_ref idref="oc-117"/>
      </symbol>
      <symbol id="sm-2b1">
         <name>_PWM_setTripZoneState_DCBEVT2</name>
         <value>0x91ca</value>
         <object_component_ref idref="oc-117"/>
      </symbol>
      <symbol id="sm-2b2">
         <name>_PWM_setActionQual_Period_PwmA</name>
         <value>0x937e</value>
         <object_component_ref idref="oc-117"/>
      </symbol>
      <symbol id="sm-2b3">
         <name>_PWM_setActionQual_Period_PwmB</name>
         <value>0x9375</value>
         <object_component_ref idref="oc-117"/>
      </symbol>
      <symbol id="sm-2c1">
         <name>_PWR_init</name>
         <value>0xa102</value>
         <object_component_ref idref="oc-121"/>
      </symbol>
      <symbol id="sm-2c2">
         <name>_PWR_setNumStandByClocks</name>
         <value>0xa0e0</value>
         <object_component_ref idref="oc-121"/>
      </symbol>
      <symbol id="sm-2c3">
         <name>_PWR_disableWatchDogInt</name>
         <value>0xa118</value>
         <object_component_ref idref="oc-121"/>
      </symbol>
      <symbol id="sm-2c4">
         <name>_PWR_enableWatchDogInt</name>
         <value>0xa10b</value>
         <object_component_ref idref="oc-121"/>
      </symbol>
      <symbol id="sm-2c5">
         <name>_PWR_disableBrownOutReset</name>
         <value>0xa122</value>
         <object_component_ref idref="oc-121"/>
      </symbol>
      <symbol id="sm-2c6">
         <name>_PWR_enableBrownOutReset</name>
         <value>0xa115</value>
         <object_component_ref idref="oc-121"/>
      </symbol>
      <symbol id="sm-2c7">
         <name>_PWR_setLowPowerMode</name>
         <value>0xa0f1</value>
         <object_component_ref idref="oc-121"/>
      </symbol>
      <symbol id="sm-2d5">
         <name>_TIMER_setEmulationMode</name>
         <value>0xa1eb</value>
         <object_component_ref idref="oc-116"/>
      </symbol>
      <symbol id="sm-2d6">
         <name>_TIMER_disableInt</name>
         <value>0xa20a</value>
         <object_component_ref idref="oc-116"/>
      </symbol>
      <symbol id="sm-2d7">
         <name>_TIMER_setPreScaler</name>
         <value>0xa1dd</value>
         <object_component_ref idref="oc-116"/>
      </symbol>
      <symbol id="sm-2d8">
         <name>_TIMER_setDecimationFactor</name>
         <value>0xa1ef</value>
         <object_component_ref idref="oc-116"/>
      </symbol>
      <symbol id="sm-2d9">
         <name>_TIMER_getStatus</name>
         <value>0xa204</value>
         <object_component_ref idref="oc-116"/>
      </symbol>
      <symbol id="sm-2da">
         <name>_TIMER_init</name>
         <value>0xa1fd</value>
         <object_component_ref idref="oc-116"/>
      </symbol>
      <symbol id="sm-2db">
         <name>_TIMER_clearFlag</name>
         <value>0xa20d</value>
         <object_component_ref idref="oc-116"/>
      </symbol>
      <symbol id="sm-2dc">
         <name>_TIMER_enableInt</name>
         <value>0xa207</value>
         <object_component_ref idref="oc-116"/>
      </symbol>
      <symbol id="sm-2e8">
         <name>_usDelay</name>
         <value>0x121</value>
         <object_component_ref idref="oc-63"/>
      </symbol>
      <symbol id="sm-305">
         <name>_USER_computeFlux_pu_to_VpHz_sf</name>
         <value>0x8d6c</value>
         <object_component_ref idref="oc-113"/>
      </symbol>
      <symbol id="sm-306">
         <name>_USER_calcPIgains</name>
         <value>0x8dcf</value>
         <object_component_ref idref="oc-113"/>
      </symbol>
      <symbol id="sm-307">
         <name>_USER_computeTorque_Ls_Id_Iq_pu_to_Nm_sf</name>
         <value>0x8c7b</value>
         <object_component_ref idref="oc-113"/>
      </symbol>
      <symbol id="sm-308">
         <name>_USER_computeTorque_lbin</name>
         <value>0x8bd6</value>
         <object_component_ref idref="oc-113"/>
      </symbol>
      <symbol id="sm-309">
         <name>_USER_getErrorCode</name>
         <value>0x8bd3</value>
         <object_component_ref idref="oc-113"/>
      </symbol>
      <symbol id="sm-30a">
         <name>_USER_computeFlux</name>
         <value>0x8dbd</value>
         <object_component_ref idref="oc-113"/>
      </symbol>
      <symbol id="sm-30b">
         <name>_USER_checkForErrors</name>
         <value>0x8dcb</value>
         <object_component_ref idref="oc-113"/>
      </symbol>
      <symbol id="sm-30c">
         <name>_USER_computeFlux_pu_to_Wb_sf</name>
         <value>0x8d1b</value>
         <object_component_ref idref="oc-113"/>
      </symbol>
      <symbol id="sm-30d">
         <name>_USER_computeTorque_Flux_Iq_pu_to_Nm_sf</name>
         <value>0x8cca</value>
         <object_component_ref idref="oc-113"/>
      </symbol>
      <symbol id="sm-30e">
         <name>_USER_softwareUpdate1p6</name>
         <value>0x89c6</value>
         <object_component_ref idref="oc-113"/>
      </symbol>
      <symbol id="sm-30f">
         <name>_USER_setErrorCode</name>
         <value>0x8bd0</value>
         <object_component_ref idref="oc-113"/>
      </symbol>
      <symbol id="sm-310">
         <name>_USER_setParams</name>
         <value>0x8a5e</value>
         <object_component_ref idref="oc-113"/>
      </symbol>
      <symbol id="sm-311">
         <name>_USER_computeTorque_Nm</name>
         <value>0x8c2e</value>
         <object_component_ref idref="oc-113"/>
      </symbol>
      <symbol id="sm-31f">
         <name>_WDOG_disableInt</name>
         <value>0xa0ca</value>
         <object_component_ref idref="oc-11f"/>
      </symbol>
      <symbol id="sm-320">
         <name>_WDOG_setPreScaler</name>
         <value>0xa099</value>
         <object_component_ref idref="oc-11f"/>
      </symbol>
      <symbol id="sm-321">
         <name>_WDOG_enableInt</name>
         <value>0xa0b5</value>
         <object_component_ref idref="oc-11f"/>
      </symbol>
      <symbol id="sm-322">
         <name>_WDOG_enable</name>
         <value>0xa0bb</value>
         <object_component_ref idref="oc-11f"/>
      </symbol>
      <symbol id="sm-323">
         <name>_WDOG_setCount</name>
         <value>0xa0a3</value>
         <object_component_ref idref="oc-11f"/>
      </symbol>
      <symbol id="sm-324">
         <name>_WDOG_init</name>
         <value>0xa0a5</value>
         <object_component_ref idref="oc-11f"/>
      </symbol>
      <symbol id="sm-325">
         <name>_WDOG_getIntStatus</name>
         <value>0xa0ac</value>
         <object_component_ref idref="oc-11f"/>
      </symbol>
      <symbol id="sm-326">
         <name>_WDOG_disable</name>
         <value>0xa0d0</value>
         <object_component_ref idref="oc-11f"/>
      </symbol>
      <symbol id="sm-327">
         <name>_WDOG_enableOverRide</name>
         <value>0xa0af</value>
         <object_component_ref idref="oc-11f"/>
      </symbol>
      <symbol id="sm-328">
         <name>_WDOG_disableOverRide</name>
         <value>0xa0c4</value>
         <object_component_ref idref="oc-11f"/>
      </symbol>
      <symbol id="sm-329">
         <name>_WDOG_clearCounter</name>
         <value>0xa0d8</value>
         <object_component_ref idref="oc-11f"/>
      </symbol>
      <symbol id="sm-33d">
         <name>FD$$MPY</name>
         <value>0x9e14</value>
         <object_component_ref idref="oc-73"/>
      </symbol>
      <symbol id="sm-34c">
         <name>FD$$TOL</name>
         <value>0xa315</value>
         <object_component_ref idref="oc-78"/>
      </symbol>
      <symbol id="sm-366">
         <name>FS$$ADD</name>
         <value>0x9f1f</value>
         <object_component_ref idref="oc-7d"/>
      </symbol>
      <symbol id="sm-367">
         <name>FS$$SUB</name>
         <value>0x9f1a</value>
         <object_component_ref idref="oc-7d"/>
      </symbol>
      <symbol id="sm-379">
         <name>FS$$CMP</name>
         <value>0xa3d3</value>
         <object_component_ref idref="oc-82"/>
      </symbol>
      <symbol id="sm-38a">
         <name>FS$$DIV</name>
         <value>0x9e97</value>
         <object_component_ref idref="oc-87"/>
      </symbol>
      <symbol id="sm-39b">
         <name>FS$$MPY</name>
         <value>0x9fee</value>
         <object_component_ref idref="oc-8c"/>
      </symbol>
      <symbol id="sm-3a8">
         <name>FS$$NEG</name>
         <value>0xa437</value>
         <object_component_ref idref="oc-91"/>
      </symbol>
      <symbol id="sm-3b8">
         <name>FS$$TOFD</name>
         <value>0xa351</value>
         <object_component_ref idref="oc-96"/>
      </symbol>
      <symbol id="sm-3c9">
         <name>FS$$TOI</name>
         <value>0xa28c</value>
         <object_component_ref idref="oc-9b"/>
      </symbol>
      <symbol id="sm-3da">
         <name>FS$$TOU</name>
         <value>0xa334</value>
         <object_component_ref idref="oc-a0"/>
      </symbol>
      <symbol id="sm-3eb">
         <name>FS$$TOUL</name>
         <value>0xa2f4</value>
         <object_component_ref idref="oc-a5"/>
      </symbol>
      <symbol id="sm-3fa">
         <name>I$$TOFS</name>
         <value>0xa36d</value>
         <object_component_ref idref="oc-aa"/>
      </symbol>
      <symbol id="sm-408">
         <name>U$$TOFS</name>
         <value>0xa411</value>
         <object_component_ref idref="oc-af"/>
      </symbol>
      <symbol id="sm-418">
         <name>UL$$TOFS</name>
         <value>0xa3fe</value>
         <object_component_ref idref="oc-b4"/>
      </symbol>
      <symbol id="sm-41a">
         <name>_CTRL_getVersion</name>
         <value>0x3fa721</value>
      </symbol>
      <symbol id="sm-41c">
         <name>_CTRL_initCtrl</name>
         <value>0x3fa6fb</value>
      </symbol>
      <symbol id="sm-41e">
         <name>_CTRL_run</name>
         <value>0x3faab6</value>
      </symbol>
      <symbol id="sm-420">
         <name>_CTRL_setGains</name>
         <value>0x3fa83e</value>
      </symbol>
      <symbol id="sm-422">
         <name>_CTRL_setParams</name>
         <value>0x3fa866</value>
      </symbol>
      <symbol id="sm-424">
         <name>_CTRL_setSpd_ref_krpm</name>
         <value>0x3fa82b</value>
      </symbol>
      <symbol id="sm-426">
         <name>_CTRL_setup</name>
         <value>0x3fa80c</value>
      </symbol>
      <symbol id="sm-428">
         <name>_CTRL_updateState</name>
         <value>0x3fa72b</value>
      </symbol>
      <symbol id="sm-42a">
         <name>_EST_computeDirection_qFmt</name>
         <value>0x3f86ad</value>
      </symbol>
      <symbol id="sm-42c">
         <name>_EST_getFlux_VpHz</name>
         <value>0x3f96be</value>
      </symbol>
      <symbol id="sm-42e">
         <name>_EST_getFlux_pu</name>
         <value>0x3f96ab</value>
      </symbol>
      <symbol id="sm-430">
         <name>_EST_getIdRated</name>
         <value>0x3f9632</value>
      </symbol>
      <symbol id="sm-432">
         <name>_EST_getLs_coarse_max_pu</name>
         <value>0x3f95ff</value>
      </symbol>
      <symbol id="sm-434">
         <name>_EST_getLs_d_H</name>
         <value>0x3f95f5</value>
      </symbol>
      <symbol id="sm-436">
         <name>_EST_getLs_d_pu</name>
         <value>0x3f95f0</value>
      </symbol>
      <symbol id="sm-438">
         <name>_EST_getLs_q_H</name>
         <value>0x3f95ce</value>
      </symbol>
      <symbol id="sm-43a">
         <name>_EST_getLs_q_pu</name>
         <value>0x3f95c9</value>
      </symbol>
      <symbol id="sm-43c">
         <name>_EST_getMaxCurrentSlope_pu</name>
         <value>0x3f95bd</value>
      </symbol>
      <symbol id="sm-43e">
         <name>_EST_getRr_Ohm</name>
         <value>0x3f95ad</value>
      </symbol>
      <symbol id="sm-440">
         <name>_EST_getRs_Ohm</name>
         <value>0x3f9513</value>
      </symbol>
      <symbol id="sm-442">
         <name>_EST_getSpeed_krpm</name>
         <value>0x3f94c6</value>
      </symbol>
      <symbol id="sm-444">
         <name>_EST_getState</name>
         <value>0x3f861b</value>
      </symbol>
      <symbol id="sm-446">
         <name>_EST_get_pu_to_krpm_sf</name>
         <value>0x3f9453</value>
      </symbol>
      <symbol id="sm-448">
         <name>_EST_isMotorIdentified</name>
         <value>0x3f8679</value>
      </symbol>
      <symbol id="sm-44a">
         <name>_EST_setDir_qFmt</name>
         <value>0x3f8bf5</value>
      </symbol>
      <symbol id="sm-44c">
         <name>_EST_setFe_neg_max_pu</name>
         <value>0x3f8be8</value>
      </symbol>
      <symbol id="sm-44e">
         <name>_EST_setFe_pos_min_pu</name>
         <value>0x3f8be4</value>
      </symbol>
      <symbol id="sm-450">
         <name>_EST_setFlag_enableForceAngle</name>
         <value>0x3f8bdb</value>
      </symbol>
      <symbol id="sm-452">
         <name>_EST_setLs_d_pu</name>
         <value>0x3f8b45</value>
      </symbol>
      <symbol id="sm-454">
         <name>_EST_setLs_qFmt</name>
         <value>0x3f8af1</value>
      </symbol>
      <symbol id="sm-456">
         <name>_EST_setLs_q_pu</name>
         <value>0x3f8ae7</value>
      </symbol>
      <symbol id="sm-458">
         <name>_EST_setMaxCurrentSlope_pu</name>
         <value>0x3f8adb</value>
      </symbol>
      <symbol id="sm-45a">
         <name>_OFFSET_init</name>
         <value>0x3fb4dc</value>
      </symbol>
      <symbol id="sm-45c">
         <name>_OFFSET_setBeta</name>
         <value>0x3fb4c6</value>
      </symbol>
      <symbol id="sm-45e">
         <name>_OFFSET_setInitCond</name>
         <value>0x3fb4bd</value>
      </symbol>
      <symbol id="sm-460">
         <name>_OFFSET_setOffset</name>
         <value>0x3fb4bb</value>
      </symbol>
      <symbol id="sm-46a">
         <name>__IQ30toF</name>
         <value>0xa670</value>
         <object_component_ref idref="oc-b9"/>
      </symbol>
      <symbol id="sm-483">
         <name>_c_int00</name>
         <value>0xa125</value>
         <object_component_ref idref="oc-13"/>
      </symbol>
      <symbol id="sm-484">
         <name>__stack</name>
         <value>0x400</value>
         <object_component_ref idref="oc-ba"/>
      </symbol>
      <symbol id="sm-494">
         <name>__args_main</name>
         <value>0xa3a1</value>
         <object_component_ref idref="oc-10c"/>
      </symbol>
      <symbol id="sm-4a8">
         <name>C$$EXIT</name>
         <value>0xa3ba</value>
         <object_component_ref idref="oc-10d"/>
      </symbol>
      <symbol id="sm-4a9">
         <name>_exit</name>
         <value>0xa3bc</value>
         <object_component_ref idref="oc-10d"/>
      </symbol>
      <symbol id="sm-4aa">
         <name>___TI_cleanup_ptr</name>
         <value>0xa43c</value>
         <object_component_ref idref="oc-c7"/>
      </symbol>
      <symbol id="sm-4ab">
         <name>_abort</name>
         <value>0xa3ba</value>
         <object_component_ref idref="oc-10d"/>
      </symbol>
      <symbol id="sm-4ac">
         <name>___TI_dtors_ptr</name>
         <value>0xa43e</value>
         <object_component_ref idref="oc-c7"/>
      </symbol>
      <symbol id="sm-4c1">
         <name>__unlock</name>
         <value>0xa5ae</value>
         <object_component_ref idref="oc-126"/>
      </symbol>
      <symbol id="sm-4c2">
         <name>__lock</name>
         <value>0xa5ac</value>
         <object_component_ref idref="oc-110"/>
      </symbol>
      <symbol id="sm-4c3">
         <name>__register_lock</name>
         <value>0xa425</value>
         <object_component_ref idref="oc-114"/>
      </symbol>
      <symbol id="sm-4c4">
         <name>__nop</name>
         <value>0xa429</value>
         <object_component_ref idref="oc-114"/>
      </symbol>
      <symbol id="sm-4c5">
         <name>__register_unlock</name>
         <value>0xa421</value>
         <object_component_ref idref="oc-114"/>
      </symbol>
      <symbol id="sm-4d8">
         <name>_log</name>
         <value>0x9bb1</value>
         <object_component_ref idref="oc-122"/>
      </symbol>
      <symbol id="sm-4e3">
         <name>_errno</name>
         <value>0xa5b1</value>
         <object_component_ref idref="oc-d8"/>
      </symbol>
      <symbol id="sm-4f3">
         <name>_frexp</name>
         <value>0xa3ea</value>
         <object_component_ref idref="oc-127"/>
      </symbol>
      <symbol id="sm-503">
         <name>_modf</name>
         <value>0xa1aa</value>
         <object_component_ref idref="oc-123"/>
      </symbol>
      <symbol id="sm-516">
         <name>FS$$TOL</name>
         <value>0xa23e</value>
         <object_component_ref idref="oc-e4"/>
      </symbol>
      <symbol id="sm-525">
         <name>L$$TOFS</name>
         <value>0xa387</value>
         <object_component_ref idref="oc-e9"/>
      </symbol>
      <symbol id="sm-53b">
         <name>_pow</name>
         <value>0x9d8c</value>
         <object_component_ref idref="oc-124"/>
      </symbol>
      <symbol id="sm-549">
         <name>I$$MOD</name>
         <value>0xa2c2</value>
         <object_component_ref idref="oc-f3"/>
      </symbol>
      <symbol id="sm-54a">
         <name>I$$DIV</name>
         <value>0xa2b1</value>
         <object_component_ref idref="oc-f3"/>
      </symbol>
      <symbol id="sm-559">
         <name>__log</name>
         <value>0x9cfd</value>
         <object_component_ref idref="oc-128"/>
      </symbol>
      <symbol id="sm-56a">
         <name>_exp</name>
         <value>0x9c5e</value>
         <object_component_ref idref="oc-129"/>
      </symbol>
      <symbol id="sm-57d">
         <name>_ldexp</name>
         <value>0xa169</value>
         <object_component_ref idref="oc-12a"/>
      </symbol>
      <symbol id="sm-58d">
         <name>_sqrt</name>
         <value>0xa048</value>
         <object_component_ref idref="oc-125"/>
      </symbol>
   </symbol_table>
   <title>Link successful</title>
</link_info>
