<?xml version="1.0"?>
<link_info>
   <banner>TMS320C2000 Linker PC v6.4.9</banner>
   <copyright>Copyright (c) 1996-2015 Texas Instruments Incorporated</copyright>
   <link_time>0x565ea4d5</link_time>
   <link_errors>0x0</link_errors>
   <output_file>proj_lab01.out</output_file>
   <entry_point>
      <name>_c_int00</name>
      <address>0x3f2d4a</address>
   </entry_point>
   <input_file_list>
      <input_file id="fl-8">
         <path>.\</path>
         <kind>object</kind>
         <file>CodeStartBranch.obj</file>
         <name>CodeStartBranch.obj</name>
      </input_file>
      <input_file id="fl-9">
         <path>.\</path>
         <kind>object</kind>
         <file>adc.obj</file>
         <name>adc.obj</name>
      </input_file>
      <input_file id="fl-a">
         <path>.\</path>
         <kind>object</kind>
         <file>clk.obj</file>
         <name>clk.obj</name>
      </input_file>
      <input_file id="fl-b">
         <path>.\</path>
         <kind>object</kind>
         <file>cpu.obj</file>
         <name>cpu.obj</name>
      </input_file>
      <input_file id="fl-c">
         <path>.\</path>
         <kind>object</kind>
         <file>flash.obj</file>
         <name>flash.obj</name>
      </input_file>
      <input_file id="fl-d">
         <path>.\</path>
         <kind>object</kind>
         <file>gpio.obj</file>
         <name>gpio.obj</name>
      </input_file>
      <input_file id="fl-e">
         <path>.\</path>
         <kind>object</kind>
         <file>hal.obj</file>
         <name>hal.obj</name>
      </input_file>
      <input_file id="fl-f">
         <path>.\</path>
         <kind>object</kind>
         <file>memCopy.obj</file>
         <name>memCopy.obj</name>
      </input_file>
      <input_file id="fl-10">
         <path>.\</path>
         <kind>object</kind>
         <file>osc.obj</file>
         <name>osc.obj</name>
      </input_file>
      <input_file id="fl-11">
         <path>.\</path>
         <kind>object</kind>
         <file>pie.obj</file>
         <name>pie.obj</name>
      </input_file>
      <input_file id="fl-12">
         <path>.\</path>
         <kind>object</kind>
         <file>pll.obj</file>
         <name>pll.obj</name>
      </input_file>
      <input_file id="fl-13">
         <path>.\</path>
         <kind>object</kind>
         <file>proj_lab01.obj</file>
         <name>proj_lab01.obj</name>
      </input_file>
      <input_file id="fl-14">
         <path>.\</path>
         <kind>object</kind>
         <file>pwm.obj</file>
         <name>pwm.obj</name>
      </input_file>
      <input_file id="fl-15">
         <path>.\</path>
         <kind>object</kind>
         <file>pwr.obj</file>
         <name>pwr.obj</name>
      </input_file>
      <input_file id="fl-16">
         <path>.\</path>
         <kind>object</kind>
         <file>timer.obj</file>
         <name>timer.obj</name>
      </input_file>
      <input_file id="fl-17">
         <path>.\</path>
         <kind>object</kind>
         <file>usDelay.obj</file>
         <name>usDelay.obj</name>
      </input_file>
      <input_file id="fl-18">
         <path>.\</path>
         <kind>object</kind>
         <file>user.obj</file>
         <name>user.obj</name>
      </input_file>
      <input_file id="fl-19">
         <path>.\</path>
         <kind>object</kind>
         <file>wdog.obj</file>
         <name>wdog.obj</name>
      </input_file>
      <input_file id="fl-1d">
         <path>C:\ti\motorware\motorware_1_01_00_15\sw\modules\fast\lib\32b\f28x\f2802x\</path>
         <kind>archive</kind>
         <file>2802xRevB_Fast_RTS_ROMSymbols.lib</file>
         <name>REVB_2802x_boot_rom_out_FD$$MPY_tmp.obj</name>
      </input_file>
      <input_file id="fl-1e">
         <path>C:\ti\motorware\motorware_1_01_00_15\sw\modules\fast\lib\32b\f28x\f2802x\</path>
         <kind>archive</kind>
         <file>2802xRevB_Fast_RTS_ROMSymbols.lib</file>
         <name>REVB_2802x_boot_rom_out_FD$$TOL_tmp.obj</name>
      </input_file>
      <input_file id="fl-1f">
         <path>C:\ti\motorware\motorware_1_01_00_15\sw\modules\fast\lib\32b\f28x\f2802x\</path>
         <kind>archive</kind>
         <file>2802xRevB_Fast_RTS_ROMSymbols.lib</file>
         <name>REVB_2802x_boot_rom_out_FS$$ADD_tmp.obj</name>
      </input_file>
      <input_file id="fl-20">
         <path>C:\ti\motorware\motorware_1_01_00_15\sw\modules\fast\lib\32b\f28x\f2802x\</path>
         <kind>archive</kind>
         <file>2802xRevB_Fast_RTS_ROMSymbols.lib</file>
         <name>REVB_2802x_boot_rom_out_FS$$CMP_tmp.obj</name>
      </input_file>
      <input_file id="fl-21">
         <path>C:\ti\motorware\motorware_1_01_00_15\sw\modules\fast\lib\32b\f28x\f2802x\</path>
         <kind>archive</kind>
         <file>2802xRevB_Fast_RTS_ROMSymbols.lib</file>
         <name>REVB_2802x_boot_rom_out_FS$$DIV_tmp.obj</name>
      </input_file>
      <input_file id="fl-22">
         <path>C:\ti\motorware\motorware_1_01_00_15\sw\modules\fast\lib\32b\f28x\f2802x\</path>
         <kind>archive</kind>
         <file>2802xRevB_Fast_RTS_ROMSymbols.lib</file>
         <name>REVB_2802x_boot_rom_out_FS$$MPY_tmp.obj</name>
      </input_file>
      <input_file id="fl-23">
         <path>C:\ti\motorware\motorware_1_01_00_15\sw\modules\fast\lib\32b\f28x\f2802x\</path>
         <kind>archive</kind>
         <file>2802xRevB_Fast_RTS_ROMSymbols.lib</file>
         <name>REVB_2802x_boot_rom_out_FS$$NEG_tmp.obj</name>
      </input_file>
      <input_file id="fl-24">
         <path>C:\ti\motorware\motorware_1_01_00_15\sw\modules\fast\lib\32b\f28x\f2802x\</path>
         <kind>archive</kind>
         <file>2802xRevB_Fast_RTS_ROMSymbols.lib</file>
         <name>REVB_2802x_boot_rom_out_FS$$TOFD_tmp.obj</name>
      </input_file>
      <input_file id="fl-25">
         <path>C:\ti\motorware\motorware_1_01_00_15\sw\modules\fast\lib\32b\f28x\f2802x\</path>
         <kind>archive</kind>
         <file>2802xRevB_Fast_RTS_ROMSymbols.lib</file>
         <name>REVB_2802x_boot_rom_out_FS$$TOI_tmp.obj</name>
      </input_file>
      <input_file id="fl-26">
         <path>C:\ti\ccsv6\tools\compiler\ti-cgt-c2000_6.4.9\lib\</path>
         <kind>archive</kind>
         <file>rts2800_ml.lib</file>
         <name>fs_tou.obj</name>
      </input_file>
      <input_file id="fl-27">
         <path>C:\ti\ccsv6\tools\compiler\ti-cgt-c2000_6.4.9\lib\</path>
         <kind>archive</kind>
         <file>rts2800_ml.lib</file>
         <name>fs_toul.obj</name>
      </input_file>
      <input_file id="fl-28">
         <path>C:\ti\motorware\motorware_1_01_00_15\sw\modules\fast\lib\32b\f28x\f2802x\</path>
         <kind>archive</kind>
         <file>2802xRevB_Fast_RTS_ROMSymbols.lib</file>
         <name>REVB_2802x_boot_rom_out_I$$TOFS_tmp.obj</name>
      </input_file>
      <input_file id="fl-29">
         <path>C:\ti\motorware\motorware_1_01_00_15\sw\modules\fast\lib\32b\f28x\f2802x\</path>
         <kind>archive</kind>
         <file>2802xRevB_Fast_RTS_ROMSymbols.lib</file>
         <name>REVB_2802x_boot_rom_out_U$$TOFS_tmp.obj</name>
      </input_file>
      <input_file id="fl-2a">
         <path>C:\ti\motorware\motorware_1_01_00_15\sw\modules\fast\lib\32b\f28x\f2802x\</path>
         <kind>archive</kind>
         <file>2802xRevB_Fast_RTS_ROMSymbols.lib</file>
         <name>REVB_2802x_boot_rom_out_UL$$TOFS_tmp.obj</name>
      </input_file>
      <input_file id="fl-2b">
         <path>C:\ti\motorware\motorware_1_01_00_15\sw\modules\fast\lib\32b\f28x\f2802x\</path>
         <kind>archive</kind>
         <file>fast_public.lib</file>
         <name>ctrl.obj</name>
      </input_file>
      <input_file id="fl-2c">
         <path>C:\ti\motorware\motorware_1_01_00_15\sw\modules\fast\lib\32b\f28x\f2802x\</path>
         <kind>archive</kind>
         <file>fast_public.lib</file>
         <name>ctrl_priv.obj</name>
      </input_file>
      <input_file id="fl-2d">
         <path>C:\ti\ccsv6\tools\compiler\ti-cgt-c2000_6.4.9\lib\</path>
         <kind>archive</kind>
         <file>rts2800_ml.lib</file>
         <name>l_div.obj</name>
      </input_file>
      <input_file id="fl-2e">
         <path>C:\ti\motorware\motorware_1_01_00_15\sw\modules\fast\lib\32b\f28x\f2802x\</path>
         <kind>archive</kind>
         <file>2802xRevB_Fast_ONLY_ROMSymbols.lib</file>
         <name>REVB_2802x_boot_rom_out__EST_Angle_setParams_tmp.obj</name>
      </input_file>
      <input_file id="fl-2f">
         <path>C:\ti\motorware\motorware_1_01_00_15\sw\modules\fast\lib\32b\f28x\f2802x\</path>
         <kind>archive</kind>
         <file>2802xRevB_Fast_ONLY_ROMSymbols.lib</file>
         <name>REVB_2802x_boot_rom_out__EST_Dir_setParams_tmp.obj</name>
      </input_file>
      <input_file id="fl-30">
         <path>C:\ti\motorware\motorware_1_01_00_15\sw\modules\fast\lib\32b\f28x\f2802x\</path>
         <kind>archive</kind>
         <file>2802xRevB_Fast_ONLY_ROMSymbols.lib</file>
         <name>REVB_2802x_boot_rom_out__EST_EPL_setParams_tmp.obj</name>
      </input_file>
      <input_file id="fl-31">
         <path>C:\ti\motorware\motorware_1_01_00_15\sw\modules\fast\lib\32b\f28x\f2802x\</path>
         <kind>archive</kind>
         <file>2802xRevB_Fast_ONLY_ROMSymbols.lib</file>
         <name>REVB_2802x_boot_rom_out__EST_Flux_ab_setParams_tmp.obj</name>
      </input_file>
      <input_file id="fl-32">
         <path>C:\ti\motorware\motorware_1_01_00_15\sw\modules\fast\lib\32b\f28x\f2802x\</path>
         <kind>archive</kind>
         <file>2802xRevB_Fast_ONLY_ROMSymbols.lib</file>
         <name>REVB_2802x_boot_rom_out__EST_Flux_computeOneOverFlux_qFmt_tmp.obj</name>
      </input_file>
      <input_file id="fl-33">
         <path>C:\ti\motorware\motorware_1_01_00_15\sw\modules\fast\lib\32b\f28x\f2802x\</path>
         <kind>archive</kind>
         <file>2802xRevB_Fast_ONLY_ROMSymbols.lib</file>
         <name>REVB_2802x_boot_rom_out__EST_Flux_dq_setParams_tmp.obj</name>
      </input_file>
      <input_file id="fl-34">
         <path>C:\ti\motorware\motorware_1_01_00_15\sw\modules\fast\lib\32b\f28x\f2802x\</path>
         <kind>archive</kind>
         <file>2802xRevB_Fast_ONLY_ROMSymbols.lib</file>
         <name>REVB_2802x_boot_rom_out__EST_Flux_getRatedFlux_pu_tmp.obj</name>
      </input_file>
      <input_file id="fl-35">
         <path>C:\ti\motorware\motorware_1_01_00_15\sw\modules\fast\lib\32b\f28x\f2802x\</path>
         <kind>archive</kind>
         <file>2802xRevB_Fast_ONLY_ROMSymbols.lib</file>
         <name>REVB_2802x_boot_rom_out__EST_Flux_setParams_tmp.obj</name>
      </input_file>
      <input_file id="fl-36">
         <path>C:\ti\motorware\motorware_1_01_00_15\sw\modules\fast\lib\32b\f28x\f2802x\</path>
         <kind>archive</kind>
         <file>2802xRevB_Fast_ONLY_ROMSymbols.lib</file>
         <name>REVB_2802x_boot_rom_out__EST_Flux_setWaitTimes_tmp.obj</name>
      </input_file>
      <input_file id="fl-37">
         <path>C:\ti\motorware\motorware_1_01_00_15\sw\modules\fast\lib\32b\f28x\f2802x\</path>
         <kind>archive</kind>
         <file>2802xRevB_Fast_ONLY_ROMSymbols.lib</file>
         <name>REVB_2802x_boot_rom_out__EST_Freq_setParams_tmp.obj</name>
      </input_file>
      <input_file id="fl-38">
         <path>C:\ti\motorware\motorware_1_01_00_15\sw\modules\fast\lib\32b\f28x\f2802x\</path>
         <kind>archive</kind>
         <file>2802xRevB_Fast_ONLY_ROMSymbols.lib</file>
         <name>REVB_2802x_boot_rom_out__EST_I_setParams_tmp.obj</name>
      </input_file>
      <input_file id="fl-39">
         <path>C:\ti\motorware\motorware_1_01_00_15\sw\modules\fast\lib\32b\f28x\f2802x\</path>
         <kind>archive</kind>
         <file>2802xRevB_Fast_ONLY_ROMSymbols.lib</file>
         <name>REVB_2802x_boot_rom_out__EST_Iab_setParams_tmp.obj</name>
      </input_file>
      <input_file id="fl-3a">
         <path>C:\ti\motorware\motorware_1_01_00_15\sw\modules\fast\lib\32b\f28x\f2802x\</path>
         <kind>archive</kind>
         <file>2802xRevB_Fast_ONLY_ROMSymbols.lib</file>
         <name>REVB_2802x_boot_rom_out__EST_Idq_setParams_tmp.obj</name>
      </input_file>
      <input_file id="fl-3b">
         <path>C:\ti\motorware\motorware_1_01_00_15\sw\modules\fast\lib\32b\f28x\f2802x\</path>
         <kind>archive</kind>
         <file>2802xRevB_Fast_ONLY_ROMSymbols.lib</file>
         <name>REVB_2802x_boot_rom_out__EST_Ls_getLs_d_tmp.obj</name>
      </input_file>
      <input_file id="fl-3c">
         <path>C:\ti\motorware\motorware_1_01_00_15\sw\modules\fast\lib\32b\f28x\f2802x\</path>
         <kind>archive</kind>
         <file>2802xRevB_Fast_ONLY_ROMSymbols.lib</file>
         <name>REVB_2802x_boot_rom_out__EST_Ls_setLs_d_tmp.obj</name>
      </input_file>
      <input_file id="fl-3d">
         <path>C:\ti\motorware\motorware_1_01_00_15\sw\modules\fast\lib\32b\f28x\f2802x\</path>
         <kind>archive</kind>
         <file>2802xRevB_Fast_ONLY_ROMSymbols.lib</file>
         <name>REVB_2802x_boot_rom_out__EST_Ls_setLs_q_tmp.obj</name>
      </input_file>
      <input_file id="fl-3e">
         <path>C:\ti\motorware\motorware_1_01_00_15\sw\modules\fast\lib\32b\f28x\f2802x\</path>
         <kind>archive</kind>
         <file>2802xRevB_Fast_ONLY_ROMSymbols.lib</file>
         <name>REVB_2802x_boot_rom_out__EST_Ls_setParams_tmp.obj</name>
      </input_file>
      <input_file id="fl-3f">
         <path>C:\ti\motorware\motorware_1_01_00_15\sw\modules\fast\lib\32b\f28x\f2802x\</path>
         <kind>archive</kind>
         <file>2802xRevB_Fast_ONLY_ROMSymbols.lib</file>
         <name>REVB_2802x_boot_rom_out__EST_Ls_setWaitTimes_tmp.obj</name>
      </input_file>
      <input_file id="fl-40">
         <path>C:\ti\motorware\motorware_1_01_00_15\sw\modules\fast\lib\32b\f28x\f2802x\</path>
         <kind>archive</kind>
         <file>2802xRevB_Fast_ONLY_ROMSymbols.lib</file>
         <name>REVB_2802x_boot_rom_out__EST_OneOverDcBus_setParams_tmp.obj</name>
      </input_file>
      <input_file id="fl-41">
         <path>C:\ti\motorware\motorware_1_01_00_15\sw\modules\fast\lib\32b\f28x\f2802x\</path>
         <kind>archive</kind>
         <file>2802xRevB_Fast_ONLY_ROMSymbols.lib</file>
         <name>REVB_2802x_boot_rom_out__EST_Rr_setParams_tmp.obj</name>
      </input_file>
      <input_file id="fl-42">
         <path>C:\ti\motorware\motorware_1_01_00_15\sw\modules\fast\lib\32b\f28x\f2802x\</path>
         <kind>archive</kind>
         <file>2802xRevB_Fast_ONLY_ROMSymbols.lib</file>
         <name>REVB_2802x_boot_rom_out__EST_Rr_setRr_tmp.obj</name>
      </input_file>
      <input_file id="fl-43">
         <path>C:\ti\motorware\motorware_1_01_00_15\sw\modules\fast\lib\32b\f28x\f2802x\</path>
         <kind>archive</kind>
         <file>2802xRevB_Fast_ONLY_ROMSymbols.lib</file>
         <name>REVB_2802x_boot_rom_out__EST_RsOnLine_setFilterParams_tmp.obj</name>
      </input_file>
      <input_file id="fl-44">
         <path>C:\ti\motorware\motorware_1_01_00_15\sw\modules\fast\lib\32b\f28x\f2802x\</path>
         <kind>archive</kind>
         <file>2802xRevB_Fast_ONLY_ROMSymbols.lib</file>
         <name>REVB_2802x_boot_rom_out__EST_RsOnLine_setParams_tmp.obj</name>
      </input_file>
      <input_file id="fl-45">
         <path>C:\ti\motorware\motorware_1_01_00_15\sw\modules\fast\lib\32b\f28x\f2802x\</path>
         <kind>archive</kind>
         <file>2802xRevB_Fast_ONLY_ROMSymbols.lib</file>
         <name>REVB_2802x_boot_rom_out__EST_Rs_getRs_tmp.obj</name>
      </input_file>
      <input_file id="fl-46">
         <path>C:\ti\motorware\motorware_1_01_00_15\sw\modules\fast\lib\32b\f28x\f2802x\</path>
         <kind>archive</kind>
         <file>2802xRevB_Fast_ONLY_ROMSymbols.lib</file>
         <name>REVB_2802x_boot_rom_out__EST_Rs_setParams_tmp.obj</name>
      </input_file>
      <input_file id="fl-47">
         <path>C:\ti\motorware\motorware_1_01_00_15\sw\modules\fast\lib\32b\f28x\f2802x\</path>
         <kind>archive</kind>
         <file>2802xRevB_Fast_ONLY_ROMSymbols.lib</file>
         <name>REVB_2802x_boot_rom_out__EST_Rs_setRs_tmp.obj</name>
      </input_file>
      <input_file id="fl-48">
         <path>C:\ti\motorware\motorware_1_01_00_15\sw\modules\fast\lib\32b\f28x\f2802x\</path>
         <kind>archive</kind>
         <file>2802xRevB_Fast_ONLY_ROMSymbols.lib</file>
         <name>REVB_2802x_boot_rom_out__EST_Rs_setWaitTimes_tmp.obj</name>
      </input_file>
      <input_file id="fl-49">
         <path>C:\ti\motorware\motorware_1_01_00_15\sw\modules\fast\lib\32b\f28x\f2802x\</path>
         <kind>archive</kind>
         <file>2802xRevB_Fast_ONLY_ROMSymbols.lib</file>
         <name>REVB_2802x_boot_rom_out__EST_TRAJ_setParams_tmp.obj</name>
      </input_file>
      <input_file id="fl-4a">
         <path>C:\ti\motorware\motorware_1_01_00_15\sw\modules\fast\lib\32b\f28x\f2802x\</path>
         <kind>archive</kind>
         <file>2802xRevB_Fast_ONLY_ROMSymbols.lib</file>
         <name>REVB_2802x_boot_rom_out__EST_Vab_setParams_tmp.obj</name>
      </input_file>
      <input_file id="fl-4b">
         <path>C:\ti\motorware\motorware_1_01_00_15\sw\modules\fast\lib\32b\f28x\f2802x\</path>
         <kind>archive</kind>
         <file>2802xRevB_Fast_ONLY_ROMSymbols.lib</file>
         <name>REVB_2802x_boot_rom_out__EST_Vback_ab_setParams_tmp.obj</name>
      </input_file>
      <input_file id="fl-4c">
         <path>C:\ti\motorware\motorware_1_01_00_15\sw\modules\fast\lib\32b\f28x\f2802x\</path>
         <kind>archive</kind>
         <file>2802xRevB_Fast_ONLY_ROMSymbols.lib</file>
         <name>REVB_2802x_boot_rom_out__EST_Vback_dq_setParams_tmp.obj</name>
      </input_file>
      <input_file id="fl-4d">
         <path>C:\ti\motorware\motorware_1_01_00_15\sw\modules\fast\lib\32b\f28x\f2802x\</path>
         <kind>archive</kind>
         <file>2802xRevB_Fast_ONLY_ROMSymbols.lib</file>
         <name>REVB_2802x_boot_rom_out__EST_Vdq_setParams_tmp.obj</name>
      </input_file>
      <input_file id="fl-4e">
         <path>C:\ti\motorware\motorware_1_01_00_15\sw\modules\fast\lib\32b\f28x\f2802x\</path>
         <kind>archive</kind>
         <file>2802xRevB_Fast_ONLY_ROMSymbols.lib</file>
         <name>REVB_2802x_boot_rom_out__EST_computeDirection_qFmt_tmp.obj</name>
      </input_file>
      <input_file id="fl-4f">
         <path>C:\ti\motorware\motorware_1_01_00_15\sw\modules\fast\lib\32b\f28x\f2802x\</path>
         <kind>archive</kind>
         <file>2802xRevB_Fast_ONLY_ROMSymbols.lib</file>
         <name>REVB_2802x_boot_rom_out__EST_computeL_tmp.obj</name>
      </input_file>
      <input_file id="fl-50">
         <path>C:\ti\motorware\motorware_1_01_00_15\sw\modules\fast\lib\32b\f28x\f2802x\</path>
         <kind>archive</kind>
         <file>2802xRevB_Fast_ONLY_ROMSymbols.lib</file>
         <name>REVB_2802x_boot_rom_out__EST_computeR_tmp.obj</name>
      </input_file>
      <input_file id="fl-51">
         <path>C:\ti\motorware\motorware_1_01_00_15\sw\modules\fast\lib\32b\f28x\f2802x\</path>
         <kind>archive</kind>
         <file>2802xRevB_Fast_ONLY_ROMSymbols.lib</file>
         <name>REVB_2802x_boot_rom_out__EST_doCurrentCtrl_tmp.obj</name>
      </input_file>
      <input_file id="fl-52">
         <path>C:\ti\motorware\motorware_1_01_00_15\sw\modules\fast\lib\32b\f28x\f2802x\</path>
         <kind>archive</kind>
         <file>2802xRevB_Fast_ONLY_ROMSymbols.lib</file>
         <name>REVB_2802x_boot_rom_out__EST_doSpeedCtrl_tmp.obj</name>
      </input_file>
      <input_file id="fl-53">
         <path>C:\ti\motorware\motorware_1_01_00_15\sw\modules\fast\lib\32b\f28x\f2802x\</path>
         <kind>archive</kind>
         <file>2802xRevB_Fast_ONLY_ROMSymbols.lib</file>
         <name>REVB_2802x_boot_rom_out__EST_genOutputLimits_Pid_Id_tmp.obj</name>
      </input_file>
      <input_file id="fl-54">
         <path>C:\ti\motorware\motorware_1_01_00_15\sw\modules\fast\lib\32b\f28x\f2802x\</path>
         <kind>archive</kind>
         <file>2802xRevB_Fast_ONLY_ROMSymbols.lib</file>
         <name>REVB_2802x_boot_rom_out__EST_genOutputLimits_Pid_Iq_tmp.obj</name>
      </input_file>
      <input_file id="fl-55">
         <path>C:\ti\motorware\motorware_1_01_00_15\sw\modules\fast\lib\32b\f28x\f2802x\</path>
         <kind>archive</kind>
         <file>2802xRevB_Fast_ONLY_ROMSymbols.lib</file>
         <name>REVB_2802x_boot_rom_out__EST_getAngle_pu_tmp.obj</name>
      </input_file>
      <input_file id="fl-56">
         <path>C:\ti\motorware\motorware_1_01_00_15\sw\modules\fast\lib\32b\f28x\f2802x\</path>
         <kind>archive</kind>
         <file>2802xRevB_Fast_ONLY_ROMSymbols.lib</file>
         <name>REVB_2802x_boot_rom_out__EST_getFlux_pu_tmp.obj</name>
      </input_file>
      <input_file id="fl-57">
         <path>C:\ti\motorware\motorware_1_01_00_15\sw\modules\fast\lib\32b\f28x\f2802x\</path>
         <kind>archive</kind>
         <file>2802xRevB_Fast_ONLY_ROMSymbols.lib</file>
         <name>REVB_2802x_boot_rom_out__EST_getFm_pu_tmp.obj</name>
      </input_file>
      <input_file id="fl-58">
         <path>C:\ti\motorware\motorware_1_01_00_15\sw\modules\fast\lib\32b\f28x\f2802x\</path>
         <kind>archive</kind>
         <file>2802xRevB_Fast_ONLY_ROMSymbols.lib</file>
         <name>REVB_2802x_boot_rom_out__EST_getFullScaleCurrent_tmp.obj</name>
      </input_file>
      <input_file id="fl-59">
         <path>C:\ti\motorware\motorware_1_01_00_15\sw\modules\fast\lib\32b\f28x\f2802x\</path>
         <kind>archive</kind>
         <file>2802xRevB_Fast_ONLY_ROMSymbols.lib</file>
         <name>REVB_2802x_boot_rom_out__EST_getFullScaleFlux_tmp.obj</name>
      </input_file>
      <input_file id="fl-5a">
         <path>C:\ti\motorware\motorware_1_01_00_15\sw\modules\fast\lib\32b\f28x\f2802x\</path>
         <kind>archive</kind>
         <file>2802xRevB_Fast_ONLY_ROMSymbols.lib</file>
         <name>REVB_2802x_boot_rom_out__EST_getFullScaleFreq_tmp.obj</name>
      </input_file>
      <input_file id="fl-5b">
         <path>C:\ti\motorware\motorware_1_01_00_15\sw\modules\fast\lib\32b\f28x\f2802x\</path>
         <kind>archive</kind>
         <file>2802xRevB_Fast_ONLY_ROMSymbols.lib</file>
         <name>REVB_2802x_boot_rom_out__EST_getFullScaleInductance_tmp.obj</name>
      </input_file>
      <input_file id="fl-5c">
         <path>C:\ti\motorware\motorware_1_01_00_15\sw\modules\fast\lib\32b\f28x\f2802x\</path>
         <kind>archive</kind>
         <file>2802xRevB_Fast_ONLY_ROMSymbols.lib</file>
         <name>REVB_2802x_boot_rom_out__EST_getFullScaleVoltage_tmp.obj</name>
      </input_file>
      <input_file id="fl-5d">
         <path>C:\ti\motorware\motorware_1_01_00_15\sw\modules\fast\lib\32b\f28x\f2802x\</path>
         <kind>archive</kind>
         <file>2802xRevB_Fast_ONLY_ROMSymbols.lib</file>
         <name>REVB_2802x_boot_rom_out__EST_getIab_pu_tmp.obj</name>
      </input_file>
      <input_file id="fl-5e">
         <path>C:\ti\motorware\motorware_1_01_00_15\sw\modules\fast\lib\32b\f28x\f2802x\</path>
         <kind>archive</kind>
         <file>2802xRevB_Fast_ONLY_ROMSymbols.lib</file>
         <name>REVB_2802x_boot_rom_out__EST_getLs_coarse_max_pu_tmp.obj</name>
      </input_file>
      <input_file id="fl-5f">
         <path>C:\ti\motorware\motorware_1_01_00_15\sw\modules\fast\lib\32b\f28x\f2802x\</path>
         <kind>archive</kind>
         <file>2802xRevB_Fast_ONLY_ROMSymbols.lib</file>
         <name>REVB_2802x_boot_rom_out__EST_getLs_d_H_tmp.obj</name>
      </input_file>
      <input_file id="fl-60">
         <path>C:\ti\motorware\motorware_1_01_00_15\sw\modules\fast\lib\32b\f28x\f2802x\</path>
         <kind>archive</kind>
         <file>2802xRevB_Fast_ONLY_ROMSymbols.lib</file>
         <name>REVB_2802x_boot_rom_out__EST_getLs_d_pu_tmp.obj</name>
      </input_file>
      <input_file id="fl-61">
         <path>C:\ti\motorware\motorware_1_01_00_15\sw\modules\fast\lib\32b\f28x\f2802x\</path>
         <kind>archive</kind>
         <file>2802xRevB_Fast_ONLY_ROMSymbols.lib</file>
         <name>REVB_2802x_boot_rom_out__EST_getLs_q_H_tmp.obj</name>
      </input_file>
      <input_file id="fl-62">
         <path>C:\ti\motorware\motorware_1_01_00_15\sw\modules\fast\lib\32b\f28x\f2802x\</path>
         <kind>archive</kind>
         <file>2802xRevB_Fast_ONLY_ROMSymbols.lib</file>
         <name>REVB_2802x_boot_rom_out__EST_getLs_q_pu_tmp.obj</name>
      </input_file>
      <input_file id="fl-63">
         <path>C:\ti\motorware\motorware_1_01_00_15\sw\modules\fast\lib\32b\f28x\f2802x\</path>
         <kind>archive</kind>
         <file>2802xRevB_Fast_ONLY_ROMSymbols.lib</file>
         <name>REVB_2802x_boot_rom_out__EST_getOneOverDcBus_pu_tmp.obj</name>
      </input_file>
      <input_file id="fl-64">
         <path>C:\ti\motorware\motorware_1_01_00_15\sw\modules\fast\lib\32b\f28x\f2802x\</path>
         <kind>archive</kind>
         <file>2802xRevB_Fast_ONLY_ROMSymbols.lib</file>
         <name>REVB_2802x_boot_rom_out__EST_getRs_Ohm_tmp.obj</name>
      </input_file>
      <input_file id="fl-65">
         <path>C:\ti\motorware\motorware_1_01_00_15\sw\modules\fast\lib\32b\f28x\f2802x\</path>
         <kind>archive</kind>
         <file>2802xRevB_Fast_ONLY_ROMSymbols.lib</file>
         <name>REVB_2802x_boot_rom_out__EST_getState_tmp.obj</name>
      </input_file>
      <input_file id="fl-66">
         <path>C:\ti\motorware\motorware_1_01_00_15\sw\modules\fast\lib\32b\f28x\f2802x\</path>
         <kind>archive</kind>
         <file>2802xRevB_Fast_ONLY_ROMSymbols.lib</file>
         <name>REVB_2802x_boot_rom_out__EST_get_krpm_to_pu_sf_tmp.obj</name>
      </input_file>
      <input_file id="fl-67">
         <path>C:\ti\motorware\motorware_1_01_00_15\sw\modules\fast\lib\32b\f28x\f2802x\</path>
         <kind>archive</kind>
         <file>2802xRevB_Fast_ONLY_ROMSymbols.lib</file>
         <name>REVB_2802x_boot_rom_out__EST_isError_tmp.obj</name>
      </input_file>
      <input_file id="fl-68">
         <path>C:\ti\motorware\motorware_1_01_00_15\sw\modules\fast\lib\32b\f28x\f2802x\</path>
         <kind>archive</kind>
         <file>2802xRevB_Fast_ONLY_ROMSymbols.lib</file>
         <name>REVB_2802x_boot_rom_out__EST_isIdle_tmp.obj</name>
      </input_file>
      <input_file id="fl-69">
         <path>C:\ti\motorware\motorware_1_01_00_15\sw\modules\fast\lib\32b\f28x\f2802x\</path>
         <kind>archive</kind>
         <file>2802xRevB_Fast_ONLY_ROMSymbols.lib</file>
         <name>REVB_2802x_boot_rom_out__EST_isLockRotor_tmp.obj</name>
      </input_file>
      <input_file id="fl-6a">
         <path>C:\ti\motorware\motorware_1_01_00_15\sw\modules\fast\lib\32b\f28x\f2802x\</path>
         <kind>archive</kind>
         <file>2802xRevB_Fast_ONLY_ROMSymbols.lib</file>
         <name>REVB_2802x_boot_rom_out__EST_isMotorIdentified_tmp.obj</name>
      </input_file>
      <input_file id="fl-6b">
         <path>C:\ti\motorware\motorware_1_01_00_15\sw\modules\fast\lib\32b\f28x\f2802x\</path>
         <kind>archive</kind>
         <file>2802xRevB_Fast_ONLY_ROMSymbols.lib</file>
         <name>REVB_2802x_boot_rom_out__EST_isOnLine_tmp.obj</name>
      </input_file>
      <input_file id="fl-6c">
         <path>C:\ti\motorware\motorware_1_01_00_15\sw\modules\fast\lib\32b\f28x\f2802x\</path>
         <kind>archive</kind>
         <file>2802xRevB_Fast_ONLY_ROMSymbols.lib</file>
         <name>REVB_2802x_boot_rom_out__EST_resetCounter_ctrl_tmp.obj</name>
      </input_file>
      <input_file id="fl-6d">
         <path>C:\ti\motorware\motorware_1_01_00_15\sw\modules\fast\lib\32b\f28x\f2802x\</path>
         <kind>archive</kind>
         <file>2802xRevB_Fast_ONLY_ROMSymbols.lib</file>
         <name>REVB_2802x_boot_rom_out__EST_resetCounter_state_tmp.obj</name>
      </input_file>
      <input_file id="fl-6e">
         <path>C:\ti\motorware\motorware_1_01_00_15\sw\modules\fast\lib\32b\f28x\f2802x\</path>
         <kind>archive</kind>
         <file>2802xRevB_Fast_ONLY_ROMSymbols.lib</file>
         <name>REVB_2802x_boot_rom_out__EST_run_tmp.obj</name>
      </input_file>
      <input_file id="fl-6f">
         <path>C:\ti\motorware\motorware_1_01_00_15\sw\modules\fast\lib\32b\f28x\f2802x\</path>
         <kind>archive</kind>
         <file>2802xRevB_Fast_ONLY_ROMSymbols.lib</file>
         <name>REVB_2802x_boot_rom_out__EST_setFlag_enableFluxControl_tmp.obj</name>
      </input_file>
      <input_file id="fl-70">
         <path>C:\ti\motorware\motorware_1_01_00_15\sw\modules\fast\lib\32b\f28x\f2802x\</path>
         <kind>archive</kind>
         <file>2802xRevB_Fast_ONLY_ROMSymbols.lib</file>
         <name>REVB_2802x_boot_rom_out__EST_setFlag_enableRsOnLine_tmp.obj</name>
      </input_file>
      <input_file id="fl-71">
         <path>C:\ti\motorware\motorware_1_01_00_15\sw\modules\fast\lib\32b\f28x\f2802x\</path>
         <kind>archive</kind>
         <file>2802xRevB_Fast_ONLY_ROMSymbols.lib</file>
         <name>REVB_2802x_boot_rom_out__EST_setFlag_enableRsRecalc_tmp.obj</name>
      </input_file>
      <input_file id="fl-72">
         <path>C:\ti\motorware\motorware_1_01_00_15\sw\modules\fast\lib\32b\f28x\f2802x\</path>
         <kind>archive</kind>
         <file>2802xRevB_Fast_ONLY_ROMSymbols.lib</file>
         <name>REVB_2802x_boot_rom_out__EST_setFlag_estComplete_tmp.obj</name>
      </input_file>
      <input_file id="fl-73">
         <path>C:\ti\motorware\motorware_1_01_00_15\sw\modules\fast\lib\32b\f28x\f2802x\</path>
         <kind>archive</kind>
         <file>2802xRevB_Fast_ONLY_ROMSymbols.lib</file>
         <name>REVB_2802x_boot_rom_out__EST_setFlag_updateRs_tmp.obj</name>
      </input_file>
      <input_file id="fl-74">
         <path>C:\ti\motorware\motorware_1_01_00_15\sw\modules\fast\lib\32b\f28x\f2802x\</path>
         <kind>archive</kind>
         <file>2802xRevB_Fast_ONLY_ROMSymbols.lib</file>
         <name>REVB_2802x_boot_rom_out__EST_setFullScaleCurrent_tmp.obj</name>
      </input_file>
      <input_file id="fl-75">
         <path>C:\ti\motorware\motorware_1_01_00_15\sw\modules\fast\lib\32b\f28x\f2802x\</path>
         <kind>archive</kind>
         <file>2802xRevB_Fast_ONLY_ROMSymbols.lib</file>
         <name>REVB_2802x_boot_rom_out__EST_setFullScaleFreq_tmp.obj</name>
      </input_file>
      <input_file id="fl-76">
         <path>C:\ti\motorware\motorware_1_01_00_15\sw\modules\fast\lib\32b\f28x\f2802x\</path>
         <kind>archive</kind>
         <file>2802xRevB_Fast_ONLY_ROMSymbols.lib</file>
         <name>REVB_2802x_boot_rom_out__EST_setFullScaleResistance_tmp.obj</name>
      </input_file>
      <input_file id="fl-77">
         <path>C:\ti\motorware\motorware_1_01_00_15\sw\modules\fast\lib\32b\f28x\f2802x\</path>
         <kind>archive</kind>
         <file>2802xRevB_Fast_ONLY_ROMSymbols.lib</file>
         <name>REVB_2802x_boot_rom_out__EST_setFullScaleVoltage_tmp.obj</name>
      </input_file>
      <input_file id="fl-78">
         <path>C:\ti\motorware\motorware_1_01_00_15\sw\modules\fast\lib\32b\f28x\f2802x\</path>
         <kind>archive</kind>
         <file>2802xRevB_Fast_ONLY_ROMSymbols.lib</file>
         <name>REVB_2802x_boot_rom_out__EST_setIdRated_pu_tmp.obj</name>
      </input_file>
      <input_file id="fl-79">
         <path>C:\ti\motorware\motorware_1_01_00_15\sw\modules\fast\lib\32b\f28x\f2802x\</path>
         <kind>archive</kind>
         <file>2802xRevB_Fast_ONLY_ROMSymbols.lib</file>
         <name>REVB_2802x_boot_rom_out__EST_setId_ref_pu_tmp.obj</name>
      </input_file>
      <input_file id="fl-7a">
         <path>C:\ti\motorware\motorware_1_01_00_15\sw\modules\fast\lib\32b\f28x\f2802x\</path>
         <kind>archive</kind>
         <file>2802xRevB_Fast_ONLY_ROMSymbols.lib</file>
         <name>REVB_2802x_boot_rom_out__EST_setIdle_tmp.obj</name>
      </input_file>
      <input_file id="fl-7b">
         <path>C:\ti\motorware\motorware_1_01_00_15\sw\modules\fast\lib\32b\f28x\f2802x\</path>
         <kind>archive</kind>
         <file>2802xRevB_Fast_ONLY_ROMSymbols.lib</file>
         <name>REVB_2802x_boot_rom_out__EST_setIdle_all_tmp.obj</name>
      </input_file>
      <input_file id="fl-7c">
         <path>C:\ti\motorware\motorware_1_01_00_15\sw\modules\fast\lib\32b\f28x\f2802x\</path>
         <kind>archive</kind>
         <file>2802xRevB_Fast_ONLY_ROMSymbols.lib</file>
         <name>REVB_2802x_boot_rom_out__EST_setIq_ref_pu_tmp.obj</name>
      </input_file>
      <input_file id="fl-7d">
         <path>C:\ti\motorware\motorware_1_01_00_15\sw\modules\fast\lib\32b\f28x\f2802x\</path>
         <kind>archive</kind>
         <file>2802xRevB_Fast_ONLY_ROMSymbols.lib</file>
         <name>REVB_2802x_boot_rom_out__EST_setLs_d_pu_tmp.obj</name>
      </input_file>
      <input_file id="fl-7e">
         <path>C:\ti\motorware\motorware_1_01_00_15\sw\modules\fast\lib\32b\f28x\f2802x\</path>
         <kind>archive</kind>
         <file>2802xRevB_Fast_ONLY_ROMSymbols.lib</file>
         <name>REVB_2802x_boot_rom_out__EST_setLs_qFmt_tmp.obj</name>
      </input_file>
      <input_file id="fl-7f">
         <path>C:\ti\motorware\motorware_1_01_00_15\sw\modules\fast\lib\32b\f28x\f2802x\</path>
         <kind>archive</kind>
         <file>2802xRevB_Fast_ONLY_ROMSymbols.lib</file>
         <name>REVB_2802x_boot_rom_out__EST_setLs_q_pu_tmp.obj</name>
      </input_file>
      <input_file id="fl-80">
         <path>C:\ti\motorware\motorware_1_01_00_15\sw\modules\fast\lib\32b\f28x\f2802x\</path>
         <kind>archive</kind>
         <file>2802xRevB_Fast_ONLY_ROMSymbols.lib</file>
         <name>REVB_2802x_boot_rom_out__EST_setMotorParams_tmp.obj</name>
      </input_file>
      <input_file id="fl-81">
         <path>C:\ti\motorware\motorware_1_01_00_15\sw\modules\fast\lib\32b\f28x\f2802x\</path>
         <kind>archive</kind>
         <file>2802xRevB_Fast_ONLY_ROMSymbols.lib</file>
         <name>REVB_2802x_boot_rom_out__EST_setRs_pu_tmp.obj</name>
      </input_file>
      <input_file id="fl-82">
         <path>C:\ti\motorware\motorware_1_01_00_15\sw\modules\fast\lib\32b\f28x\f2802x\</path>
         <kind>archive</kind>
         <file>2802xRevB_Fast_ONLY_ROMSymbols.lib</file>
         <name>REVB_2802x_boot_rom_out__EST_setWaitTimes_tmp.obj</name>
      </input_file>
      <input_file id="fl-83">
         <path>C:\ti\motorware\motorware_1_01_00_15\sw\modules\fast\lib\32b\f28x\f2802x\</path>
         <kind>archive</kind>
         <file>2802xRevB_Fast_ONLY_ROMSymbols.lib</file>
         <name>REVB_2802x_boot_rom_out__EST_updateId_ref_pu_tmp.obj</name>
      </input_file>
      <input_file id="fl-84">
         <path>C:\ti\motorware\motorware_1_01_00_15\sw\modules\fast\lib\32b\f28x\f2802x\</path>
         <kind>archive</kind>
         <file>2802xRevB_Fast_ONLY_ROMSymbols.lib</file>
         <name>REVB_2802x_boot_rom_out__EST_updateState_tmp.obj</name>
      </input_file>
      <input_file id="fl-85">
         <path>C:\ti\motorware\motorware_1_01_00_15\sw\modules\fast\lib\32b\f28x\f2802x\</path>
         <kind>archive</kind>
         <file>2802xRevB_Fast_ONLY_ROMSymbols.lib</file>
         <name>REVB_2802x_boot_rom_out__EST_useZeroIq_ref_tmp.obj</name>
      </input_file>
      <input_file id="fl-86">
         <path>C:\ti\motorware\motorware_1_01_00_15\sw\modules\fast\lib\32b\f28x\f2802x\</path>
         <kind>archive</kind>
         <file>2802xRevB_Fast_ONLY_ROMSymbols.lib</file>
         <name>REVB_2802x_boot_rom_out__OFFSET_init_tmp.obj</name>
      </input_file>
      <input_file id="fl-87">
         <path>C:\ti\motorware\motorware_1_01_00_15\sw\modules\fast\lib\32b\f28x\f2802x\</path>
         <kind>archive</kind>
         <file>2802xRevB_Fast_ONLY_ROMSymbols.lib</file>
         <name>REVB_2802x_boot_rom_out__OFFSET_setBeta_tmp.obj</name>
      </input_file>
      <input_file id="fl-88">
         <path>C:\ti\motorware\motorware_1_01_00_15\sw\modules\fast\lib\32b\f28x\f2802x\</path>
         <kind>archive</kind>
         <file>2802xRevB_Fast_ONLY_ROMSymbols.lib</file>
         <name>REVB_2802x_boot_rom_out__OFFSET_setInitCond_tmp.obj</name>
      </input_file>
      <input_file id="fl-89">
         <path>C:\ti\motorware\motorware_1_01_00_15\sw\modules\fast\lib\32b\f28x\f2802x\</path>
         <kind>archive</kind>
         <file>2802xRevB_Fast_ONLY_ROMSymbols.lib</file>
         <name>REVB_2802x_boot_rom_out__OFFSET_setOffset_tmp.obj</name>
      </input_file>
      <input_file id="fl-8a">
         <path>C:\ti\motorware\motorware_1_01_00_15\sw\modules\fast\lib\32b\f28x\f2802x\</path>
         <kind>archive</kind>
         <file>2802xRevB_Fast_IQ_ROMSymbols.lib</file>
         <name>REVB_2802x_boot_rom_out___IQ24cosPU_tmp.obj</name>
      </input_file>
      <input_file id="fl-8b">
         <path>C:\ti\motorware\motorware_1_01_00_15\sw\modules\fast\lib\32b\f28x\f2802x\</path>
         <kind>archive</kind>
         <file>2802xRevB_Fast_IQ_ROMSymbols.lib</file>
         <name>REVB_2802x_boot_rom_out___IQ24rmpy_tmp.obj</name>
      </input_file>
      <input_file id="fl-8c">
         <path>C:\ti\motorware\motorware_1_01_00_15\sw\modules\fast\lib\32b\f28x\f2802x\</path>
         <kind>archive</kind>
         <file>2802xRevB_Fast_IQ_ROMSymbols.lib</file>
         <name>REVB_2802x_boot_rom_out___IQ24sinPU_tmp.obj</name>
      </input_file>
      <input_file id="fl-8d">
         <path>C:\ti\motorware\motorware_1_01_00_15\sw\modules\fast\lib\32b\f28x\f2802x\</path>
         <kind>archive</kind>
         <file>2802xRevB_Fast_IQ_ROMSymbols.lib</file>
         <name>REVB_2802x_boot_rom_out___IQ29rsmpy_tmp.obj</name>
      </input_file>
      <input_file id="fl-8e">
         <path>C:\ti\motorware\motorware_1_01_00_15\sw\modules\fast\lib\32b\f28x\f2802x\</path>
         <kind>archive</kind>
         <file>2802xRevB_Fast_IQ_ROMSymbols.lib</file>
         <name>REVB_2802x_boot_rom_out___IQ30rsmpy_tmp.obj</name>
      </input_file>
      <input_file id="fl-8f">
         <path>C:\ti\motorware\motorware_1_01_00_15\sw\modules\fast\lib\32b\f28x\f2802x\</path>
         <kind>archive</kind>
         <file>2802xRevB_Fast_IQ_ROMSymbols.lib</file>
         <name>REVB_2802x_boot_rom_out___IQ30toF_tmp.obj</name>
      </input_file>
      <input_file id="fl-90">
         <path>C:\ti\ccsv6\tools\compiler\ti-cgt-c2000_6.4.9\lib\</path>
         <kind>archive</kind>
         <file>rts2800_ml.lib</file>
         <name>boot.obj</name>
      </input_file>
      <input_file id="fl-91">
         <path>C:\ti\ccsv6\tools\compiler\ti-cgt-c2000_6.4.9\lib\</path>
         <kind>archive</kind>
         <file>rts2800_ml.lib</file>
         <name>args_main.obj</name>
      </input_file>
      <input_file id="fl-92">
         <path>C:\ti\ccsv6\tools\compiler\ti-cgt-c2000_6.4.9\lib\</path>
         <kind>archive</kind>
         <file>rts2800_ml.lib</file>
         <name>exit.obj</name>
      </input_file>
      <input_file id="fl-93">
         <path>C:\ti\ccsv6\tools\compiler\ti-cgt-c2000_6.4.9\lib\</path>
         <kind>archive</kind>
         <file>rts2800_ml.lib</file>
         <name>_lock.obj</name>
      </input_file>
      <input_file id="fl-94">
         <path>C:\ti\motorware\motorware_1_01_00_15\sw\modules\fast\lib\32b\f28x\f2802x\</path>
         <kind>archive</kind>
         <file>2802xRevB_Fast_RTS_ROMSymbols.lib</file>
         <name>REVB_2802x_boot_rom_out__log_tmp.obj</name>
      </input_file>
      <input_file id="fl-95">
         <path>C:\ti\motorware\motorware_1_01_00_15\sw\modules\fast\lib\32b\f28x\f2802x\</path>
         <kind>archive</kind>
         <file>2802xRevB_Fast_RTS_ROMSymbols.lib</file>
         <name>REVB_2802x_boot_rom_out__modf_tmp.obj</name>
      </input_file>
      <input_file id="fl-96">
         <path>C:\ti\motorware\motorware_1_01_00_15\sw\modules\fast\lib\32b\f28x\f2802x\</path>
         <kind>archive</kind>
         <file>2802xRevB_Fast_RTS_ROMSymbols.lib</file>
         <name>REVB_2802x_boot_rom_out__pow_tmp.obj</name>
      </input_file>
      <input_file id="fl-97">
         <path>C:\ti\ccsv6\tools\compiler\ti-cgt-c2000_6.4.9\lib\</path>
         <kind>archive</kind>
         <file>rts2800_ml.lib</file>
         <name>sqrt.obj</name>
      </input_file>
      <input_file id="fl-98">
         <path>C:\ti\motorware\motorware_1_01_00_15\sw\modules\fast\lib\32b\f28x\f2802x\</path>
         <kind>archive</kind>
         <file>2802xRevB_Fast_RTS_ROMSymbols.lib</file>
         <name>REVB_2802x_boot_rom_out_FS$$SUB_tmp.obj</name>
      </input_file>
      <input_file id="fl-99">
         <path>C:\ti\motorware\motorware_1_01_00_15\sw\modules\fast\lib\32b\f28x\f2802x\</path>
         <kind>archive</kind>
         <file>2802xRevB_Fast_RTS_ROMSymbols.lib</file>
         <name>REVB_2802x_boot_rom_out__errno_tmp.obj</name>
      </input_file>
      <input_file id="fl-9a">
         <path>C:\ti\motorware\motorware_1_01_00_15\sw\modules\fast\lib\32b\f28x\f2802x\</path>
         <kind>archive</kind>
         <file>2802xRevB_Fast_RTS_ROMSymbols.lib</file>
         <name>REVB_2802x_boot_rom_out__ldexp_tmp.obj</name>
      </input_file>
   </input_file_list>
   <object_component_list>
      <object_component id="oc-53">
         <name>.cinit</name>
         <load_address>0x3f2f4a</load_address>
         <run_address>0x3f2f4a</run_address>
         <size>0x8a</size>
         <input_file_ref idref="fl-13"/>
      </object_component>
      <object_component id="oc-99">
         <name>.cinit</name>
         <load_address>0x3f2fd4</load_address>
         <run_address>0x3f2fd4</run_address>
         <size>0xa</size>
         <input_file_ref idref="fl-92"/>
      </object_component>
      <object_component id="oc-ae">
         <name>.cinit:__lock</name>
         <load_address>0x3f2fde</load_address>
         <run_address>0x3f2fde</run_address>
         <size>0x5</size>
         <input_file_ref idref="fl-93"/>
      </object_component>
      <object_component id="oc-b3">
         <name>.cinit:__unlock</name>
         <load_address>0x3f2fe3</load_address>
         <run_address>0x3f2fe3</run_address>
         <size>0x5</size>
         <input_file_ref idref="fl-93"/>
      </object_component>
      <object_component id="oc-86">
         <name>.text</name>
         <load_address>0x3f0000</load_address>
         <run_address>0x3f0000</run_address>
         <size>0xe94</size>
         <input_file_ref idref="fl-2c"/>
      </object_component>
      <object_component id="oc-b0">
         <name>.text</name>
         <load_address>0x3f0e94</load_address>
         <run_address>0x3f0e94</run_address>
         <size>0x7f9</size>
         <input_file_ref idref="fl-e"/>
      </object_component>
      <object_component id="oc-84">
         <name>.text</name>
         <load_address>0x3f168d</load_address>
         <run_address>0x3f168d</run_address>
         <size>0x6f3</size>
         <input_file_ref idref="fl-2b"/>
      </object_component>
      <object_component id="oc-b1">
         <name>.text</name>
         <load_address>0x3f1d80</load_address>
         <run_address>0x3f1d80</run_address>
         <size>0x4c9</size>
         <input_file_ref idref="fl-18"/>
      </object_component>
      <object_component id="oc-b5">
         <name>.text</name>
         <load_address>0x3f2249</load_address>
         <run_address>0x3f2249</run_address>
         <size>0x2f7</size>
         <input_file_ref idref="fl-14"/>
      </object_component>
      <object_component id="oc-b9">
         <name>.text</name>
         <load_address>0x3f2540</load_address>
         <run_address>0x3f2540</run_address>
         <size>0x1f7</size>
         <input_file_ref idref="fl-9"/>
      </object_component>
      <object_component id="oc-ab">
         <name>.text</name>
         <load_address>0x3f2737</load_address>
         <run_address>0x3f2737</run_address>
         <size>0x166</size>
         <input_file_ref idref="fl-d"/>
      </object_component>
      <object_component id="oc-b6">
         <name>.text</name>
         <load_address>0x3f289d</load_address>
         <run_address>0x3f289d</run_address>
         <size>0x12c</size>
         <input_file_ref idref="fl-a"/>
      </object_component>
      <object_component id="oc-b8">
         <name>.text</name>
         <load_address>0x3f29c9</load_address>
         <run_address>0x3f29c9</run_address>
         <size>0x102</size>
         <input_file_ref idref="fl-11"/>
      </object_component>
      <object_component id="oc-56">
         <name>.text:retain</name>
         <load_address>0x3f2acb</load_address>
         <run_address>0x3f2acb</run_address>
         <size>0xbb</size>
         <input_file_ref idref="fl-13"/>
      </object_component>
      <object_component id="oc-ac">
         <name>.text</name>
         <load_address>0x3f2b86</load_address>
         <run_address>0x3f2b86</run_address>
         <size>0x8b</size>
         <input_file_ref idref="fl-13"/>
      </object_component>
      <object_component id="oc-b7">
         <name>.text</name>
         <load_address>0x3f2c11</load_address>
         <run_address>0x3f2c11</run_address>
         <size>0x5c</size>
         <input_file_ref idref="fl-12"/>
      </object_component>
      <object_component id="oc-c0">
         <name>.text</name>
         <load_address>0x3f2c6d</load_address>
         <run_address>0x3f2c6d</run_address>
         <size>0x51</size>
         <input_file_ref idref="fl-97"/>
      </object_component>
      <object_component id="oc-bd">
         <name>.text</name>
         <load_address>0x3f2cbe</load_address>
         <run_address>0x3f2cbe</run_address>
         <size>0x47</size>
         <input_file_ref idref="fl-19"/>
      </object_component>
      <object_component id="oc-bf">
         <name>.text</name>
         <load_address>0x3f2d05</load_address>
         <run_address>0x3f2d05</run_address>
         <size>0x45</size>
         <input_file_ref idref="fl-15"/>
      </object_component>
      <object_component id="oc-15">
         <name>.text</name>
         <load_address>0x3f2d4a</load_address>
         <run_address>0x3f2d4a</run_address>
         <size>0x44</size>
         <input_file_ref idref="fl-90"/>
      </object_component>
      <object_component id="oc-b4">
         <name>.text</name>
         <load_address>0x3f2d8e</load_address>
         <run_address>0x3f2d8e</run_address>
         <size>0x33</size>
         <input_file_ref idref="fl-16"/>
      </object_component>
      <object_component id="oc-ba">
         <name>.text</name>
         <load_address>0x3f2dc1</load_address>
         <run_address>0x3f2dc1</run_address>
         <size>0x2e</size>
         <input_file_ref idref="fl-10"/>
      </object_component>
      <object_component id="oc-88">
         <name>.text</name>
         <load_address>0x3f2def</load_address>
         <run_address>0x3f2def</run_address>
         <size>0x2a</size>
         <input_file_ref idref="fl-2d"/>
      </object_component>
      <object_component id="oc-bb">
         <name>.text</name>
         <load_address>0x3f2e19</load_address>
         <run_address>0x3f2e19</run_address>
         <size>0x25</size>
         <input_file_ref idref="fl-b"/>
      </object_component>
      <object_component id="oc-be">
         <name>.text</name>
         <load_address>0x3f2e3e</load_address>
         <run_address>0x3f2e3e</run_address>
         <size>0x21</size>
         <input_file_ref idref="fl-c"/>
      </object_component>
      <object_component id="oc-7f">
         <name>.text</name>
         <load_address>0x3f2e5f</load_address>
         <run_address>0x3f2e5f</run_address>
         <size>0x21</size>
         <input_file_ref idref="fl-27"/>
      </object_component>
      <object_component id="oc-7a">
         <name>.text</name>
         <load_address>0x3f2e80</load_address>
         <run_address>0x3f2e80</run_address>
         <size>0x1d</size>
         <input_file_ref idref="fl-26"/>
      </object_component>
      <object_component id="oc-a9">
         <name>.text</name>
         <load_address>0x3f2e9d</load_address>
         <run_address>0x3f2e9d</run_address>
         <size>0x19</size>
         <input_file_ref idref="fl-91"/>
      </object_component>
      <object_component id="oc-aa">
         <name>.text</name>
         <load_address>0x3f2eb6</load_address>
         <run_address>0x3f2eb6</run_address>
         <size>0x19</size>
         <input_file_ref idref="fl-92"/>
      </object_component>
      <object_component id="oc-af">
         <name>.text</name>
         <load_address>0x3f2ecf</load_address>
         <run_address>0x3f2ecf</run_address>
         <size>0x11</size>
         <input_file_ref idref="fl-f"/>
      </object_component>
      <object_component id="oc-b2">
         <name>.text</name>
         <load_address>0x3f2ee0</load_address>
         <run_address>0x3f2ee0</run_address>
         <size>0x9</size>
         <input_file_ref idref="fl-93"/>
      </object_component>
      <object_component id="oc-16">
         <name>.text</name>
         <load_address>0x3f2ee9</load_address>
         <run_address>0x3f2ee9</run_address>
         <size>0x8</size>
         <input_file_ref idref="fl-8"/>
      </object_component>
      <object_component id="oc-48">
         <name>.text:retain</name>
         <load_address>0x3f2ef1</load_address>
         <run_address>0x3f2ef1</run_address>
         <size>0x5</size>
         <input_file_ref idref="fl-11"/>
      </object_component>
      <object_component id="oc-17">
         <name>codestart</name>
         <load_address>0x3f7ff6</load_address>
         <run_address>0x3f7ff6</run_address>
         <size>0x2</size>
         <input_file_ref idref="fl-8"/>
      </object_component>
      <object_component id="oc-c2">
         <name>ramfuncs</name>
         <load_address>0x3f2ef6</load_address>
         <run_address>0x8000</run_address>
         <size>0x32</size>
         <input_file_ref idref="fl-c"/>
      </object_component>
      <object_component id="oc-bc">
         <name>ramfuncs</name>
         <load_address>0x3f2f28</load_address>
         <run_address>0x8032</run_address>
         <size>0x1e</size>
         <input_file_ref idref="fl-e"/>
      </object_component>
      <object_component id="oc-6a">
         <name>ramfuncs</name>
         <load_address>0x3f2f46</load_address>
         <run_address>0x8050</run_address>
         <size>0x4</size>
         <input_file_ref idref="fl-17"/>
      </object_component>
      <object_component id="oc-8d">
         <name>.stack</name>
         <uninitialized>true</uninitialized>
         <run_address>0x0</run_address>
         <size>0x0</size>
         <input_file_ref idref="fl-90"/>
      </object_component>
      <object_component id="oc-e0">
         <name>.stack</name>
         <uninitialized>true</uninitialized>
         <run_address>0x0</run_address>
         <size>0x0</size>
      </object_component>
      <object_component id="oc-27">
         <name>.ebss</name>
         <uninitialized>true</uninitialized>
         <run_address>0x88b0</run_address>
         <size>0x1</size>
         <input_file_ref idref="fl-b"/>
      </object_component>
      <object_component id="oc-54">
         <name>.ebss</name>
         <uninitialized>true</uninitialized>
         <run_address>0x8800</run_address>
         <size>0xa8</size>
         <input_file_ref idref="fl-13"/>
      </object_component>
      <object_component id="oc-9a">
         <name>.ebss</name>
         <uninitialized>true</uninitialized>
         <run_address>0x88a8</run_address>
         <size>0x4</size>
         <input_file_ref idref="fl-92"/>
      </object_component>
      <object_component id="oc-c1">
         <name>.ebss:__unlock</name>
         <uninitialized>true</uninitialized>
         <run_address>0x88ae</run_address>
         <size>0x2</size>
         <input_file_ref idref="fl-93"/>
      </object_component>
      <object_component id="oc-ad">
         <name>.ebss:__lock</name>
         <uninitialized>true</uninitialized>
         <run_address>0x88ac</run_address>
         <size>0x2</size>
         <input_file_ref idref="fl-93"/>
      </object_component>
      <object_component id="oc-37">
         <name>rom_accessed_data</name>
         <uninitialized>true</uninitialized>
         <run_address>0x300</run_address>
         <size>0xa6</size>
         <input_file_ref idref="fl-e"/>
      </object_component>
      <object_component id="oc-55">
         <name>rom_accessed_data</name>
         <uninitialized>true</uninitialized>
         <run_address>0x200</run_address>
         <size>0xec</size>
         <input_file_ref idref="fl-13"/>
      </object_component>
      <object_component id="oc-87">
         <name>.econst</name>
         <load_address>0x3f6000</load_address>
         <run_address>0x3a6</run_address>
         <size>0x5c</size>
         <input_file_ref idref="fl-2c"/>
      </object_component>
      <object_component id="oc-85">
         <name>.econst</name>
         <load_address>0x3f605c</load_address>
         <run_address>0x402</run_address>
         <size>0x1c</size>
         <input_file_ref idref="fl-2b"/>
      </object_component>
      <object_component id="oc-70">
         <name>.econst</name>
         <load_address>0x3f6078</load_address>
         <run_address>0x41e</run_address>
         <size>0x8</size>
         <input_file_ref idref="fl-18"/>
      </object_component>
      <object_component id="oc-38">
         <name>.econst</name>
         <load_address>0x3f6080</load_address>
         <run_address>0x426</run_address>
         <size>0x4</size>
         <input_file_ref idref="fl-e"/>
      </object_component>
      <object_component id="oc-8e">
         <name>.reset</name>
         <load_address>0x3fffc0</load_address>
         <run_address>0x3fffc0</run_address>
         <size>0x2</size>
         <input_file_ref idref="fl-90"/>
      </object_component>
      <object_component id="oc-18">
         <name>.debug_info</name>
         <load_address>0x0</load_address>
         <run_address>0x0</run_address>
         <size>0x225</size>
         <input_file_ref idref="fl-8"/>
      </object_component>
      <object_component id="oc-1c">
         <name>.debug_info</name>
         <load_address>0x225</load_address>
         <run_address>0x225</run_address>
         <size>0x4299</size>
         <input_file_ref idref="fl-9"/>
      </object_component>
      <object_component id="oc-21">
         <name>.debug_info</name>
         <load_address>0x44be</load_address>
         <run_address>0x44be</run_address>
         <size>0x3c0b</size>
         <input_file_ref idref="fl-a"/>
      </object_component>
      <object_component id="oc-26">
         <name>.debug_info</name>
         <load_address>0x80c9</load_address>
         <run_address>0x80c9</run_address>
         <size>0x104a</size>
         <input_file_ref idref="fl-b"/>
      </object_component>
      <object_component id="oc-2c">
         <name>.debug_info</name>
         <load_address>0x9113</load_address>
         <run_address>0x9113</run_address>
         <size>0x2039</size>
         <input_file_ref idref="fl-c"/>
      </object_component>
      <object_component id="oc-31">
         <name>.debug_info</name>
         <load_address>0xb14c</load_address>
         <run_address>0xb14c</run_address>
         <size>0x29ad</size>
         <input_file_ref idref="fl-d"/>
      </object_component>
      <object_component id="oc-36">
         <name>.debug_info</name>
         <load_address>0xdaf9</load_address>
         <run_address>0xdaf9</run_address>
         <size>0xd9ff</size>
         <input_file_ref idref="fl-e"/>
      </object_component>
      <object_component id="oc-3d">
         <name>.debug_info</name>
         <load_address>0x1b4f8</load_address>
         <run_address>0x1b4f8</run_address>
         <size>0x4ab</size>
         <input_file_ref idref="fl-f"/>
      </object_component>
      <object_component id="oc-42">
         <name>.debug_info</name>
         <load_address>0x1b9a3</load_address>
         <run_address>0x1b9a3</run_address>
         <size>0x9fa</size>
         <input_file_ref idref="fl-10"/>
      </object_component>
      <object_component id="oc-47">
         <name>.debug_info</name>
         <load_address>0x1c39d</load_address>
         <run_address>0x1c39d</run_address>
         <size>0x4010</size>
         <input_file_ref idref="fl-11"/>
      </object_component>
      <object_component id="oc-4d">
         <name>.debug_info</name>
         <load_address>0x203ad</load_address>
         <run_address>0x203ad</run_address>
         <size>0x19bb</size>
         <input_file_ref idref="fl-12"/>
      </object_component>
      <object_component id="oc-52">
         <name>.debug_info</name>
         <load_address>0x21d68</load_address>
         <run_address>0x21d68</run_address>
         <size>0x5dd7</size>
         <input_file_ref idref="fl-13"/>
      </object_component>
      <object_component id="oc-5b">
         <name>.debug_info</name>
         <load_address>0x27b3f</load_address>
         <run_address>0x27b3f</run_address>
         <size>0xae84</size>
         <input_file_ref idref="fl-14"/>
      </object_component>
      <object_component id="oc-60">
         <name>.debug_info</name>
         <load_address>0x329c3</load_address>
         <run_address>0x329c3</run_address>
         <size>0x1367</size>
         <input_file_ref idref="fl-15"/>
      </object_component>
      <object_component id="oc-65">
         <name>.debug_info</name>
         <load_address>0x33d2a</load_address>
         <run_address>0x33d2a</run_address>
         <size>0xef5</size>
         <input_file_ref idref="fl-16"/>
      </object_component>
      <object_component id="oc-6b">
         <name>.debug_info</name>
         <load_address>0x34c1f</load_address>
         <run_address>0x34c1f</run_address>
         <size>0x1ab</size>
         <input_file_ref idref="fl-17"/>
      </object_component>
      <object_component id="oc-6f">
         <name>.debug_info</name>
         <load_address>0x34dca</load_address>
         <run_address>0x34dca</run_address>
         <size>0x4aeb</size>
         <input_file_ref idref="fl-18"/>
      </object_component>
      <object_component id="oc-75">
         <name>.debug_info</name>
         <load_address>0x398b5</load_address>
         <run_address>0x398b5</run_address>
         <size>0x12a7</size>
         <input_file_ref idref="fl-19"/>
      </object_component>
      <object_component id="oc-7b">
         <name>.debug_info</name>
         <load_address>0x3ab5c</load_address>
         <run_address>0x3ab5c</run_address>
         <size>0x116</size>
         <input_file_ref idref="fl-26"/>
      </object_component>
      <object_component id="oc-80">
         <name>.debug_info</name>
         <load_address>0x3ac72</load_address>
         <run_address>0x3ac72</run_address>
         <size>0x119</size>
         <input_file_ref idref="fl-27"/>
      </object_component>
      <object_component id="oc-89">
         <name>.debug_info</name>
         <load_address>0x3ad8b</load_address>
         <run_address>0x3ad8b</run_address>
         <size>0x19b</size>
         <input_file_ref idref="fl-2d"/>
      </object_component>
      <object_component id="oc-8f">
         <name>.debug_info</name>
         <load_address>0x3af26</load_address>
         <run_address>0x3af26</run_address>
         <size>0x128</size>
         <input_file_ref idref="fl-90"/>
      </object_component>
      <object_component id="oc-93">
         <name>.debug_info</name>
         <load_address>0x3b04e</load_address>
         <run_address>0x3b04e</run_address>
         <size>0x416</size>
         <input_file_ref idref="fl-91"/>
      </object_component>
      <object_component id="oc-98">
         <name>.debug_info</name>
         <load_address>0x3b464</load_address>
         <run_address>0x3b464</run_address>
         <size>0x41f</size>
         <input_file_ref idref="fl-92"/>
      </object_component>
      <object_component id="oc-9f">
         <name>.debug_info</name>
         <load_address>0x3b883</load_address>
         <run_address>0x3b883</run_address>
         <size>0x449</size>
         <input_file_ref idref="fl-93"/>
      </object_component>
      <object_component id="oc-a4">
         <name>.debug_info</name>
         <load_address>0x3bccc</load_address>
         <run_address>0x3bccc</run_address>
         <size>0x3e1</size>
         <input_file_ref idref="fl-97"/>
      </object_component>
      <object_component id="oc-e1">
         <name>.debug_info</name>
         <load_address>0x3c0ad</load_address>
         <run_address>0x3c0ad</run_address>
         <size>0xf2</size>
      </object_component>
      <object_component id="oc-19">
         <name>.debug_line</name>
         <load_address>0x0</load_address>
         <run_address>0x0</run_address>
         <size>0xa0</size>
         <input_file_ref idref="fl-8"/>
      </object_component>
      <object_component id="oc-1e">
         <name>.debug_line</name>
         <load_address>0xa0</load_address>
         <run_address>0xa0</run_address>
         <size>0x36f</size>
         <input_file_ref idref="fl-9"/>
      </object_component>
      <object_component id="oc-23">
         <name>.debug_line</name>
         <load_address>0x40f</load_address>
         <run_address>0x40f</run_address>
         <size>0x452</size>
         <input_file_ref idref="fl-a"/>
      </object_component>
      <object_component id="oc-29">
         <name>.debug_line</name>
         <load_address>0x861</load_address>
         <run_address>0x861</run_address>
         <size>0x14d</size>
         <input_file_ref idref="fl-b"/>
      </object_component>
      <object_component id="oc-2e">
         <name>.debug_line</name>
         <load_address>0x9ae</load_address>
         <run_address>0x9ae</run_address>
         <size>0x1d5</size>
         <input_file_ref idref="fl-c"/>
      </object_component>
      <object_component id="oc-33">
         <name>.debug_line</name>
         <load_address>0xb83</load_address>
         <run_address>0xb83</run_address>
         <size>0x272</size>
         <input_file_ref idref="fl-d"/>
      </object_component>
      <object_component id="oc-3a">
         <name>.debug_line</name>
         <load_address>0xdf5</load_address>
         <run_address>0xdf5</run_address>
         <size>0xaca</size>
         <input_file_ref idref="fl-e"/>
      </object_component>
      <object_component id="oc-3f">
         <name>.debug_line</name>
         <load_address>0x18bf</load_address>
         <run_address>0x18bf</run_address>
         <size>0x87</size>
         <input_file_ref idref="fl-f"/>
      </object_component>
      <object_component id="oc-44">
         <name>.debug_line</name>
         <load_address>0x1946</load_address>
         <run_address>0x1946</run_address>
         <size>0xd5</size>
         <input_file_ref idref="fl-10"/>
      </object_component>
      <object_component id="oc-4a">
         <name>.debug_line</name>
         <load_address>0x1a1b</load_address>
         <run_address>0x1a1b</run_address>
         <size>0x30f</size>
         <input_file_ref idref="fl-11"/>
      </object_component>
      <object_component id="oc-4f">
         <name>.debug_line</name>
         <load_address>0x1d2a</load_address>
         <run_address>0x1d2a</run_address>
         <size>0x1e4</size>
         <input_file_ref idref="fl-12"/>
      </object_component>
      <object_component id="oc-58">
         <name>.debug_line</name>
         <load_address>0x1f0e</load_address>
         <run_address>0x1f0e</run_address>
         <size>0x364</size>
         <input_file_ref idref="fl-13"/>
      </object_component>
      <object_component id="oc-5d">
         <name>.debug_line</name>
         <load_address>0x2272</load_address>
         <run_address>0x2272</run_address>
         <size>0xa34</size>
         <input_file_ref idref="fl-14"/>
      </object_component>
      <object_component id="oc-62">
         <name>.debug_line</name>
         <load_address>0x2ca6</load_address>
         <run_address>0x2ca6</run_address>
         <size>0x10d</size>
         <input_file_ref idref="fl-15"/>
      </object_component>
      <object_component id="oc-67">
         <name>.debug_line</name>
         <load_address>0x2db3</load_address>
         <run_address>0x2db3</run_address>
         <size>0x122</size>
         <input_file_ref idref="fl-16"/>
      </object_component>
      <object_component id="oc-6c">
         <name>.debug_line</name>
         <load_address>0x2ed5</load_address>
         <run_address>0x2ed5</run_address>
         <size>0x81</size>
         <input_file_ref idref="fl-17"/>
      </object_component>
      <object_component id="oc-72">
         <name>.debug_line</name>
         <load_address>0x2f56</load_address>
         <run_address>0x2f56</run_address>
         <size>0x490</size>
         <input_file_ref idref="fl-18"/>
      </object_component>
      <object_component id="oc-77">
         <name>.debug_line</name>
         <load_address>0x33e6</load_address>
         <run_address>0x33e6</run_address>
         <size>0x16c</size>
         <input_file_ref idref="fl-19"/>
      </object_component>
      <object_component id="oc-7c">
         <name>.debug_line</name>
         <load_address>0x3552</load_address>
         <run_address>0x3552</run_address>
         <size>0x56</size>
         <input_file_ref idref="fl-26"/>
      </object_component>
      <object_component id="oc-81">
         <name>.debug_line</name>
         <load_address>0x35a8</load_address>
         <run_address>0x35a8</run_address>
         <size>0x59</size>
         <input_file_ref idref="fl-27"/>
      </object_component>
      <object_component id="oc-8a">
         <name>.debug_line</name>
         <load_address>0x3601</load_address>
         <run_address>0x3601</run_address>
         <size>0x8e</size>
         <input_file_ref idref="fl-2d"/>
      </object_component>
      <object_component id="oc-90">
         <name>.debug_line</name>
         <load_address>0x368f</load_address>
         <run_address>0x368f</run_address>
         <size>0x73</size>
         <input_file_ref idref="fl-90"/>
      </object_component>
      <object_component id="oc-95">
         <name>.debug_line</name>
         <load_address>0x3702</load_address>
         <run_address>0x3702</run_address>
         <size>0x59</size>
         <input_file_ref idref="fl-91"/>
      </object_component>
      <object_component id="oc-9c">
         <name>.debug_line</name>
         <load_address>0x375b</load_address>
         <run_address>0x375b</run_address>
         <size>0x5d</size>
         <input_file_ref idref="fl-92"/>
      </object_component>
      <object_component id="oc-a1">
         <name>.debug_line</name>
         <load_address>0x37b8</load_address>
         <run_address>0x37b8</run_address>
         <size>0x5e</size>
         <input_file_ref idref="fl-93"/>
      </object_component>
      <object_component id="oc-a6">
         <name>.debug_line</name>
         <load_address>0x3816</load_address>
         <run_address>0x3816</run_address>
         <size>0x57</size>
         <input_file_ref idref="fl-97"/>
      </object_component>
      <object_component id="oc-1a">
         <name>.debug_abbrev</name>
         <load_address>0x0</load_address>
         <run_address>0x0</run_address>
         <size>0x21</size>
         <input_file_ref idref="fl-8"/>
      </object_component>
      <object_component id="oc-1f">
         <name>.debug_abbrev</name>
         <load_address>0x21</load_address>
         <run_address>0x21</run_address>
         <size>0x181</size>
         <input_file_ref idref="fl-9"/>
      </object_component>
      <object_component id="oc-24">
         <name>.debug_abbrev</name>
         <load_address>0x1a2</load_address>
         <run_address>0x1a2</run_address>
         <size>0x16b</size>
         <input_file_ref idref="fl-a"/>
      </object_component>
      <object_component id="oc-2a">
         <name>.debug_abbrev</name>
         <load_address>0x30d</load_address>
         <run_address>0x30d</run_address>
         <size>0x112</size>
         <input_file_ref idref="fl-b"/>
      </object_component>
      <object_component id="oc-2f">
         <name>.debug_abbrev</name>
         <load_address>0x41f</load_address>
         <run_address>0x41f</run_address>
         <size>0x157</size>
         <input_file_ref idref="fl-c"/>
      </object_component>
      <object_component id="oc-34">
         <name>.debug_abbrev</name>
         <load_address>0x576</load_address>
         <run_address>0x576</run_address>
         <size>0x162</size>
         <input_file_ref idref="fl-d"/>
      </object_component>
      <object_component id="oc-3b">
         <name>.debug_abbrev</name>
         <load_address>0x6d8</load_address>
         <run_address>0x6d8</run_address>
         <size>0x232</size>
         <input_file_ref idref="fl-e"/>
      </object_component>
      <object_component id="oc-40">
         <name>.debug_abbrev</name>
         <load_address>0x90a</load_address>
         <run_address>0x90a</run_address>
         <size>0xa3</size>
         <input_file_ref idref="fl-f"/>
      </object_component>
      <object_component id="oc-45">
         <name>.debug_abbrev</name>
         <load_address>0x9ad</load_address>
         <run_address>0x9ad</run_address>
         <size>0x100</size>
         <input_file_ref idref="fl-10"/>
      </object_component>
      <object_component id="oc-4b">
         <name>.debug_abbrev</name>
         <load_address>0xaad</load_address>
         <run_address>0xaad</run_address>
         <size>0x189</size>
         <input_file_ref idref="fl-11"/>
      </object_component>
      <object_component id="oc-50">
         <name>.debug_abbrev</name>
         <load_address>0xc36</load_address>
         <run_address>0xc36</run_address>
         <size>0x16b</size>
         <input_file_ref idref="fl-12"/>
      </object_component>
      <object_component id="oc-59">
         <name>.debug_abbrev</name>
         <load_address>0xda1</load_address>
         <run_address>0xda1</run_address>
         <size>0x18d</size>
         <input_file_ref idref="fl-13"/>
      </object_component>
      <object_component id="oc-5e">
         <name>.debug_abbrev</name>
         <load_address>0xf2e</load_address>
         <run_address>0xf2e</run_address>
         <size>0x174</size>
         <input_file_ref idref="fl-14"/>
      </object_component>
      <object_component id="oc-63">
         <name>.debug_abbrev</name>
         <load_address>0x10a2</load_address>
         <run_address>0x10a2</run_address>
         <size>0x114</size>
         <input_file_ref idref="fl-15"/>
      </object_component>
      <object_component id="oc-68">
         <name>.debug_abbrev</name>
         <load_address>0x11b6</load_address>
         <run_address>0x11b6</run_address>
         <size>0x112</size>
         <input_file_ref idref="fl-16"/>
      </object_component>
      <object_component id="oc-6d">
         <name>.debug_abbrev</name>
         <load_address>0x12c8</load_address>
         <run_address>0x12c8</run_address>
         <size>0x2f</size>
         <input_file_ref idref="fl-17"/>
      </object_component>
      <object_component id="oc-73">
         <name>.debug_abbrev</name>
         <load_address>0x12f7</load_address>
         <run_address>0x12f7</run_address>
         <size>0x1a6</size>
         <input_file_ref idref="fl-18"/>
      </object_component>
      <object_component id="oc-78">
         <name>.debug_abbrev</name>
         <load_address>0x149d</load_address>
         <run_address>0x149d</run_address>
         <size>0x114</size>
         <input_file_ref idref="fl-19"/>
      </object_component>
      <object_component id="oc-7d">
         <name>.debug_abbrev</name>
         <load_address>0x15b1</load_address>
         <run_address>0x15b1</run_address>
         <size>0x38</size>
         <input_file_ref idref="fl-26"/>
      </object_component>
      <object_component id="oc-82">
         <name>.debug_abbrev</name>
         <load_address>0x15e9</load_address>
         <run_address>0x15e9</run_address>
         <size>0x38</size>
         <input_file_ref idref="fl-27"/>
      </object_component>
      <object_component id="oc-8b">
         <name>.debug_abbrev</name>
         <load_address>0x1621</load_address>
         <run_address>0x1621</run_address>
         <size>0x38</size>
         <input_file_ref idref="fl-2d"/>
      </object_component>
      <object_component id="oc-91">
         <name>.debug_abbrev</name>
         <load_address>0x1659</load_address>
         <run_address>0x1659</run_address>
         <size>0x46</size>
         <input_file_ref idref="fl-90"/>
      </object_component>
      <object_component id="oc-96">
         <name>.debug_abbrev</name>
         <load_address>0x169f</load_address>
         <run_address>0x169f</run_address>
         <size>0xfe</size>
         <input_file_ref idref="fl-91"/>
      </object_component>
      <object_component id="oc-9d">
         <name>.debug_abbrev</name>
         <load_address>0x179d</load_address>
         <run_address>0x179d</run_address>
         <size>0x117</size>
         <input_file_ref idref="fl-92"/>
      </object_component>
      <object_component id="oc-a2">
         <name>.debug_abbrev</name>
         <load_address>0x18b4</load_address>
         <run_address>0x18b4</run_address>
         <size>0xb2</size>
         <input_file_ref idref="fl-93"/>
      </object_component>
      <object_component id="oc-a7">
         <name>.debug_abbrev</name>
         <load_address>0x1966</load_address>
         <run_address>0x1966</run_address>
         <size>0xbb</size>
         <input_file_ref idref="fl-97"/>
      </object_component>
      <object_component id="oc-e2">
         <name>.debug_abbrev</name>
         <load_address>0x1a21</load_address>
         <run_address>0x1a21</run_address>
         <size>0xf</size>
      </object_component>
      <object_component id="oc-1b">
         <name>.debug_aranges</name>
         <load_address>0x0</load_address>
         <run_address>0x0</run_address>
         <size>0x28</size>
         <input_file_ref idref="fl-8"/>
      </object_component>
      <object_component id="oc-20">
         <name>.debug_aranges</name>
         <load_address>0x28</load_address>
         <run_address>0x28</run_address>
         <size>0x118</size>
         <input_file_ref idref="fl-9"/>
      </object_component>
      <object_component id="oc-25">
         <name>.debug_aranges</name>
         <load_address>0x140</load_address>
         <run_address>0x140</run_address>
         <size>0x180</size>
         <input_file_ref idref="fl-a"/>
      </object_component>
      <object_component id="oc-2b">
         <name>.debug_aranges</name>
         <load_address>0x2c0</load_address>
         <run_address>0x2c0</run_address>
         <size>0x70</size>
         <input_file_ref idref="fl-b"/>
      </object_component>
      <object_component id="oc-30">
         <name>.debug_aranges</name>
         <load_address>0x330</load_address>
         <run_address>0x330</run_address>
         <size>0x98</size>
         <input_file_ref idref="fl-c"/>
      </object_component>
      <object_component id="oc-35">
         <name>.debug_aranges</name>
         <load_address>0x3c8</load_address>
         <run_address>0x3c8</run_address>
         <size>0x90</size>
         <input_file_ref idref="fl-d"/>
      </object_component>
      <object_component id="oc-3c">
         <name>.debug_aranges</name>
         <load_address>0x458</load_address>
         <run_address>0x458</run_address>
         <size>0xe8</size>
         <input_file_ref idref="fl-e"/>
      </object_component>
      <object_component id="oc-41">
         <name>.debug_aranges</name>
         <load_address>0x540</load_address>
         <run_address>0x540</run_address>
         <size>0x20</size>
         <input_file_ref idref="fl-f"/>
      </object_component>
      <object_component id="oc-46">
         <name>.debug_aranges</name>
         <load_address>0x560</load_address>
         <run_address>0x560</run_address>
         <size>0x38</size>
         <input_file_ref idref="fl-10"/>
      </object_component>
      <object_component id="oc-4c">
         <name>.debug_aranges</name>
         <load_address>0x598</load_address>
         <run_address>0x598</run_address>
         <size>0xf0</size>
         <input_file_ref idref="fl-11"/>
      </object_component>
      <object_component id="oc-51">
         <name>.debug_aranges</name>
         <load_address>0x688</load_address>
         <run_address>0x688</run_address>
         <size>0xa0</size>
         <input_file_ref idref="fl-12"/>
      </object_component>
      <object_component id="oc-5a">
         <name>.debug_aranges</name>
         <load_address>0x728</load_address>
         <run_address>0x728</run_address>
         <size>0x28</size>
         <input_file_ref idref="fl-13"/>
      </object_component>
      <object_component id="oc-5f">
         <name>.debug_aranges</name>
         <load_address>0x750</load_address>
         <run_address>0x750</run_address>
         <size>0x370</size>
         <input_file_ref idref="fl-14"/>
      </object_component>
      <object_component id="oc-64">
         <name>.debug_aranges</name>
         <load_address>0xac0</load_address>
         <run_address>0xac0</run_address>
         <size>0x50</size>
         <input_file_ref idref="fl-15"/>
      </object_component>
      <object_component id="oc-69">
         <name>.debug_aranges</name>
         <load_address>0xb10</load_address>
         <run_address>0xb10</run_address>
         <size>0x58</size>
         <input_file_ref idref="fl-16"/>
      </object_component>
      <object_component id="oc-6e">
         <name>.debug_aranges</name>
         <load_address>0xb68</load_address>
         <run_address>0xb68</run_address>
         <size>0x20</size>
         <input_file_ref idref="fl-17"/>
      </object_component>
      <object_component id="oc-74">
         <name>.debug_aranges</name>
         <load_address>0xb88</load_address>
         <run_address>0xb88</run_address>
         <size>0x80</size>
         <input_file_ref idref="fl-18"/>
      </object_component>
      <object_component id="oc-79">
         <name>.debug_aranges</name>
         <load_address>0xc08</load_address>
         <run_address>0xc08</run_address>
         <size>0x70</size>
         <input_file_ref idref="fl-19"/>
      </object_component>
      <object_component id="oc-7e">
         <name>.debug_aranges</name>
         <load_address>0xc78</load_address>
         <run_address>0xc78</run_address>
         <size>0x20</size>
         <input_file_ref idref="fl-26"/>
      </object_component>
      <object_component id="oc-83">
         <name>.debug_aranges</name>
         <load_address>0xc98</load_address>
         <run_address>0xc98</run_address>
         <size>0x20</size>
         <input_file_ref idref="fl-27"/>
      </object_component>
      <object_component id="oc-8c">
         <name>.debug_aranges</name>
         <load_address>0xcb8</load_address>
         <run_address>0xcb8</run_address>
         <size>0x38</size>
         <input_file_ref idref="fl-2d"/>
      </object_component>
      <object_component id="oc-92">
         <name>.debug_aranges</name>
         <load_address>0xcf0</load_address>
         <run_address>0xcf0</run_address>
         <size>0x20</size>
         <input_file_ref idref="fl-90"/>
      </object_component>
      <object_component id="oc-97">
         <name>.debug_aranges</name>
         <load_address>0xd10</load_address>
         <run_address>0xd10</run_address>
         <size>0x20</size>
         <input_file_ref idref="fl-91"/>
      </object_component>
      <object_component id="oc-9e">
         <name>.debug_aranges</name>
         <load_address>0xd30</load_address>
         <run_address>0xd30</run_address>
         <size>0x28</size>
         <input_file_ref idref="fl-92"/>
      </object_component>
[...]
         <value>0x3f178a</value>
         <object_component_ref idref="oc-84"/>
      </symbol>
      <symbol id="sm-34e">
         <name>_CTRL_setWaitTimes</name>
         <value>0x3f1777</value>
         <object_component_ref idref="oc-84"/>
      </symbol>
      <symbol id="sm-34f">
         <name>_CTRL_setupClarke_I</name>
         <value>0x3f1753</value>
         <object_component_ref idref="oc-84"/>
      </symbol>
      <symbol id="sm-350">
         <name>_CTRL_setupClarke_V</name>
         <value>0x3f173e</value>
         <object_component_ref idref="oc-84"/>
      </symbol>
      <symbol id="sm-351">
         <name>_CTRL_updateState</name>
         <value>0x3f168d</value>
         <object_component_ref idref="oc-84"/>
      </symbol>
      <symbol id="sm-352">
         <name>_CTRL_getIab_in_pu</name>
         <value>0x3f1d42</value>
         <object_component_ref idref="oc-84"/>
      </symbol>
      <symbol id="sm-353">
         <name>_CTRL_getWaitTimes</name>
         <value>0x3f1d06</value>
         <object_component_ref idref="oc-84"/>
      </symbol>
      <symbol id="sm-354">
         <name>_CTRL_setSpd_ref_krpm</name>
         <value>0x3f178d</value>
         <object_component_ref idref="oc-84"/>
      </symbol>
      <symbol id="sm-355">
         <name>_CTRL_getIdq_in_pu</name>
         <value>0x3f1d3b</value>
         <object_component_ref idref="oc-84"/>
      </symbol>
      <symbol id="sm-356">
         <name>_CTRL_setGains</name>
         <value>0x3f17a0</value>
         <object_component_ref idref="oc-84"/>
      </symbol>
      <symbol id="sm-357">
         <name>_CTRL_setup</name>
         <value>0x3f176e</value>
         <object_component_ref idref="oc-84"/>
      </symbol>
      <symbol id="sm-358">
         <name>_CTRL_getMagCurrent_pu</name>
         <value>0x3f1d31</value>
         <object_component_ref idref="oc-84"/>
      </symbol>
      <symbol id="sm-359">
         <name>_CTRL_setMagCurrent_pu</name>
         <value>0x3f1a15</value>
         <object_component_ref idref="oc-84"/>
      </symbol>
      <symbol id="sm-35a">
         <name>_CTRL_getVdq_out_pu</name>
         <value>0x3f1d19</value>
         <object_component_ref idref="oc-84"/>
      </symbol>
      <symbol id="sm-35b">
         <name>_CTRL_run</name>
         <value>0x3f1a18</value>
         <object_component_ref idref="oc-84"/>
      </symbol>
      <symbol id="sm-35c">
         <name>_CTRL_getMaximumSpeed_pu</name>
         <value>0x3f1d2e</value>
         <object_component_ref idref="oc-84"/>
      </symbol>
      <symbol id="sm-35d">
         <name>_CTRL_getVab_out_pu</name>
         <value>0x3f1d20</value>
         <object_component_ref idref="oc-84"/>
      </symbol>
      <symbol id="sm-35e">
         <name>_CTRL_getIdq_ref_pu</name>
         <value>0x3f1d34</value>
         <object_component_ref idref="oc-84"/>
      </symbol>
      <symbol id="sm-35f">
         <name>_CTRL_getGains</name>
         <value>0x3f1d50</value>
         <object_component_ref idref="oc-84"/>
      </symbol>
      <symbol id="sm-360">
         <name>_CTRL_getVab_in_pu</name>
         <value>0x3f1d27</value>
         <object_component_ref idref="oc-84"/>
      </symbol>
      <symbol id="sm-361">
         <name>_CTRL_setParams</name>
         <value>0x3f17c8</value>
         <object_component_ref idref="oc-84"/>
      </symbol>
      <symbol id="sm-362">
         <name>_CTRL_getIab_filt_pu</name>
         <value>0x3f1d49</value>
         <object_component_ref idref="oc-84"/>
      </symbol>
      <symbol id="sm-363">
         <name>_CTRL_setMaximumSpeed_pu</name>
         <value>0x3f1a12</value>
         <object_component_ref idref="oc-84"/>
      </symbol>
      <symbol id="sm-369">
         <name>_CTRL_setEstParams</name>
         <value>0x3f0658</value>
         <object_component_ref idref="oc-86"/>
      </symbol>
      <symbol id="sm-36a">
         <name>_CTRL_getVersion</name>
         <value>0x3f0e8a</value>
         <object_component_ref idref="oc-86"/>
      </symbol>
      <symbol id="sm-36b">
         <name>_CTRL_setUserMotorParams</name>
         <value>0x3f0525</value>
         <object_component_ref idref="oc-86"/>
      </symbol>
      <symbol id="sm-36c">
         <name>_CTRL_runTraj</name>
         <value>0x3f0dbe</value>
         <object_component_ref idref="oc-86"/>
      </symbol>
      <symbol id="sm-36d">
         <name>_CTRL_setupEstIdleState</name>
         <value>0x3f019f</value>
         <object_component_ref idref="oc-86"/>
      </symbol>
      <symbol id="sm-36e">
         <name>_CTRL_setupTraj</name>
         <value>0x3f0000</value>
         <object_component_ref idref="oc-86"/>
      </symbol>
      <symbol id="sm-36f">
         <name>_CTRL_setupCtrl</name>
         <value>0x3f033d</value>
         <object_component_ref idref="oc-86"/>
      </symbol>
      <symbol id="sm-370">
         <name>_CTRL_setupEstOnLineState</name>
         <value>0x3f0164</value>
         <object_component_ref idref="oc-86"/>
      </symbol>
      <symbol id="sm-37c">
         <name>UL$$MOD</name>
         <value>0x3f2e13</value>
         <object_component_ref idref="oc-88"/>
      </symbol>
      <symbol id="sm-37d">
         <name>L$$MOD</name>
         <value>0x3f2dfe</value>
         <object_component_ref idref="oc-88"/>
      </symbol>
      <symbol id="sm-37e">
         <name>L$$DIV</name>
         <value>0x3f2def</value>
         <object_component_ref idref="oc-88"/>
      </symbol>
      <symbol id="sm-37f">
         <name>UL$$DIV</name>
         <value>0x3f2e0c</value>
         <object_component_ref idref="oc-88"/>
      </symbol>
      <symbol id="sm-381">
         <name>_EST_Angle_setParams</name>
         <value>0x3fd9e5</value>
      </symbol>
      <symbol id="sm-383">
         <name>_EST_Dir_setParams</name>
         <value>0x3fd922</value>
      </symbol>
      <symbol id="sm-385">
         <name>_EST_EPL_setParams</name>
         <value>0x3fd1e8</value>
      </symbol>
      <symbol id="sm-387">
         <name>_EST_Flux_ab_setParams</name>
         <value>0x3fd9b0</value>
      </symbol>
      <symbol id="sm-389">
         <name>_EST_Flux_computeOneOverFlux_qFmt</name>
         <value>0x3fd514</value>
      </symbol>
      <symbol id="sm-38b">
         <name>_EST_Flux_dq_setParams</name>
         <value>0x3fda3b</value>
      </symbol>
      <symbol id="sm-38d">
         <name>_EST_Flux_getRatedFlux_pu</name>
         <value>0x3fd49c</value>
      </symbol>
      <symbol id="sm-38f">
         <name>_EST_Flux_setParams</name>
         <value>0x3fd42e</value>
      </symbol>
      <symbol id="sm-391">
         <name>_EST_Flux_setWaitTimes</name>
         <value>0x3fd41e</value>
      </symbol>
      <symbol id="sm-393">
         <name>_EST_Freq_setParams</name>
         <value>0x3fd95c</value>
      </symbol>
      <symbol id="sm-395">
         <name>_EST_I_setParams</name>
         <value>0x3fd1be</value>
      </symbol>
      <symbol id="sm-397">
         <name>_EST_Iab_setParams</name>
         <value>0x3fd9cc</value>
      </symbol>
      <symbol id="sm-399">
         <name>_EST_Idq_setParams</name>
         <value>0x3fda1e</value>
      </symbol>
      <symbol id="sm-39b">
         <name>_EST_Ls_getLs_d</name>
         <value>0x3fd3a8</value>
      </symbol>
      <symbol id="sm-39d">
         <name>_EST_Ls_setLs_d</name>
         <value>0x3fd2b6</value>
      </symbol>
      <symbol id="sm-39f">
         <name>_EST_Ls_setLs_q</name>
         <value>0x3fd284</value>
      </symbol>
      <symbol id="sm-3a1">
         <name>_EST_Ls_setParams</name>
         <value>0x3fd247</value>
      </symbol>
      <symbol id="sm-3a3">
         <name>_EST_Ls_setWaitTimes</name>
         <value>0x3fd237</value>
      </symbol>
      <symbol id="sm-3a5">
         <name>_EST_OneOverDcBus_setParams</name>
         <value>0x3fda0d</value>
      </symbol>
      <symbol id="sm-3a7">
         <name>_EST_Rr_setParams</name>
         <value>0x3fd7e9</value>
      </symbol>
      <symbol id="sm-3a9">
         <name>_EST_Rr_setRr</name>
         <value>0x3fd788</value>
      </symbol>
      <symbol id="sm-3ab">
         <name>_EST_RsOnLine_setFilterParams</name>
         <value>0x3fd57d</value>
      </symbol>
      <symbol id="sm-3ad">
         <name>_EST_RsOnLine_setParams</name>
         <value>0x3fd54d</value>
      </symbol>
      <symbol id="sm-3af">
         <name>_EST_Rs_getRs</name>
         <value>0x3fd767</value>
      </symbol>
      <symbol id="sm-3b1">
         <name>_EST_Rs_setParams</name>
         <value>0x3fd725</value>
      </symbol>
      <symbol id="sm-3b3">
         <name>_EST_Rs_setRs</name>
         <value>0x3fd6c3</value>
      </symbol>
      <symbol id="sm-3b5">
         <name>_EST_Rs_setWaitTimes</name>
         <value>0x3fd6b3</value>
      </symbol>
      <symbol id="sm-3b7">
         <name>_EST_TRAJ_setParams</name>
         <value>0x3fd1af</value>
      </symbol>
      <symbol id="sm-3b9">
         <name>_EST_Vab_setParams</name>
         <value>0x3fda53</value>
      </symbol>
      <symbol id="sm-3bb">
         <name>_EST_Vback_ab_setParams</name>
         <value>0x3fda47</value>
      </symbol>
      <symbol id="sm-3bd">
         <name>_EST_Vback_dq_setParams</name>
         <value>0x3fda5e</value>
      </symbol>
      <symbol id="sm-3bf">
         <name>_EST_Vdq_setParams</name>
         <value>0x3fd9fb</value>
      </symbol>
      <symbol id="sm-3c1">
         <name>_EST_computeDirection_qFmt</name>
         <value>0x3fc092</value>
      </symbol>
      <symbol id="sm-3c3">
         <name>_EST_computeL</name>
         <value>0x3fd16d</value>
      </symbol>
      <symbol id="sm-3c5">
         <name>_EST_computeR</name>
         <value>0x3fd14d</value>
      </symbol>
      <symbol id="sm-3c7">
         <name>_EST_doCurrentCtrl</name>
         <value>0x3fd145</value>
      </symbol>
      <symbol id="sm-3c9">
         <name>_EST_doSpeedCtrl</name>
         <value>0x3fd13d</value>
      </symbol>
      <symbol id="sm-3cb">
         <name>_EST_genOutputLimits_Pid_Id</name>
         <value>0x3fd129</value>
      </symbol>
      <symbol id="sm-3cd">
         <name>_EST_genOutputLimits_Pid_Iq</name>
         <value>0x3fd0ff</value>
      </symbol>
      <symbol id="sm-3cf">
         <name>_EST_getAngle_pu</name>
         <value>0x3fc5f2</value>
      </symbol>
      <symbol id="sm-3d1">
         <name>_EST_getFlux_pu</name>
         <value>0x3fd090</value>
      </symbol>
      <symbol id="sm-3d3">
         <name>_EST_getFm_pu</name>
         <value>0x3fd073</value>
      </symbol>
      <symbol id="sm-3d5">
         <name>_EST_getFullScaleCurrent</name>
         <value>0x3fc062</value>
      </symbol>
      <symbol id="sm-3d7">
         <name>_EST_getFullScaleFlux</name>
         <value>0x3fd043</value>
      </symbol>
      <symbol id="sm-3d9">
         <name>_EST_getFullScaleFreq</name>
         <value>0x3fcc5c</value>
      </symbol>
      <symbol id="sm-3db">
         <name>_EST_getFullScaleInductance</name>
         <value>0x3fc4d1</value>
      </symbol>
      <symbol id="sm-3dd">
         <name>_EST_getFullScaleVoltage</name>
         <value>0x3fc08e</value>
      </symbol>
      <symbol id="sm-3df">
         <name>_EST_getIab_pu</name>
         <value>0x3fd034</value>
      </symbol>
      <symbol id="sm-3e1">
         <name>_EST_getLs_coarse_max_pu</name>
         <value>0x3fcfe4</value>
      </symbol>
      <symbol id="sm-3e3">
         <name>_EST_getLs_d_H</name>
         <value>0x3fcfda</value>
      </symbol>
      <symbol id="sm-3e5">
         <name>_EST_getLs_d_pu</name>
         <value>0x3fcfd5</value>
      </symbol>
      <symbol id="sm-3e7">
         <name>_EST_getLs_q_H</name>
         <value>0x3fcfb3</value>
      </symbol>
      <symbol id="sm-3e9">
         <name>_EST_getLs_q_pu</name>
         <value>0x3fcfae</value>
      </symbol>
      <symbol id="sm-3eb">
         <name>_EST_getOneOverDcBus_pu</name>
         <value>0x3fcf98</value>
      </symbol>
      <symbol id="sm-3ed">
         <name>_EST_getRs_Ohm</name>
         <value>0x3fcef8</value>
      </symbol>
      <symbol id="sm-3ef">
         <name>_EST_getState</name>
         <value>0x3fc000</value>
      </symbol>
      <symbol id="sm-3f1">
         <name>_EST_get_krpm_to_pu_sf</name>
         <value>0x3fce3d</value>
      </symbol>
      <symbol id="sm-3f3">
         <name>_EST_isError</name>
         <value>0x3fcd72</value>
      </symbol>
      <symbol id="sm-3f5">
         <name>_EST_isIdle</name>
         <value>0x3fcd6b</value>
      </symbol>
      <symbol id="sm-3f7">
         <name>_EST_isLockRotor</name>
         <value>0x3fcd64</value>
      </symbol>
      <symbol id="sm-3f9">
         <name>_EST_isMotorIdentified</name>
         <value>0x3fc05e</value>
      </symbol>
      <symbol id="sm-3fb">
         <name>_EST_isOnLine</name>
         <value>0x3fcd5d</value>
      </symbol>
      <symbol id="sm-3fd">
         <name>_EST_resetCounter_ctrl</name>
         <value>0x3fc5ed</value>
      </symbol>
      <symbol id="sm-3ff">
         <name>_EST_resetCounter_state</name>
         <value>0x3fc05a</value>
      </symbol>
      <symbol id="sm-401">
         <name>_EST_run</name>
         <value>0x3fcc60</value>
      </symbol>
      <symbol id="sm-403">
         <name>_EST_setFlag_enableFluxControl</name>
         <value>0x3fc5c5</value>
      </symbol>
      <symbol id="sm-405">
         <name>_EST_setFlag_enableRsOnLine</name>
         <value>0x3fc5bc</value>
      </symbol>
      <symbol id="sm-407">
         <name>_EST_setFlag_enableRsRecalc</name>
         <value>0x3fc5b8</value>
      </symbol>
      <symbol id="sm-409">
         <name>_EST_setFlag_estComplete</name>
         <value>0x3fc5b4</value>
      </symbol>
      <symbol id="sm-40b">
         <name>_EST_setFlag_updateRs</name>
         <value>0x3fc5b0</value>
      </symbol>
      <symbol id="sm-40d">
         <name>_EST_setFullScaleCurrent</name>
         <value>0x3fc594</value>
      </symbol>
      <symbol id="sm-40f">
         <name>_EST_setFullScaleFreq</name>
         <value>0x3fc58b</value>
      </symbol>
      <symbol id="sm-411">
         <name>_EST_setFullScaleResistance</name>
         <value>0x3fc573</value>
      </symbol>
      <symbol id="sm-413">
         <name>_EST_setFullScaleVoltage</name>
         <value>0x3fc56f</value>
      </symbol>
      <symbol id="sm-415">
         <name>_EST_setIdRated_pu</name>
         <value>0x3fc569</value>
      </symbol>
      <symbol id="sm-417">
         <name>_EST_setId_ref_pu</name>
         <value>0x3fc565</value>
      </symbol>
      <symbol id="sm-419">
         <name>_EST_setIdle</name>
         <value>0x3fc55f</value>
      </symbol>
      <symbol id="sm-41b">
         <name>_EST_setIdle_all</name>
         <value>0x3fc54c</value>
      </symbol>
      <symbol id="sm-41d">
         <name>_EST_setIq_ref_pu</name>
         <value>0x3fc548</value>
      </symbol>
      <symbol id="sm-41f">
         <name>_EST_setLs_d_pu</name>
         <value>0x3fc52a</value>
      </symbol>
      <symbol id="sm-421">
         <name>_EST_setLs_qFmt</name>
         <value>0x3fc4d6</value>
      </symbol>
      <symbol id="sm-423">
         <name>_EST_setLs_q_pu</name>
         <value>0x3fc4cc</value>
      </symbol>
      <symbol id="sm-425">
         <name>_EST_setMotorParams</name>
         <value>0x3fc4bb</value>
      </symbol>
      <symbol id="sm-427">
         <name>_EST_setRs_pu</name>
         <value>0x3fc3fd</value>
      </symbol>
      <symbol id="sm-429">
         <name>_EST_setWaitTimes</name>
         <value>0x3fc3e2</value>
      </symbol>
      <symbol id="sm-42b">
         <name>_EST_updateId_ref_pu</name>
         <value>0x3fc3da</value>
      </symbol>
      <symbol id="sm-42d">
         <name>_EST_updateState</name>
         <value>0x3fc0f8</value>
      </symbol>
      <symbol id="sm-42f">
         <name>_EST_useZeroIq_ref</name>
         <value>0x3fc002</value>
      </symbol>
      <symbol id="sm-431">
         <name>_OFFSET_init</name>
         <value>0x3fd8c3</value>
      </symbol>
      <symbol id="sm-433">
         <name>_OFFSET_setBeta</name>
         <value>0x3fd8ad</value>
      </symbol>
      <symbol id="sm-435">
         <name>_OFFSET_setInitCond</name>
         <value>0x3fd89c</value>
      </symbol>
      <symbol id="sm-437">
         <name>_OFFSET_setOffset</name>
         <value>0x3fd89a</value>
      </symbol>
      <symbol id="sm-439">
         <name>__IQ24cosPU</name>
         <value>0x3ff854</value>
      </symbol>
      <symbol id="sm-43b">
         <name>__IQ24rmpy</name>
         <value>0x3fff8f</value>
      </symbol>
      <symbol id="sm-43d">
         <name>__IQ24sinPU</name>
         <value>0x3ff82b</value>
      </symbol>
      <symbol id="sm-43f">
         <name>__IQ29rsmpy</name>
         <value>0x3ff87b</value>
      </symbol>
      <symbol id="sm-441">
         <name>__IQ30rsmpy</name>
         <value>0x3fff52</value>
      </symbol>
      <symbol id="sm-443">
         <name>__IQ30toF</name>
         <value>0x3fff7b</value>
      </symbol>
      <symbol id="sm-45c">
         <name>_c_int00</name>
         <value>0x3f2d4a</value>
         <object_component_ref idref="oc-15"/>
      </symbol>
      <symbol id="sm-45d">
         <name>__stack</name>
         <value>0x0</value>
         <object_component_ref idref="oc-8d"/>
      </symbol>
      <symbol id="sm-46d">
         <name>__args_main</name>
         <value>0x3f2e9d</value>
         <object_component_ref idref="oc-a9"/>
      </symbol>
      <symbol id="sm-481">
         <name>C$$EXIT</name>
         <value>0x3f2eb6</value>
         <object_component_ref idref="oc-aa"/>
      </symbol>
      <symbol id="sm-482">
         <name>_exit</name>
         <value>0x3f2eb8</value>
         <object_component_ref idref="oc-aa"/>
      </symbol>
      <symbol id="sm-483">
         <name>___TI_cleanup_ptr</name>
         <value>0x88a8</value>
         <object_component_ref idref="oc-9a"/>
      </symbol>
      <symbol id="sm-484">
         <name>_abort</name>
         <value>0x3f2eb6</value>
         <object_component_ref idref="oc-aa"/>
      </symbol>
      <symbol id="sm-485">
         <name>___TI_dtors_ptr</name>
         <value>0x88aa</value>
         <object_component_ref idref="oc-9a"/>
      </symbol>
      <symbol id="sm-49a">
         <name>__unlock</name>
         <value>0x88ae</value>
         <object_component_ref idref="oc-c1"/>
      </symbol>
      <symbol id="sm-49b">
         <name>__lock</name>
         <value>0x88ac</value>
         <object_component_ref idref="oc-ad"/>
      </symbol>
      <symbol id="sm-49c">
         <name>__register_lock</name>
         <value>0x3f2ee4</value>
         <object_component_ref idref="oc-b2"/>
      </symbol>
      <symbol id="sm-49d">
         <name>__nop</name>
         <value>0x3f2ee8</value>
         <object_component_ref idref="oc-b2"/>
      </symbol>
      <symbol id="sm-49e">
         <name>__register_unlock</name>
         <value>0x3f2ee0</value>
         <object_component_ref idref="oc-b2"/>
      </symbol>
      <symbol id="sm-4a0">
         <name>_log</name>
         <value>0x3fda88</value>
      </symbol>
      <symbol id="sm-4a2">
         <name>_modf</name>
         <value>0x3fde82</value>
      </symbol>
      <symbol id="sm-4a4">
         <name>_pow</name>
         <value>0x3fdd64</value>
      </symbol>
      <symbol id="sm-4b4">
         <name>_sqrt</name>
         <value>0x3f2c6d</value>
         <object_component_ref idref="oc-c0"/>
      </symbol>
      <symbol id="sm-4b6">
         <name>FS$$SUB</name>
         <value>0x3fdeb3</value>
      </symbol>
      <symbol id="sm-4b8">
         <name>_errno</name>
         <value>0x7fc</value>
      </symbol>
      <symbol id="sm-4ba">
         <name>_ldexp</name>
         <value>0x3fde41</value>
      </symbol>
   </symbol_table>
   <title>Link successful</title>
</link_info>
