******************************************************************************
             TMS320C2000 Linker PC v6.4.9                      
******************************************************************************
>> Linked Wed Dec 02 17:23:00 2015

OUTPUT FILE NAME:   <proj_lab02b.out>
ENTRY POINT SYMBOL: "_c_int00"  address: 003f3347


MEMORY CONFIGURATION

         name            origin    length      used     unused   attr    fill
----------------------  --------  ---------  --------  --------  ----  --------
PAGE 0:
  P_RAML0               00008000   00000800  00000637  000001c9  RWIX
  OTP                   003d7800   00000400  00000000  00000400  RWIX
  FLASHB_D              003f0000   00006000  000035b0  00002a50  RWIX
  CSM_RSVD              003f7f80   00000076  00000000  00000076  RWIX
  BEGIN                 003f7ff6   00000002  00000002  00000000  RWIX
  CSM_PWL_P0            003f7ff8   00000008  00000000  00000008  RWIX
  IQTABLES              003fe000   00000b50  00000000  00000b50  RWIX
  IQTABLES2             003feb50   0000008c  00000000  0000008c  RWIX
  IQTABLES3             003febdc   000000aa  00000000  000000aa  RWIX
  ROM                   003ff27c   00000d44  00000000  00000d44  RWIX
  RESET                 003fffc0   00000002  00000000  00000002  RWIX
  VECTORS               003fffc2   0000003e  00000000  0000003e  RWIX

PAGE 1:
  RAMM0_M1              00000000   00000600  0000056e  00000092  RWIX
  D_RAML0               00008800   00000800  000000b1  0000074f  RWIX
  D_FLASHA              003f6000   00001f80  00000088  00001ef8  RWIX


SECTION ALLOCATION MAP

 output                                  attributes/
section   page    origin      length       input sections
--------  ----  ----------  ----------   ----------------
ramfuncs   0    003f0000    00000637     RUN ADDR = 00008000
                  003f0000    0000051d     ctrl.obj (ramfuncs)
                  003f051d    000000c6     proj_lab02b.obj (ramfuncs:retain)
                  003f05e3    00000032     flash.obj (ramfuncs)
                  003f0615    0000001e     hal.obj (ramfuncs)
                  003f0633    00000004     usDelay.obj (ramfuncs)

.text      0    003f0637    00002ede     
                  003f0637    00000e94     fast_public.lib : ctrl_priv.obj (.text)
                  003f14cb    000007f9     hal.obj (.text)
                  003f1cc4    000004c9     user.obj (.text)
                  003f218d    0000045f     ctrl.obj (.text)
                  003f25ec    00000358     proj_lab02b.obj (.text)
                  003f2944    000002f7     pwm.obj (.text)
                  003f2c3b    000001f7     adc.obj (.text)
                  003f2e32    00000166     gpio.obj (.text)
                  003f2f98    0000012c     clk.obj (.text)
                  003f30c4    00000102     pie.obj (.text)
                  003f31c6    0000005c     pll.obj (.text)
                  003f3222    00000051     rts2800_ml.lib : sqrt.obj (.text)
                  003f3273    00000048     offset.obj (.text)
                  003f32bb    00000047     wdog.obj (.text)
                  003f3302    00000045     pwr.obj (.text)
                  003f3347    00000044     rts2800_ml.lib : boot.obj (.text)
                  003f338b    00000033     timer.obj (.text)
                  003f33be    0000002e     osc.obj (.text)
                  003f33ec    0000002a     rts2800_ml.lib : l_div.obj (.text)
                  003f3416    00000025     cpu.obj (.text)
                  003f343b    00000022     filter_fo.obj (.text)
                  003f345d    00000021     flash.obj (.text)
                  003f347e    00000021     rts2800_ml.lib : fs_toul.obj (.text)
                  003f349f    0000001d                    : fs_tou.obj (.text)
                  003f34bc    00000019                    : args_main.obj (.text)
                  003f34d5    00000019                    : exit.obj (.text)
                  003f34ee    00000011     memCopy.obj (.text)
                  003f34ff    00000009     rts2800_ml.lib : _lock.obj (.text)
                  003f3508    00000008     CodeStartBranch.obj (.text)
                  003f3510    00000005     pie.obj (.text:retain)

.cinit     0    003f3515    0000009b     
                  003f3515    00000085     proj_lab02b.obj (.cinit)
                  003f359a    0000000a     rts2800_ml.lib : exit.obj (.cinit)
                  003f35a4    00000005                    : _lock.obj (.cinit:__lock)
                  003f35a9    00000005                    : _lock.obj (.cinit:__unlock)
                  003f35ae    00000002     --HOLE-- [fill = 0]

.pinit     0    003f0000    00000000     UNINITIALIZED

codestart 
*          0    003f7ff6    00000002     
                  003f7ff6    00000002     CodeStartBranch.obj (codestart)

rom_accessed_data 
*          1    00000000    000002e6     UNINITIALIZED
                  00000000    00000208     proj_lab02b.obj (rom_accessed_data)
                  00000208    00000038     --HOLE--
                  00000240    000000a6     hal.obj (rom_accessed_data)

.switch    1    00000000    00000000     UNINITIALIZED

.stack     1    000002e6    00000200     UNINITIALIZED
                  000002e6    00000200     --HOLE--

.ebss      1    00008800    000000b1     UNINITIALIZED
                  00008800    000000a8     proj_lab02b.obj (.ebss)
                  000088a8    00000004     rts2800_ml.lib : exit.obj (.ebss)
                  000088ac    00000002                    : _lock.obj (.ebss:__lock)
                  000088ae    00000002                    : _lock.obj (.ebss:__unlock)
                  000088b0    00000001     cpu.obj (.ebss)

.econst    1    003f6000    00000088     RUN ADDR = 000004e6
                  003f6000    0000005c     fast_public.lib : ctrl_priv.obj (.econst)
                  003f605c    0000001c     ctrl.obj (.econst)
                  003f6078    00000008     user.obj (.econst)
                  003f6080    00000004     hal.obj (.econst)
                  003f6084    00000004     proj_lab02b.obj (.econst)

.reset     0    003fffc0    00000002     DSECT
                  003fffc0    00000002     rts2800_ml.lib : boot.obj (.reset)

vectors    0    003fffc2    00000000     DSECT


GLOBAL DATA SYMBOLS: SORTED BY DATA PAGE

address     data page           name
--------    ----------------    ----
00000000       0 (00000000)     _halHandle

00000040       1 (00000040)     _gUserParams

00000100       4 (00000100)     _ctrl

00000240       9 (00000240)     _hal

000002e6       b (000002c0)     __stack

00008800     220 (00008800)     _Flag_Latch_softwareUpdate
00008801     220 (00008800)     _gLEDcnt
00008802     220 (00008800)     _gCounter_updateGlobals
00008804     220 (00008800)     _gMaxCurrentSlope
00008806     220 (00008800)     _ctrlHandle
00008808     220 (00008800)     _gPwmData
0000880e     220 (00008800)     _gAdcData

00008840     221 (00008840)     _gMotorVars

000088a8     222 (00008880)     ___TI_cleanup_ptr
000088aa     222 (00008880)     ___TI_dtors_ptr
000088ac     222 (00008880)     __lock
000088ae     222 (00008880)     __unlock
000088b0     222 (00008880)     _cpu


GLOBAL SYMBOLS: SORTED ALPHABETICALLY BY Name 

page  address   name                                             
----  -------   ----                                             
0     003f0637  .text                                            
0     003f34d5  C$$EXIT                                          
abs   003fdc5e  FD$$MPY                                          
abs   003fdf7b  FD$$TOL                                          
abs   003fdeb8  FS$$ADD                                          
abs   003fdf2b  FS$$CMP                                          
abs   003fdce1  FS$$DIV                                          
abs   003fdde7  FS$$MPY                                          
abs   003fff4d  FS$$NEG                                          
abs   003fdeb3  FS$$SUB                                          
abs   003fdfb7  FS$$TOFD                                         
abs   003fff0e  FS$$TOI                                          
0     003f349f  FS$$TOU                                          
0     003f347e  FS$$TOUL                                         
abs   003fff33  I$$TOFS                                          
0     003f33ec  L$$DIV                                           
0     003f33fb  L$$MOD                                           
abs   003ff8bd  U$$TOFS                                          
0     003f3409  UL$$DIV                                          
0     003f3410  UL$$MOD                                          
abs   003ff8aa  UL$$TOFS                                         
0     003f2e28  _ADC_disable                                     
0     003f2e1e  _ADC_disableBandGap                              
0     003f2e07  _ADC_disableInt                                  
0     003f2dfd  _ADC_disableNoOverlapMode                        
0     003f2df3  _ADC_disableRefBuffers                           
0     003f2de9  _ADC_disableVoltRefLoConv                        
0     003f2ddf  _ADC_enable                                      
0     003f2dd5  _ADC_enableBandGap                               
0     003f2dbf  _ADC_enableInt                                   
0     003f2db5  _ADC_enableNoOverlapMode                         
0     003f2dab  _ADC_enableRefBuffers                            
0     003f2da1  _ADC_enableVoltRefLoConv                         
0     003f2d9a  _ADC_getDivideSelect                             
0     003f2d91  _ADC_init                                        
0     003f2d87  _ADC_powerDown                                   
0     003f2d7d  _ADC_powerUp                                     
0     003f2d73  _ADC_reset                                       
0     003f2d62  _ADC_setDivideSelect                             
0     003f2d41  _ADC_setIntMode                                  
0     003f2d30  _ADC_setIntPulseGenMode                          
0     003f2d0f  _ADC_setIntSrc                                   
0     003f2d05  _ADC_setOffTrim                                  
0     003f2cee  _ADC_setSampleMode                               
0     003f2cdb  _ADC_setSampleOverlapMode                        
0     003f2cc7  _ADC_setSocChanNumber                            
0     003f2cba  _ADC_setSocFrc                                   
0     003f2cb0  _ADC_setSocFrcWord                               
0     003f2c9c  _ADC_setSocSampleDelay                           
0     003f2c88  _ADC_setSocTrigSrc                               
0     003f2c77  _ADC_setTempSensorSrc                            
0     003f2c66  _ADC_setVoltRefSrc                               
0     003f2c3b  _ADC_setupSocTrigSrc                             
0     003f30bd  _CLK_disableAdcClock                             
0     003f30b7  _CLK_disableClkIn                                
0     003f30b3  _CLK_disableCompClock                            
0     003f30ac  _CLK_disableCpuTimerClock                        
0     003f30a6  _CLK_disableCrystalOsc                           
0     003f309f  _CLK_disableEcap1Clock                           
0     003f3098  _CLK_disableGpioInputClock                       
0     003f3091  _CLK_disableHrPwmClock                           
0     003f308a  _CLK_disableI2cClock                             
0     003f3084  _CLK_disableOsc1                                 
0     003f307e  _CLK_disableOsc1HaltMode                         
0     003f3078  _CLK_disableOsc2                                 
0     003f3072  _CLK_disableOsc2HaltMode                         
0     003f3068  _CLK_disablePwmClock                             
0     003f3061  _CLK_disableSciaClock                            
0     003f305a  _CLK_disableSpiaClock                            
0     003f3053  _CLK_disableTbClockSync                          
0     003f304d  _CLK_disableWatchDogHaltMode                     
0     003f3046  _CLK_enableAdcClock                              
0     003f3040  _CLK_enableClkIn                                 
0     003f303a  _CLK_enableCompClock                             
0     003f3034  _CLK_enableCpuTimerClock                         
0     003f302e  _CLK_enableCrystalOsc                            
0     003f3027  _CLK_enableEcap1Clock                            
0     003f3020  _CLK_enableGpioInputClock                        
0     003f3019  _CLK_enableHrPwmClock                            
0     003f3012  _CLK_enableI2cClock                              
0     003f300c  _CLK_enableOsc1                                  
0     003f3006  _CLK_enableOsc1HaltMode                          
0     003f3000  _CLK_enableOsc2                                  
0     003f2ffa  _CLK_enableOsc2HaltMode                          
0     003f2ff1  _CLK_enablePwmClock                              
0     003f2fea  _CLK_enableSciaClock                             
0     003f2fe3  _CLK_enableSpiaClock                             
0     003f2fdc  _CLK_enableTbClockSync                           
0     003f2fd6  _CLK_enableWatchDogHaltMode                      
0     003f2fcf  _CLK_init                                        
0     003f2fc8  _CLK_setClkOutPreScaler                          
0     003f2fc2  _CLK_setLowSpdPreScaler                          
0     003f2fbb  _CLK_setOsc2Src                                  
0     003f2fb4  _CLK_setOscSrc                                   
0     003f2fad  _CLK_setTimer2PreScale                           
0     003f2fa6  _CLK_setTimer2Src                                
0     003f2f9f  _CLK_setWatchDogSrc                              
0     003f2f98  _CLK_setXClkInSrc                                
0     003f3438  _CPU_clearIntFlags                               
0     003f3435  _CPU_disableDebugInt                             
0     003f3432  _CPU_disableGlobalInts                           
0     003f342d  _CPU_disableInt                                  
0     003f342a  _CPU_disableInts                                 
0     003f3427  _CPU_disableProtectedRegisterWrite               
0     003f3424  _CPU_enableDebugInt                              
0     003f3421  _CPU_enableGlobalInts                            
0     003f341d  _CPU_enableInt                                   
0     003f341a  _CPU_enableProtectedRegisterWrite                
0     003f3416  _CPU_init                                        
0     003f25b0  _CTRL_getGains                                   
0     003f25a9  _CTRL_getIab_filt_pu                             
0     003f25a2  _CTRL_getIab_in_pu                               
0     003f259b  _CTRL_getIdq_in_pu                               
0     003f2594  _CTRL_getIdq_ref_pu                              
0     003f25e9  _CTRL_getMagCurrent_pu                           
0     003f25e6  _CTRL_getMaximumSpeed_pu                         
0     003f258d  _CTRL_getVab_in_pu                               
0     003f2586  _CTRL_getVab_out_pu                              
0     003f257f  _CTRL_getVdq_out_pu                              
0     003f14c1  _CTRL_getVersion                                 
0     003f2576  _CTRL_getWaitTimes                               
abs   003fd88b  _CTRL_initCtrl                                   
0     0000800b  _CTRL_run                                        
0     003f13f5  _CTRL_runTraj                                    
0     003f0c8f  _CTRL_setEstParams                               
0     003f22f6  _CTRL_setGains                                   
0     003f25e0  _CTRL_setMagCurrent_pu                           
0     003f25e3  _CTRL_setMaximumSpeed_pu                         
0     003f231e  _CTRL_setParams                                  
0     003f22e3  _CTRL_setSpd_ref_krpm                            
0     003f22e0  _CTRL_setSpd_ref_pu                              
0     003f0b5c  _CTRL_setUserMotorParams                         
0     003f22d7  _CTRL_setWaitTimes                               
0     00008000  _CTRL_setup                                      
0     003f22bb  _CTRL_setupClarke_I                              
0     003f22a5  _CTRL_setupClarke_V                              
0     003f0974  _CTRL_setupCtrl                                  
0     003f07d6  _CTRL_setupEstIdleState                          
0     003f079b  _CTRL_setupEstOnLineState                        
0     003f0637  _CTRL_setupTraj                                  
0     003f2241  _CTRL_setup_user                                 
0     003f218d  _CTRL_updateState                                
abs   003fd9e5  _EST_Angle_setParams                             
abs   003fd922  _EST_Dir_setParams                               
abs   003fd1e8  _EST_EPL_setParams                               
abs   003fd9b0  _EST_Flux_ab_setParams                           
abs   003fd514  _EST_Flux_computeOneOverFlux_qFmt                
abs   003fda3b  _EST_Flux_dq_setParams                           
abs   003fd49c  _EST_Flux_getRatedFlux_pu                        
abs   003fd42e  _EST_Flux_setParams                              
abs   003fd41e  _EST_Flux_setWaitTimes                           
abs   003fd95c  _EST_Freq_setParams                              
abs   003fd1be  _EST_I_setParams                                 
abs   003fd9cc  _EST_Iab_setParams                               
abs   003fda1e  _EST_Idq_setParams                               
abs   003fd3a8  _EST_Ls_getLs_d                                  
abs   003fd2b6  _EST_Ls_setLs_d                                  
abs   003fd284  _EST_Ls_setLs_q                                  
abs   003fd247  _EST_Ls_setParams                                
abs   003fd237  _EST_Ls_setWaitTimes                             
abs   003fda0d  _EST_OneOverDcBus_setParams                      
abs   003fd7e9  _EST_Rr_setParams                                
abs   003fd788  _EST_Rr_setRr                                    
abs   003fd57d  _EST_RsOnLine_setFilterParams                    
abs   003fd54d  _EST_RsOnLine_setParams                          
abs   003fd767  _EST_Rs_getRs                                    
abs   003fd725  _EST_Rs_setParams                                
abs   003fd6c3  _EST_Rs_setRs                                    
abs   003fd6b3  _EST_Rs_setWaitTimes                             
abs   003fd1af  _EST_TRAJ_setParams                              
abs   003fda53  _EST_Vab_setParams                               
abs   003fda47  _EST_Vback_ab_setParams                          
abs   003fda5e  _EST_Vback_dq_setParams                          
abs   003fd9fb  _EST_Vdq_setParams                               
abs   003fc092  _EST_computeDirection_qFmt                       
abs   003fd16d  _EST_computeL                                    
abs   003fd14d  _EST_computeR                                    
abs   003fd145  _EST_doCurrentCtrl                               
abs   003fd13d  _EST_doSpeedCtrl                                 
abs   003fc5f2  _EST_getAngle_pu                                 
abs   003fd0a3  _EST_getFlux_VpHz                                
abs   003fd090  _EST_getFlux_pu                                  
abs   003fd073  _EST_getFm_pu                                    
abs   003fc062  _EST_getFullScaleCurrent                         
abs   003fd043  _EST_getFullScaleFlux                            
abs   003fcc5c  _EST_getFullScaleFreq                            
abs   003fc4d1  _EST_getFullScaleInductance                      
abs   003fc08e  _EST_getFullScaleVoltage                         
abs   003fd017  _EST_getIdRated                                  
abs   003fcfe4  _EST_getLs_coarse_max_pu                         
abs   003fcfda  _EST_getLs_d_H                                   
abs   003fcfd5  _EST_getLs_d_pu                                  
abs   003fcfb3  _EST_getLs_q_H                                   
abs   003fcfae  _EST_getLs_q_pu                                  
abs   003fcfa2  _EST_getMaxCurrentSlope_pu                       
abs   003fcf98  _EST_getOneOverDcBus_pu                          
abs   003fcf92  _EST_getRr_Ohm                                   
abs   003fcef8  _EST_getRs_Ohm                                   
abs   003fceab  _EST_getSpeed_krpm                               
abs   003fc000  _EST_getState                                    
abs   003fce3d  _EST_get_krpm_to_pu_sf                           
abs   003fce38  _EST_get_pu_to_krpm_sf                           
abs   003fcd72  _EST_isError                                     
abs   003fcd6b  _EST_isIdle                                      
abs   003fcd64  _EST_isLockRotor                                 
abs   003fc05e  _EST_isMotorIdentified                           
abs   003fcd5d  _EST_isOnLine                                    
abs   003fc5ed  _EST_resetCounter_ctrl                           
abs   003fc05a  _EST_resetCounter_state                          
abs   003fcc60  _EST_run                                         
abs   003fc5da  _EST_setDir_qFmt                                 
abs   003fc5cd  _EST_setFe_neg_max_pu                            
abs   003fc5c9  _EST_setFe_pos_min_pu                            
abs   003fc5c5  _EST_setFlag_enableFluxControl                   
abs   003fc5c0  _EST_setFlag_enableForceAngle                    
abs   003fc5bc  _EST_setFlag_enableRsOnLine                      
abs   003fc5b8  _EST_setFlag_enableRsRecalc                      
abs   003fc5b4  _EST_setFlag_estComplete                         
abs   003fc5b0  _EST_setFlag_updateRs                            
abs   003fc594  _EST_setFullScaleCurrent                         
abs   003fc58b  _EST_setFullScaleFreq                            
abs   003fc573  _EST_setFullScaleResistance                      
abs   003fc56f  _EST_setFullScaleVoltage                         
abs   003fc569  _EST_setIdRated_pu                               
abs   003fc565  _EST_setId_ref_pu                                
abs   003fc55f  _EST_setIdle                                     
abs   003fc54c  _EST_setIdle_all                                 
abs   003fc548  _EST_setIq_ref_pu                                
abs   003fc52a  _EST_setLs_d_pu                                  
abs   003fc4d6  _EST_setLs_qFmt                                  
abs   003fc4cc  _EST_setLs_q_pu                                  
abs   003fc4c0  _EST_setMaxCurrentSlope_pu                       
abs   003fc4bb  _EST_setMotorParams                              
abs   003fc3fd  _EST_setRs_pu                                    
abs   003fc3e2  _EST_setWaitTimes                                
abs   003fc3da  _EST_updateId_ref_pu                             
abs   003fc0f8  _EST_updateState                                 
abs   003fc002  _EST_useZeroIq_ref                               
0     003f345a  _FILTER_FO_getDenCoeffs                          
0     003f3453  _FILTER_FO_getInitialConditions                  
0     003f344d  _FILTER_FO_getNumCoeffs                          
0     003f3446  _FILTER_FO_init                                  
0     003f3444  _FILTER_FO_setDenCoeffs                          
0     003f343f  _FILTER_FO_setInitialConditions                  
0     003f343b  _FILTER_FO_setNumCoeffs                          
0     003f3478  _FLASH_clear3VStatus                             
0     0000860f  _FLASH_disablePipelineMode                       
0     00008609  _FLASH_enablePipelineMode                        
0     003f3475  _FLASH_get3VStatus                               
0     003f3472  _FLASH_getActiveWaitCount                        
0     003f346e  _FLASH_getActiveWaitStatus                       
0     003f346b  _FLASH_getPowerMode                              
0     003f3468  _FLASH_getStandbyWaitCount                       
0     003f3464  _FLASH_getStandbyWaitStatus                      
0     003f345d  _FLASH_init                                      
0     00008604  _FLASH_setActiveWaitCount                        
0     000085fd  _FLASH_setNumPagedReadWaitStates                 
0     000085f6  _FLASH_setNumRandomReadWaitStates                
0     000085ef  _FLASH_setOtpWaitStates                          
0     000085e8  _FLASH_setPowerMode                              
0     000085e3  _FLASH_setStandbyWaitCount                       
1     00008800  _Flag_Latch_softwareUpdate                       
0     003f2f89  _GPIO_getData                                    
0     003f2f82  _GPIO_getPortData                                
0     003f2f7b  _GPIO_init                                       
0     003f2f71  _GPIO_lpmSelect                                  
0     003f2f51  _GPIO_read                                       
0     003f2f36  _GPIO_setDirection                               
0     003f2f2b  _GPIO_setExtInt                                  
0     003f2f1a  _GPIO_setHigh                                    
0     003f2f09  _GPIO_setLow                                     
0     003f2ed6  _GPIO_setMode                                    
0     003f2ecb  _GPIO_setPortData                                
0     003f2eb0  _GPIO_setPullUp                                  
0     003f2e73  _GPIO_setQualification                           
0     003f2e43  _GPIO_setQualificationPeriod                     
0     003f2e32  _GPIO_toggle                                     
0     003f17ea  _HAL_AdcCalChanSelect                            
0     003f1841  _HAL_AdcCalConversion                            
0     003f19a3  _HAL_AdcOffsetSelfCal                            
0     003f1a6c  _HAL_OscTempComp                                 
0     003f1ac5  _HAL_cal                                         
0     003f1cc0  _HAL_disableGlobalInts                           
0     003f1bec  _HAL_disableWdog                                 
0     003f1cae  _HAL_enableAdcInts                               
0     003f1caa  _HAL_enableDebugInt                              
0     003f1ca6  _HAL_enableGlobalInts                            
0     003f1c95  _HAL_enablePwmInt                                
0     003f19d2  _HAL_getOscTrimValue                             
0     003f1bf1  _HAL_init                                        
0     003f19e8  _HAL_osc1Comp                                    
0     003f1a2a  _HAL_osc2Comp                                    
0     003f1adc  _HAL_setParams                                   
0     003f1738  _HAL_setupAdcs                                   
0     003f171c  _HAL_setupClks                                   
0     003f1701  _HAL_setupFaults                                 
0     00008615  _HAL_setupFlash                                  
0     003f166e  _HAL_setupGpios                                  
0     003f1639  _HAL_setupPeripheralClks                         
0     003f161d  _HAL_setupPie                                    
0     003f15de  _HAL_setupPll                                    
0     003f1506  _HAL_setupPwms                                   
0     003f14cb  _HAL_setupTimers                                 
0     003f32ac  _OFFSET_getBeta                                  
0     003f329a  _OFFSET_init                                     
0     003f3284  _OFFSET_setBeta                                  
0     003f3275  _OFFSET_setInitCond                              
0     003f3273  _OFFSET_setOffset                                
0     003f33e5  _OSC_init                                        
0     003f33d8  _OSC_setCoarseTrim                               
0     003f33c7  _OSC_setFineTrim                                 
0     003f33be  _OSC_setTrim                                     
0     003f31bf  _PIE_clearAllFlags                               
0     003f31bc  _PIE_clearAllInts                                
0     003f31b9  _PIE_disable                                     
0     003f31b2  _PIE_disableAllInts                              
0     003f31ae  _PIE_disableCaptureInt                           
0     003f31a5  _PIE_disableExtInt                               
0     003f319b  _PIE_disableInt                                  
0     003f3198  _PIE_enable                                      
0     003f317b  _PIE_enableAdcInt                                
0     003f3177  _PIE_enableCaptureInt                            
0     003f315a  _PIE_enableExtInt                                
0     003f3151  _PIE_enableInt                                   
0     003f314c  _PIE_enablePwmInt                                
0     003f3147  _PIE_enablePwmTzInt                              
0     003f3144  _PIE_enableTimer0Int                             
0     003f313b  _PIE_forceInt                                    
0     003f3133  _PIE_getExtIntCount                              
0     003f312c  _PIE_getIntEnables                               
0     003f3125  _PIE_getIntFlags                                 
0     003f3510  _PIE_illegalIsr                                  
0     003f311c  _PIE_init                                        
0     003f310b  _PIE_registerPieIntHandler                       
0     003f3100  _PIE_registerSystemIntHandler                    
0     003f30f5  _PIE_setDefaultIntVectorTable                    
0     003f30e4  _PIE_setExtIntPolarity                           
0     003f30d1  _PIE_unregisterPieIntHandler                     
0     003f30c4  _PIE_unregisterSystemIntHandler                  
0     003f321c  _PLL_disable                                     
0     003f3216  _PLL_disableClkDetect                            
0     003f3210  _PLL_disableNormRdy                              
0     003f320a  _PLL_disableOsc                                  
0     003f3204  _PLL_enable                                      
0     003f31fe  _PLL_enableClkDetect                             
0     003f31f8  _PLL_enableNormRdy                               
0     003f31f2  _PLL_enableOsc                                   
0     003f31ee  _PLL_getClkFreq                                  
0     003f31eb  _PLL_getClkStatus                                
0     003f31e8  _PLL_getDivideSelect                             
0     003f31e5  _PLL_getLockStatus                               
0     003f31de  _PLL_init                                        
0     003f31d8  _PLL_resetClkDetect                              
0     003f31d2  _PLL_setClkFreq                                  
0     003f31cb  _PLL_setDivideSelect                             
0     003f31c6  _PLL_setLockPeriod                               
0     003f2c35  _PWM_clearTripZone                               
0     003f2c32  _PWM_decrementDeadBandFallingEdgeDelay           
0     003f2c2f  _PWM_decrementDeadBandRisingEdgeDelay            
0     003f2c28  _PWM_disableAutoConvert                          
0     003f2c24  _PWM_disableChopping                             
0     003f2c21  _PWM_disableCounterLoad                          
0     003f2c1e  _PWM_disableDeadBand                             
0     003f2c1a  _PWM_disableDeadBandHalfCycle                    
0     003f2c13  _PWM_disableDigitalCompareBlankingWindow         
0     003f2c0c  _PWM_disableDigitalCompareBlankingWindowInversion
0     003f2c05  _PWM_disableHrPeriod                             
0     003f2bfe  _PWM_disableHrPhaseSync                          
0     003f2bfa  _PWM_disableInt                                  
0     003f2bf6  _PWM_disableSocAPulse                            
0     003f2bf2  _PWM_disableSocBPulse                            
0     003f2beb  _PWM_disableTripZoneInt                          
0     003f2be4  _PWM_disableTripZoneSrc                          
0     003f2bde  _PWM_disableTripZones                            
0     003f2bd7  _PWM_enableAutoConvert                           
0     003f2bd3  _PWM_enableChopping                              
0     003f2bd0  _PWM_enableCounterLoad                           
0     003f2bcc  _PWM_enableDeadBandHalfCycle                     
0     003f2bc5  _PWM_enableDigitalCompareBlankingWindow          
0     003f2bbe  _PWM_enableDigitalCompareBlankingWindowInversion 
0     003f2bb7  _PWM_enableHrPeriod                              
0     003f2bb0  _PWM_enableHrPhaseSync                           
0     003f2bac  _PWM_enableInt                                   
0     003f2ba8  _PWM_enableSocAPulse                             
0     003f2ba4  _PWM_enableSocBPulse                             
0     003f2b9e  _PWM_enableTripZoneInt                           
0     003f2b98  _PWM_enableTripZoneSrc                           
0     003f2b95  _PWM_getDeadBandFallingEdgeDelay                 
0     003f2b92  _PWM_getDeadBandRisingEdgeDelay                  
0     003f2b8e  _PWM_getIntCount                                 
0     003f2b8a  _PWM_getShadowStatus_CmpA                        
0     003f2b86  _PWM_getShadowStatus_CmpB                        
0     003f2b81  _PWM_getSocACount                                
0     003f2b7c  _PWM_getSocBCount                                
0     003f2b79  _PWM_incrementDeadBandFallingEdgeDelay           
0     003f2b76  _PWM_incrementDeadBandRisingEdgeDelay            
0     003f2b6f  _PWM_init                                        
0     003f2b68  _PWM_setActionQualContSWForce_PwmA               
0     003f2b5f  _PWM_setActionQualContSWForce_PwmB               
0     003f2b56  _PWM_setActionQual_CntDown_CmpA_PwmA             
0     003f2b4d  _PWM_setActionQual_CntDown_CmpA_PwmB             
0     003f2b44  _PWM_setActionQual_CntDown_CmpB_PwmA             
0     003f2b3b  _PWM_setActionQual_CntDown_CmpB_PwmB             
0     003f2b32  _PWM_setActionQual_CntUp_CmpA_PwmA               
0     003f2b29  _PWM_setActionQual_CntUp_CmpA_PwmB               
0     003f2b20  _PWM_setActionQual_CntUp_CmpB_PwmA               
0     003f2b17  _PWM_setActionQual_CntUp_CmpB_PwmB               
0     003f2b0e  _PWM_setActionQual_Period_PwmA                   
0     003f2b05  _PWM_setActionQual_Period_PwmB                   
0     003f2afe  _PWM_setActionQual_Zero_PwmA                     
0     003f2af7  _PWM_setActionQual_Zero_PwmB                     
0     003f2af0  _PWM_setChoppingClkFreq                          
0     003f2ae9  _PWM_setChoppingDutyCycle                        
0     003f2ae2  _PWM_setChoppingPulseWidth                       
0     003f2ade  _PWM_setClkDiv                                   
0     003f2adc  _PWM_setCount                                    
0     003f2ad8  _PWM_setCounterMode                              
0     003f2ad5  _PWM_setDeadBandFallingEdgeDelay                 
0     003f2ace  _PWM_setDeadBandInputMode                        
0     003f2ac7  _PWM_setDeadBandOutputMode                       
0     003f2ac0  _PWM_setDeadBandPolarity                         
0     003f2abd  _PWM_setDeadBandRisingEdgeDelay                  
0     003f2aa3  _PWM_setDigitalCompareAEvent1                    
0     003f2a93  _PWM_setDigitalCompareAEvent2                    
0     003f2a79  _PWM_setDigitalCompareBEvent1                    
0     003f2a69  _PWM_setDigitalCompareBEvent2                    
0     003f2a5d  _PWM_setDigitalCompareBlankingPulse              
0     003f2a5a  _PWM_setDigitalCompareFilterOffset               
0     003f2a50  _PWM_setDigitalCompareFilterSource               
0     003f2a4d  _PWM_setDigitalCompareFilterWindow               
0     003f2a3e  _PWM_setDigitalCompareInput                      
0     003f2a3a  _PWM_setHighSpeedClkDiv                          
0     003f2a30  _PWM_setHrControlMode                            
0     003f2a26  _PWM_setHrEdgeMode                               
0     003f2a1c  _PWM_setHrShadowMode                             
0     003f2a15  _PWM_setIntMode                                  
0     003f2a0e  _PWM_setIntPeriod                                
0     003f2a0a  _PWM_setLoadMode_CmpA                            
0     003f2a04  _PWM_setLoadMode_CmpB                            
0     003f2a02  _PWM_setPeriod                                   
0     003f29fd  _PWM_setPeriodHr                                 
0     003f29f9  _PWM_setPeriodLoad                               
0     003f29f7  _PWM_setPhase                                    
0     003f29f3  _PWM_setPhaseDir                                 
0     003f29ef  _PWM_setRunMode                                  
0     003f29e9  _PWM_setShadowMode_CmpA                          
0     003f29e3  _PWM_setShadowMode_CmpB                          
0     003f29da  _PWM_setSocAPeriod                               
0     003f29d1  _PWM_setSocAPulseSrc                             
0     003f29c8  _PWM_setSocBPeriod                               
0     003f29bf  _PWM_setSocBPulseSrc                             
0     003f29bc  _PWM_setSwSync                                   
0     003f29b8  _PWM_setSyncMode                                 
0     003f29ae  _PWM_setTripZoneDCEventSelect_DCAEVT1            
0     003f29a2  _PWM_setTripZoneDCEventSelect_DCAEVT2            
0     003f2996  _PWM_setTripZoneDCEventSelect_DCBEVT1            
0     003f298a  _PWM_setTripZoneDCEventSelect_DCBEVT2            
0     003f297e  _PWM_setTripZoneState_DCAEVT1                    
0     003f2972  _PWM_setTripZoneState_DCAEVT2                    
0     003f2966  _PWM_setTripZoneState_DCBEVT1                    
0     003f295a  _PWM_setTripZoneState_DCBEVT2                    
0     003f2950  _PWM_setTripZoneState_TZA                        
0     003f2944  _PWM_setTripZoneState_TZB                        
0     003f3344  _PWR_disableBrownOutReset                        
0     003f333a  _PWR_disableWatchDogInt                          
0     003f3337  _PWR_enableBrownOutReset                         
0     003f332d  _PWR_enableWatchDogInt                           
0     003f3324  _PWR_init                                        
0     003f3313  _PWR_setLowPowerMode                             
0     003f3302  _PWR_setNumStandByClocks                         
0     003f0637  _RamfuncsLoadEnd                                 
0     003f0000  _RamfuncsLoadStart                               
0     00008000  _RamfuncsRunStart                                
0     003f33bb  _TIMER_clearFlag                                 
0     003f33b8  _TIMER_disableInt                                
0     003f33b5  _TIMER_enableInt                                 
0     003f33b2  _TIMER_getStatus                                 
0     003f33ab  _TIMER_init                                      
0     003f339d  _TIMER_setDecimationFactor                       
0     003f3399  _TIMER_setEmulationMode                          
0     003f338b  _TIMER_setPreScaler                              
0     003f20cc  _USER_calcPIgains                                
0     003f20c8  _USER_checkForErrors                             
0     003f20ba  _USER_computeFlux                                
0     003f2069  _USER_computeFlux_pu_to_VpHz_sf                  
0     003f2018  _USER_computeFlux_pu_to_Wb_sf                    
0     003f1fc7  _USER_computeTorque_Flux_Iq_pu_to_Nm_sf          
0     003f1f78  _USER_computeTorque_Ls_Id_Iq_pu_to_Nm_sf         
0     003f1f2b  _USER_computeTorque_Nm                           
0     003f1ed3  _USER_computeTorque_lbin                         
0     003f1ed0  _USER_getErrorCode                               
0     003f1ecd  _USER_setErrorCode                               
0     003f1d5c  _USER_setParams                                  
0     003f1cc4  _USER_softwareUpdate1p6                          
0     003f32fa  _WDOG_clearCounter                               
0     003f32f2  _WDOG_disable                                    
0     003f32ec  _WDOG_disableInt                                 
0     003f32e6  _WDOG_disableOverRide                            
0     003f32dd  _WDOG_enable                                     
0     003f32d7  _WDOG_enableInt                                  
0     003f32d1  _WDOG_enableOverRide                             
0     003f32ce  _WDOG_getIntStatus                               
0     003f32c7  _WDOG_init                                       
0     003f32c5  _WDOG_setCount                                   
0     003f32bb  _WDOG_setPreScaler                               
abs   003ff854  __IQ24cosPU                                      
abs   003fff8f  __IQ24rmpy                                       
abs   003ff82b  __IQ24sinPU                                      
abs   003ff2aa  __IQ24sqrt                                       
abs   003ff87b  __IQ29rsmpy                                      
abs   003fff52  __IQ30rsmpy                                      
abs   003fff7b  __IQ30toF                                        
1     000004e6  __STACK_END                                      
abs   00000200  __STACK_SIZE                                     
1     000088a8  ___TI_cleanup_ptr                                
1     000088aa  ___TI_dtors_ptr                                  
abs   ffffffff  ___binit__                                       
abs   ffffffff  ___c_args__                                      
0     003f3515  ___cinit__                                       
0     003f3515  ___etext__                                       
abs   ffffffff  ___pinit__                                       
0     003f0637  ___text__                                        
0     003f34bc  __args_main                                      
1     000088ac  __lock                                           
0     003f3507  __nop                                            
0     003f3503  __register_lock                                  
0     003f34ff  __register_unlock                                
1     000002e6  __stack                                          
1     000088ae  __unlock                                         
0     003f34d5  _abort                                           
0     003f26e8  _acim_Dir_qFmtCalc                               
0     003f3347  _c_int00                                         
1     000088b0  _cpu                                             
1     00000100  _ctrl                                            
1     00008806  _ctrlHandle                                      
1     003f6088  _econst_end                                      
1     000004e6  _econst_ram_load                                 
1     003f6000  _econst_start                                    
abs   000007fc  _errno                                           
0     003f34d7  _exit                                            
1     0000880e  _gAdcData                                        
1     00008802  _gCounter_updateGlobals                          
1     00008801  _gLEDcnt                                         
1     00008804  _gMaxCurrentSlope                                
1     00008840  _gMotorVars                                      
1     00008808  _gPwmData                                        
1     00000040  _gUserParams                                     
1     00000240  _hal                                             
1     00000000  _halHandle                                       
abs   003fde41  _ldexp                                           
abs   003fda88  _log                                             
0     003f26fe  _main                                            
0     0000851d  _mainISR                                         
0     003f34ee  _memCopy                                         
abs   003fde82  _modf                                            
abs   003fdd64  _pow                                             
0     003f2670  _recalcKpKi                                      
0     003f264a  _setFeLimitZero                                  
0     003f3222  _sqrt                                            
1     00000000  _switch_end                                      
1     00000000  _switch_ram_load                                 
1     00000000  _switch_start                                    
0     003f25ec  _updateGlobalVariables_motor                     
0     00008633  _usDelay                                         
abs   ffffffff  binit                                            
0     003f3515  cinit                                            
0     003f7ff6  code_start                                       
0     003f3515  etext                                            
abs   ffffffff  pinit                                            


GLOBAL SYMBOLS: SORTED BY Symbol Address 

page  address   name                                             
----  -------   ----                                             
0     00008000  _CTRL_setup                                      
0     00008000  _RamfuncsRunStart                                
0     0000800b  _CTRL_run                                        
0     0000851d  _mainISR                                         
0     000085e3  _FLASH_setStandbyWaitCount                       
0     000085e8  _FLASH_setPowerMode                              
0     000085ef  _FLASH_setOtpWaitStates                          
0     000085f6  _FLASH_setNumRandomReadWaitStates                
0     000085fd  _FLASH_setNumPagedReadWaitStates                 
0     00008604  _FLASH_setActiveWaitCount                        
0     00008609  _FLASH_enablePipelineMode                        
0     0000860f  _FLASH_disablePipelineMode                       
0     00008615  _HAL_setupFlash                                  
0     00008633  _usDelay                                         
0     003f0000  _RamfuncsLoadStart                               
0     003f0637  .text                                            
0     003f0637  _CTRL_setupTraj                                  
0     003f0637  _RamfuncsLoadEnd                                 
0     003f0637  ___text__                                        
0     003f079b  _CTRL_setupEstOnLineState                        
0     003f07d6  _CTRL_setupEstIdleState                          
0     003f0974  _CTRL_setupCtrl                                  
0     003f0b5c  _CTRL_setUserMotorParams                         
0     003f0c8f  _CTRL_setEstParams                               
0     003f13f5  _CTRL_runTraj                                    
0     003f14c1  _CTRL_getVersion                                 
0     003f14cb  _HAL_setupTimers                                 
0     003f1506  _HAL_setupPwms                                   
0     003f15de  _HAL_setupPll                                    
0     003f161d  _HAL_setupPie                                    
0     003f1639  _HAL_setupPeripheralClks                         
0     003f166e  _HAL_setupGpios                                  
0     003f1701  _HAL_setupFaults                                 
0     003f171c  _HAL_setupClks                                   
0     003f1738  _HAL_setupAdcs                                   
0     003f17ea  _HAL_AdcCalChanSelect                            
0     003f1841  _HAL_AdcCalConversion                            
0     003f19a3  _HAL_AdcOffsetSelfCal                            
0     003f19d2  _HAL_getOscTrimValue                             
0     003f19e8  _HAL_osc1Comp                                    
0     003f1a2a  _HAL_osc2Comp                                    
0     003f1a6c  _HAL_OscTempComp                                 
0     003f1ac5  _HAL_cal                                         
0     003f1adc  _HAL_setParams                                   
0     003f1bec  _HAL_disableWdog                                 
0     003f1bf1  _HAL_init                                        
0     003f1c95  _HAL_enablePwmInt                                
0     003f1ca6  _HAL_enableGlobalInts                            
0     003f1caa  _HAL_enableDebugInt                              
0     003f1cae  _HAL_enableAdcInts                               
0     003f1cc0  _HAL_disableGlobalInts                           
0     003f1cc4  _USER_softwareUpdate1p6                          
0     003f1d5c  _USER_setParams                                  
0     003f1ecd  _USER_setErrorCode                               
0     003f1ed0  _USER_getErrorCode                               
0     003f1ed3  _USER_computeTorque_lbin                         
0     003f1f2b  _USER_computeTorque_Nm                           
0     003f1f78  _USER_computeTorque_Ls_Id_Iq_pu_to_Nm_sf         
0     003f1fc7  _USER_computeTorque_Flux_Iq_pu_to_Nm_sf          
0     003f2018  _USER_computeFlux_pu_to_Wb_sf                    
0     003f2069  _USER_computeFlux_pu_to_VpHz_sf                  
0     003f20ba  _USER_computeFlux                                
0     003f20c8  _USER_checkForErrors                             
0     003f20cc  _USER_calcPIgains                                
0     003f218d  _CTRL_updateState                                
0     003f2241  _CTRL_setup_user                                 
0     003f22a5  _CTRL_setupClarke_V                              
0     003f22bb  _CTRL_setupClarke_I                              
0     003f22d7  _CTRL_setWaitTimes                               
0     003f22e0  _CTRL_setSpd_ref_pu                              
0     003f22e3  _CTRL_setSpd_ref_krpm                            
0     003f22f6  _CTRL_setGains                                   
0     003f231e  _CTRL_setParams                                  
0     003f2576  _CTRL_getWaitTimes                               
0     003f257f  _CTRL_getVdq_out_pu                              
0     003f2586  _CTRL_getVab_out_pu                              
0     003f258d  _CTRL_getVab_in_pu                               
0     003f2594  _CTRL_getIdq_ref_pu                              
0     003f259b  _CTRL_getIdq_in_pu                               
0     003f25a2  _CTRL_getIab_in_pu                               
0     003f25a9  _CTRL_getIab_filt_pu                             
0     003f25b0  _CTRL_getGains                                   
0     003f25e0  _CTRL_setMagCurrent_pu                           
0     003f25e3  _CTRL_setMaximumSpeed_pu                         
0     003f25e6  _CTRL_getMaximumSpeed_pu                         
0     003f25e9  _CTRL_getMagCurrent_pu                           
0     003f25ec  _updateGlobalVariables_motor                     
0     003f264a  _setFeLimitZero                                  
0     003f2670  _recalcKpKi                                      
0     003f26e8  _acim_Dir_qFmtCalc                               
0     003f26fe  _main                                            
0     003f2944  _PWM_setTripZoneState_TZB                        
0     003f2950  _PWM_setTripZoneState_TZA                        
0     003f295a  _PWM_setTripZoneState_DCBEVT2                    
0     003f2966  _PWM_setTripZoneState_DCBEVT1                    
0     003f2972  _PWM_setTripZoneState_DCAEVT2                    
0     003f297e  _PWM_setTripZoneState_DCAEVT1                    
0     003f298a  _PWM_setTripZoneDCEventSelect_DCBEVT2            
0     003f2996  _PWM_setTripZoneDCEventSelect_DCBEVT1            
0     003f29a2  _PWM_setTripZoneDCEventSelect_DCAEVT2            
0     003f29ae  _PWM_setTripZoneDCEventSelect_DCAEVT1            
0     003f29b8  _PWM_setSyncMode                                 
0     003f29bc  _PWM_setSwSync                                   
0     003f29bf  _PWM_setSocBPulseSrc                             
0     003f29c8  _PWM_setSocBPeriod                               
0     003f29d1  _PWM_setSocAPulseSrc                             
0     003f29da  _PWM_setSocAPeriod                               
0     003f29e3  _PWM_setShadowMode_CmpB                          
0     003f29e9  _PWM_setShadowMode_CmpA                          
0     003f29ef  _PWM_setRunMode                                  
0     003f29f3  _PWM_setPhaseDir                                 
0     003f29f7  _PWM_setPhase                                    
0     003f29f9  _PWM_setPeriodLoad                               
0     003f29fd  _PWM_setPeriodHr                                 
0     003f2a02  _PWM_setPeriod                                   
0     003f2a04  _PWM_setLoadMode_CmpB                            
0     003f2a0a  _PWM_setLoadMode_CmpA                            
0     003f2a0e  _PWM_setIntPeriod                                
0     003f2a15  _PWM_setIntMode                                  
0     003f2a1c  _PWM_setHrShadowMode                             
0     003f2a26  _PWM_setHrEdgeMode                               
0     003f2a30  _PWM_setHrControlMode                            
0     003f2a3a  _PWM_setHighSpeedClkDiv                          
0     003f2a3e  _PWM_setDigitalCompareInput                      
0     003f2a4d  _PWM_setDigitalCompareFilterWindow               
0     003f2a50  _PWM_setDigitalCompareFilterSource               
0     003f2a5a  _PWM_setDigitalCompareFilterOffset               
0     003f2a5d  _PWM_setDigitalCompareBlankingPulse              
0     003f2a69  _PWM_setDigitalCompareBEvent2                    
0     003f2a79  _PWM_setDigitalCompareBEvent1                    
0     003f2a93  _PWM_setDigitalCompareAEvent2                    
0     003f2aa3  _PWM_setDigitalCompareAEvent1                    
0     003f2abd  _PWM_setDeadBandRisingEdgeDelay                  
0     003f2ac0  _PWM_setDeadBandPolarity                         
0     003f2ac7  _PWM_setDeadBandOutputMode                       
0     003f2ace  _PWM_setDeadBandInputMode                        
0     003f2ad5  _PWM_setDeadBandFallingEdgeDelay                 
0     003f2ad8  _PWM_setCounterMode                              
0     003f2adc  _PWM_setCount                                    
0     003f2ade  _PWM_setClkDiv                                   
0     003f2ae2  _PWM_setChoppingPulseWidth                       
0     003f2ae9  _PWM_setChoppingDutyCycle                        
0     003f2af0  _PWM_setChoppingClkFreq                          
0     003f2af7  _PWM_setActionQual_Zero_PwmB                     
0     003f2afe  _PWM_setActionQual_Zero_PwmA                     
0     003f2b05  _PWM_setActionQual_Period_PwmB                   
0     003f2b0e  _PWM_setActionQual_Period_PwmA                   
0     003f2b17  _PWM_setActionQual_CntUp_CmpB_PwmB               
0     003f2b20  _PWM_setActionQual_CntUp_CmpB_PwmA               
0     003f2b29  _PWM_setActionQual_CntUp_CmpA_PwmB               
0     003f2b32  _PWM_setActionQual_CntUp_CmpA_PwmA               
0     003f2b3b  _PWM_setActionQual_CntDown_CmpB_PwmB             
0     003f2b44  _PWM_setActionQual_CntDown_CmpB_PwmA             
0     003f2b4d  _PWM_setActionQual_CntDown_CmpA_PwmB             
0     003f2b56  _PWM_setActionQual_CntDown_CmpA_PwmA             
0     003f2b5f  _PWM_setActionQualContSWForce_PwmB               
0     003f2b68  _PWM_setActionQualContSWForce_PwmA               
0     003f2b6f  _PWM_init                                        
0     003f2b76  _PWM_incrementDeadBandRisingEdgeDelay            
0     003f2b79  _PWM_incrementDeadBandFallingEdgeDelay           
0     003f2b7c  _PWM_getSocBCount                                
0     003f2b81  _PWM_getSocACount                                
0     003f2b86  _PWM_getShadowStatus_CmpB                        
0     003f2b8a  _PWM_getShadowStatus_CmpA                        
0     003f2b8e  _PWM_getIntCount                                 
0     003f2b92  _PWM_getDeadBandRisingEdgeDelay                  
0     003f2b95  _PWM_getDeadBandFallingEdgeDelay                 
0     003f2b98  _PWM_enableTripZoneSrc                           
0     003f2b9e  _PWM_enableTripZoneInt                           
0     003f2ba4  _PWM_enableSocBPulse                             
0     003f2ba8  _PWM_enableSocAPulse                             
0     003f2bac  _PWM_enableInt                                   
0     003f2bb0  _PWM_enableHrPhaseSync                           
0     003f2bb7  _PWM_enableHrPeriod                              
0     003f2bbe  _PWM_enableDigitalCompareBlankingWindowInversion 
0     003f2bc5  _PWM_enableDigitalCompareBlankingWindow          
0     003f2bcc  _PWM_enableDeadBandHalfCycle                     
0     003f2bd0  _PWM_enableCounterLoad                           
0     003f2bd3  _PWM_enableChopping                              
0     003f2bd7  _PWM_enableAutoConvert                           
0     003f2bde  _PWM_disableTripZones                            
0     003f2be4  _PWM_disableTripZoneSrc                          
0     003f2beb  _PWM_disableTripZoneInt                          
0     003f2bf2  _PWM_disableSocBPulse                            
0     003f2bf6  _PWM_disableSocAPulse                            
0     003f2bfa  _PWM_disableInt                                  
0     003f2bfe  _PWM_disableHrPhaseSync                          
0     003f2c05  _PWM_disableHrPeriod                             
0     003f2c0c  _PWM_disableDigitalCompareBlankingWindowInversion
0     003f2c13  _PWM_disableDigitalCompareBlankingWindow         
0     003f2c1a  _PWM_disableDeadBandHalfCycle                    
0     003f2c1e  _PWM_disableDeadBand                             
0     003f2c21  _PWM_disableCounterLoad                          
0     003f2c24  _PWM_disableChopping                             
0     003f2c28  _PWM_disableAutoConvert                          
0     003f2c2f  _PWM_decrementDeadBandRisingEdgeDelay            
0     003f2c32  _PWM_decrementDeadBandFallingEdgeDelay           
0     003f2c35  _PWM_clearTripZone                               
0     003f2c3b  _ADC_setupSocTrigSrc                             
0     003f2c66  _ADC_setVoltRefSrc                               
0     003f2c77  _ADC_setTempSensorSrc                            
0     003f2c88  _ADC_setSocTrigSrc                               
0     003f2c9c  _ADC_setSocSampleDelay                           
0     003f2cb0  _ADC_setSocFrcWord                               
0     003f2cba  _ADC_setSocFrc                                   
0     003f2cc7  _ADC_setSocChanNumber                            
0     003f2cdb  _ADC_setSampleOverlapMode                        
0     003f2cee  _ADC_setSampleMode                               
0     003f2d05  _ADC_setOffTrim                                  
0     003f2d0f  _ADC_setIntSrc                                   
0     003f2d30  _ADC_setIntPulseGenMode                          
0     003f2d41  _ADC_setIntMode                                  
0     003f2d62  _ADC_setDivideSelect                             
0     003f2d73  _ADC_reset                                       
0     003f2d7d  _ADC_powerUp                                     
0     003f2d87  _ADC_powerDown                                   
0     003f2d91  _ADC_init                                        
0     003f2d9a  _ADC_getDivideSelect                             
0     003f2da1  _ADC_enableVoltRefLoConv                         
0     003f2dab  _ADC_enableRefBuffers                            
0     003f2db5  _ADC_enableNoOverlapMode                         
0     003f2dbf  _ADC_enableInt                                   
0     003f2dd5  _ADC_enableBandGap                               
0     003f2ddf  _ADC_enable                                      
0     003f2de9  _ADC_disableVoltRefLoConv                        
0     003f2df3  _ADC_disableRefBuffers                           
0     003f2dfd  _ADC_disableNoOverlapMode                        
0     003f2e07  _ADC_disableInt                                  
0     003f2e1e  _ADC_disableBandGap                              
0     003f2e28  _ADC_disable                                     
0     003f2e32  _GPIO_toggle                                     
0     003f2e43  _GPIO_setQualificationPeriod                     
0     003f2e73  _GPIO_setQualification                           
0     003f2eb0  _GPIO_setPullUp                                  
0     003f2ecb  _GPIO_setPortData                                
0     003f2ed6  _GPIO_setMode                                    
0     003f2f09  _GPIO_setLow                                     
0     003f2f1a  _GPIO_setHigh                                    
0     003f2f2b  _GPIO_setExtInt                                  
0     003f2f36  _GPIO_setDirection                               
0     003f2f51  _GPIO_read                                       
0     003f2f71  _GPIO_lpmSelect                                  
0     003f2f7b  _GPIO_init                                       
0     003f2f82  _GPIO_getPortData                                
0     003f2f89  _GPIO_getData                                    
0     003f2f98  _CLK_setXClkInSrc                                
0     003f2f9f  _CLK_setWatchDogSrc                              
0     003f2fa6  _CLK_setTimer2Src                                
0     003f2fad  _CLK_setTimer2PreScale                           
0     003f2fb4  _CLK_setOscSrc                                   
0     003f2fbb  _CLK_setOsc2Src                                  
0     003f2fc2  _CLK_setLowSpdPreScaler                          
0     003f2fc8  _CLK_setClkOutPreScaler                          
0     003f2fcf  _CLK_init                                        
0     003f2fd6  _CLK_enableWatchDogHaltMode                      
0     003f2fdc  _CLK_enableTbClockSync                           
0     003f2fe3  _CLK_enableSpiaClock                             
0     003f2fea  _CLK_enableSciaClock                             
0     003f2ff1  _CLK_enablePwmClock                              
0     003f2ffa  _CLK_enableOsc2HaltMode                          
0     003f3000  _CLK_enableOsc2                                  
0     003f3006  _CLK_enableOsc1HaltMode                          
0     003f300c  _CLK_enableOsc1                                  
0     003f3012  _CLK_enableI2cClock                              
0     003f3019  _CLK_enableHrPwmClock                            
0     003f3020  _CLK_enableGpioInputClock                        
0     003f3027  _CLK_enableEcap1Clock                            
0     003f302e  _CLK_enableCrystalOsc                            
0     003f3034  _CLK_enableCpuTimerClock                         
0     003f303a  _CLK_enableCompClock                             
0     003f3040  _CLK_enableClkIn                                 
0     003f3046  _CLK_enableAdcClock                              
0     003f304d  _CLK_disableWatchDogHaltMode                     
0     003f3053  _CLK_disableTbClockSync                          
0     003f305a  _CLK_disableSpiaClock                            
0     003f3061  _CLK_disableSciaClock                            
0     003f3068  _CLK_disablePwmClock                             
0     003f3072  _CLK_disableOsc2HaltMode                         
0     003f3078  _CLK_disableOsc2                                 
0     003f307e  _CLK_disableOsc1HaltMode                         
0     003f3084  _CLK_disableOsc1                                 
0     003f308a  _CLK_disableI2cClock                             
0     003f3091  _CLK_disableHrPwmClock                           
0     003f3098  _CLK_disableGpioInputClock                       
0     003f309f  _CLK_disableEcap1Clock                           
0     003f30a6  _CLK_disableCrystalOsc                           
0     003f30ac  _CLK_disableCpuTimerClock                        
0     003f30b3  _CLK_disableCompClock                            
0     003f30b7  _CLK_disableClkIn                                
0     003f30bd  _CLK_disableAdcClock                             
0     003f30c4  _PIE_unregisterSystemIntHandler                  
0     003f30d1  _PIE_unregisterPieIntHandler                     
0     003f30e4  _PIE_setExtIntPolarity                           
0     003f30f5  _PIE_setDefaultIntVectorTable                    
0     003f3100  _PIE_registerSystemIntHandler                    
0     003f310b  _PIE_registerPieIntHandler                       
0     003f311c  _PIE_init                                        
0     003f3125  _PIE_getIntFlags                                 
0     003f312c  _PIE_getIntEnables                               
0     003f3133  _PIE_getExtIntCount                              
0     003f313b  _PIE_forceInt                                    
0     003f3144  _PIE_enableTimer0Int                             
0     003f3147  _PIE_enablePwmTzInt                              
0     003f314c  _PIE_enablePwmInt                                
0     003f3151  _PIE_enableInt                                   
0     003f315a  _PIE_enableExtInt                                
0     003f3177  _PIE_enableCaptureInt                            
0     003f317b  _PIE_enableAdcInt                                
0     003f3198  _PIE_enable                                      
0     003f319b  _PIE_disableInt                                  
0     003f31a5  _PIE_disableExtInt                               
0     003f31ae  _PIE_disableCaptureInt                           
0     003f31b2  _PIE_disableAllInts                              
0     003f31b9  _PIE_disable                                     
0     003f31bc  _PIE_clearAllInts                                
0     003f31bf  _PIE_clearAllFlags                               
0     003f31c6  _PLL_setLockPeriod                               
0     003f31cb  _PLL_setDivideSelect                             
0     003f31d2  _PLL_setClkFreq                                  
0     003f31d8  _PLL_resetClkDetect                              
0     003f31de  _PLL_init                                        
0     003f31e5  _PLL_getLockStatus                               
0     003f31e8  _PLL_getDivideSelect                             
0     003f31eb  _PLL_getClkStatus                                
0     003f31ee  _PLL_getClkFreq                                  
0     003f31f2  _PLL_enableOsc                                   
0     003f31f8  _PLL_enableNormRdy                               
0     003f31fe  _PLL_enableClkDetect                             
0     003f3204  _PLL_enable                                      
0     003f320a  _PLL_disableOsc                                  
0     003f3210  _PLL_disableNormRdy                              
0     003f3216  _PLL_disableClkDetect                            
0     003f321c  _PLL_disable                                     
0     003f3222  _sqrt                                            
0     003f3273  _OFFSET_setOffset                                
0     003f3275  _OFFSET_setInitCond                              
0     003f3284  _OFFSET_setBeta                                  
0     003f329a  _OFFSET_init                                     
0     003f32ac  _OFFSET_getBeta                                  
0     003f32bb  _WDOG_setPreScaler                               
0     003f32c5  _WDOG_setCount                                   
0     003f32c7  _WDOG_init                                       
0     003f32ce  _WDOG_getIntStatus                               
0     003f32d1  _WDOG_enableOverRide                             
0     003f32d7  _WDOG_enableInt                                  
0     003f32dd  _WDOG_enable                                     
0     003f32e6  _WDOG_disableOverRide                            
0     003f32ec  _WDOG_disableInt                                 
0     003f32f2  _WDOG_disable                                    
0     003f32fa  _WDOG_clearCounter                               
0     003f3302  _PWR_setNumStandByClocks                         
0     003f3313  _PWR_setLowPowerMode                             
0     003f3324  _PWR_init                                        
0     003f332d  _PWR_enableWatchDogInt                           
0     003f3337  _PWR_enableBrownOutReset                         
0     003f333a  _PWR_disableWatchDogInt                          
0     003f3344  _PWR_disableBrownOutReset                        
0     003f3347  _c_int00                                         
0     003f338b  _TIMER_setPreScaler                              
0     003f3399  _TIMER_setEmulationMode                          
0     003f339d  _TIMER_setDecimationFactor                       
0     003f33ab  _TIMER_init                                      
0     003f33b2  _TIMER_getStatus                                 
0     003f33b5  _TIMER_enableInt                                 
0     003f33b8  _TIMER_disableInt                                
0     003f33bb  _TIMER_clearFlag                                 
0     003f33be  _OSC_setTrim                                     
0     003f33c7  _OSC_setFineTrim                                 
0     003f33d8  _OSC_setCoarseTrim                               
0     003f33e5  _OSC_init                                        
0     003f33ec  L$$DIV                                           
0     003f33fb  L$$MOD                                           
0     003f3409  UL$$DIV                                          
0     003f3410  UL$$MOD                                          
0     003f3416  _CPU_init                                        
0     003f341a  _CPU_enableProtectedRegisterWrite                
0     003f341d  _CPU_enableInt                                   
0     003f3421  _CPU_enableGlobalInts                            
0     003f3424  _CPU_enableDebugInt                              
0     003f3427  _CPU_disableProtectedRegisterWrite               
0     003f342a  _CPU_disableInts                                 
0     003f342d  _CPU_disableInt                                  
0     003f3432  _CPU_disableGlobalInts                           
0     003f3435  _CPU_disableDebugInt                             
0     003f3438  _CPU_clearIntFlags                               
0     003f343b  _FILTER_FO_setNumCoeffs                          
0     003f343f  _FILTER_FO_setInitialConditions                  
0     003f3444  _FILTER_FO_setDenCoeffs                          
0     003f3446  _FILTER_FO_init                                  
0     003f344d  _FILTER_FO_getNumCoeffs                          
0     003f3453  _FILTER_FO_getInitialConditions                  
0     003f345a  _FILTER_FO_getDenCoeffs                          
0     003f345d  _FLASH_init                                      
0     003f3464  _FLASH_getStandbyWaitStatus                      
0     003f3468  _FLASH_getStandbyWaitCount                       
0     003f346b  _FLASH_getPowerMode                              
0     003f346e  _FLASH_getActiveWaitStatus                       
0     003f3472  _FLASH_getActiveWaitCount                        
0     003f3475  _FLASH_get3VStatus                               
0     003f3478  _FLASH_clear3VStatus                             
0     003f347e  FS$$TOUL                                         
0     003f349f  FS$$TOU                                          
0     003f34bc  __args_main                                      
0     003f34d5  C$$EXIT                                          
0     003f34d5  _abort                                           
0     003f34d7  _exit                                            
0     003f34ee  _memCopy                                         
0     003f34ff  __register_unlock                                
0     003f3503  __register_lock                                  
0     003f3507  __nop                                            
0     003f3510  _PIE_illegalIsr                                  
0     003f3515  ___cinit__                                       
0     003f3515  ___etext__                                       
0     003f3515  cinit                                            
0     003f3515  etext                                            
0     003f7ff6  code_start                                       
1     00000000  _halHandle                                       
1     00000000  _switch_end                                      
1     00000000  _switch_ram_load                                 
1     00000000  _switch_start                                    
1     00000040  _gUserParams                                     
1     00000100  _ctrl                                            
1     00000240  _hal                                             
1     000002e6  __stack                                          
1     000004e6  __STACK_END                                      
1     000004e6  _econst_ram_load                                 
1     00008800  _Flag_Latch_softwareUpdate                       
1     00008801  _gLEDcnt                                         
1     00008802  _gCounter_updateGlobals                          
1     00008804  _gMaxCurrentSlope                                
1     00008806  _ctrlHandle                                      
1     00008808  _gPwmData                                        
1     0000880e  _gAdcData                                        
1     00008840  _gMotorVars                                      
1     000088a8  ___TI_cleanup_ptr                                
1     000088aa  ___TI_dtors_ptr                                  
1     000088ac  __lock                                           
1     000088ae  __unlock                                         
1     000088b0  _cpu                                             
1     003f6000  _econst_start                                    
1     003f6088  _econst_end                                      
abs   00000200  __STACK_SIZE                                     
abs   000007fc  _errno                                           
abs   003fc000  _EST_getState                                    
abs   003fc002  _EST_useZeroIq_ref                               
abs   003fc05a  _EST_resetCounter_state                          
abs   003fc05e  _EST_isMotorIdentified                           
abs   003fc062  _EST_getFullScaleCurrent                         
abs   003fc08e  _EST_getFullScaleVoltage                         
abs   003fc092  _EST_computeDirection_qFmt                       
abs   003fc0f8  _EST_updateState                                 
abs   003fc3da  _EST_updateId_ref_pu                             
abs   003fc3e2  _EST_setWaitTimes                                
abs   003fc3fd  _EST_setRs_pu                                    
abs   003fc4bb  _EST_setMotorParams                              
abs   003fc4c0  _EST_setMaxCurrentSlope_pu                       
abs   003fc4cc  _EST_setLs_q_pu                                  
abs   003fc4d1  _EST_getFullScaleInductance                      
abs   003fc4d6  _EST_setLs_qFmt                                  
abs   003fc52a  _EST_setLs_d_pu                                  
abs   003fc548  _EST_setIq_ref_pu                                
abs   003fc54c  _EST_setIdle_all                                 
abs   003fc55f  _EST_setIdle                                     
abs   003fc565  _EST_setId_ref_pu                                
abs   003fc569  _EST_setIdRated_pu                               
abs   003fc56f  _EST_setFullScaleVoltage                         
abs   003fc573  _EST_setFullScaleResistance                      
abs   003fc58b  _EST_setFullScaleFreq                            
abs   003fc594  _EST_setFullScaleCurrent                         
abs   003fc5b0  _EST_setFlag_updateRs                            
abs   003fc5b4  _EST_setFlag_estComplete                         
abs   003fc5b8  _EST_setFlag_enableRsRecalc                      
abs   003fc5bc  _EST_setFlag_enableRsOnLine                      
abs   003fc5c0  _EST_setFlag_enableForceAngle                    
abs   003fc5c5  _EST_setFlag_enableFluxControl                   
abs   003fc5c9  _EST_setFe_pos_min_pu                            
abs   003fc5cd  _EST_setFe_neg_max_pu                            
abs   003fc5da  _EST_setDir_qFmt                                 
abs   003fc5ed  _EST_resetCounter_ctrl                           
abs   003fc5f2  _EST_getAngle_pu                                 
abs   003fcc5c  _EST_getFullScaleFreq                            
abs   003fcc60  _EST_run                                         
abs   003fcd5d  _EST_isOnLine                                    
abs   003fcd64  _EST_isLockRotor                                 
abs   003fcd6b  _EST_isIdle                                      
abs   003fcd72  _EST_isError                                     
abs   003fce38  _EST_get_pu_to_krpm_sf                           
abs   003fce3d  _EST_get_krpm_to_pu_sf                           
abs   003fceab  _EST_getSpeed_krpm                               
abs   003fcef8  _EST_getRs_Ohm                                   
abs   003fcf92  _EST_getRr_Ohm                                   
abs   003fcf98  _EST_getOneOverDcBus_pu                          
abs   003fcfa2  _EST_getMaxCurrentSlope_pu                       
abs   003fcfae  _EST_getLs_q_pu                                  
abs   003fcfb3  _EST_getLs_q_H                                   
abs   003fcfd5  _EST_getLs_d_pu                                  
abs   003fcfda  _EST_getLs_d_H                                   
abs   003fcfe4  _EST_getLs_coarse_max_pu                         
abs   003fd017  _EST_getIdRated                                  
abs   003fd043  _EST_getFullScaleFlux                            
abs   003fd073  _EST_getFm_pu                                    
abs   003fd090  _EST_getFlux_pu                                  
abs   003fd0a3  _EST_getFlux_VpHz                                
abs   003fd13d  _EST_doSpeedCtrl                                 
abs   003fd145  _EST_doCurrentCtrl                               
abs   003fd14d  _EST_computeR                                    
abs   003fd16d  _EST_computeL                                    
abs   003fd1af  _EST_TRAJ_setParams                              
abs   003fd1be  _EST_I_setParams                                 
abs   003fd1e8  _EST_EPL_setParams                               
abs   003fd237  _EST_Ls_setWaitTimes                             
abs   003fd247  _EST_Ls_setParams                                
abs   003fd284  _EST_Ls_setLs_q                                  
abs   003fd2b6  _EST_Ls_setLs_d                                  
abs   003fd3a8  _EST_Ls_getLs_d                                  
abs   003fd41e  _EST_Flux_setWaitTimes                           
abs   003fd42e  _EST_Flux_setParams                              
abs   003fd49c  _EST_Flux_getRatedFlux_pu                        
abs   003fd514  _EST_Flux_computeOneOverFlux_qFmt                
abs   003fd54d  _EST_RsOnLine_setParams                          
abs   003fd57d  _EST_RsOnLine_setFilterParams                    
abs   003fd6b3  _EST_Rs_setWaitTimes                             
abs   003fd6c3  _EST_Rs_setRs                                    
abs   003fd725  _EST_Rs_setParams                                
abs   003fd767  _EST_Rs_getRs                                    
abs   003fd788  _EST_Rr_setRr                                    
abs   003fd7e9  _EST_Rr_setParams                                
abs   003fd88b  _CTRL_initCtrl                                   
abs   003fd922  _EST_Dir_setParams                               
abs   003fd95c  _EST_Freq_setParams                              
abs   003fd9b0  _EST_Flux_ab_setParams                           
abs   003fd9cc  _EST_Iab_setParams                               
abs   003fd9e5  _EST_Angle_setParams                             
abs   003fd9fb  _EST_Vdq_setParams                               
abs   003fda0d  _EST_OneOverDcBus_setParams                      
abs   003fda1e  _EST_Idq_setParams                               
abs   003fda3b  _EST_Flux_dq_setParams                           
abs   003fda47  _EST_Vback_ab_setParams                          
abs   003fda53  _EST_Vab_setParams                               
abs   003fda5e  _EST_Vback_dq_setParams                          
abs   003fda88  _log                                             
abs   003fdc5e  FD$$MPY                                          
abs   003fdce1  FS$$DIV                                          
abs   003fdd64  _pow                                             
abs   003fdde7  FS$$MPY                                          
abs   003fde41  _ldexp                                           
abs   003fde82  _modf                                            
abs   003fdeb3  FS$$SUB                                          
abs   003fdeb8  FS$$ADD                                          
abs   003fdf2b  FS$$CMP                                          
abs   003fdf7b  FD$$TOL                                          
abs   003fdfb7  FS$$TOFD                                         
abs   003ff2aa  __IQ24sqrt                                       
abs   003ff82b  __IQ24sinPU                                      
abs   003ff854  __IQ24cosPU                                      
abs   003ff87b  __IQ29rsmpy                                      
abs   003ff8aa  UL$$TOFS                                         
abs   003ff8bd  U$$TOFS                                          
abs   003fff0e  FS$$TOI                                          
abs   003fff33  I$$TOFS                                          
abs   003fff4d  FS$$NEG                                          
abs   003fff52  __IQ30rsmpy                                      
abs   003fff7b  __IQ30toF                                        
abs   003fff8f  __IQ24rmpy                                       
abs   ffffffff  ___binit__                                       
abs   ffffffff  ___c_args__                                      
abs   ffffffff  ___pinit__                                       
abs   ffffffff  binit                                            
abs   ffffffff  pinit                                            

[569 symbols]
