******************************************************************************
             TMS320C2000 Linker PC v6.4.9                      
******************************************************************************
>> Linked Wed Dec 02 15:56:11 2015

OUTPUT FILE NAME:   <proj_lab01.out>
ENTRY POINT SYMBOL: "_c_int00"  address: 00009e29


MEMORY CONFIGURATION

         name            origin    length      used     unused   attr    fill
----------------------  --------  ---------  --------  --------  ----  --------
PAGE 0:
  BEGIN                 00000000   00000002  00000000  00000002  RWIX
  RAMM0                 00000050   000003b0  000000da  000002d6  RWIX
  RAML0_L8              00008000   0000b800  0000237a  00009486  RWIX
  FPUTABLES             003fd590   000006a0  00000000  000006a0  RWIX
  IQTABLES              003fdc30   00000b50  00000000  00000b50  RWIX
  IQTABLES2             003fe780   0000008c  00000000  0000008c  RWIX
  IQTABLES3             003fe80c   000000aa  00000000  000000aa  RWIX
  BOOTROM               003ff3b0   00000c10  00000000  00000c10  RWIX
  RESET                 003fffc0   00000002  00000000  00000002  RWIX

PAGE 1:
  BOOT_RSVD             00000002   0000004e  00000000  0000004e  RWIX
  RAMM1                 00000400   00000400  000003b0  00000050  RWIX
  USB_RAM               00040000   00000800  00000000  00000800  RWIX


SECTION ALLOCATION MAP

 output                                  attributes/
section   page    origin      length       input sections
--------  ----  ----------  ----------   ----------------
.cinit     0    00000050    000000a4     
                  00000050    0000008a     proj_lab01.obj (.cinit)
                  000000da    0000000a     rts2800_ml.lib : exit.obj (.cinit)
                  000000e4    00000005                    : _lock.obj (.cinit:__lock)
                  000000e9    00000005                    : _lock.obj (.cinit:__unlock)
                  000000ee    00000004                    : errno.obj (.cinit)
                  000000f2    00000002     --HOLE-- [fill = 0]

ramfuncs   0    000000f4    00000036     
                  000000f4    00000032     flash.obj (ramfuncs)
                  00000126    00000004     usDelay.obj (ramfuncs)

.text      0    00008000    00002138     
                  00008000    000009c6     hal.obj (.text)
                  000089c6    000004ca     user.obj (.text)
                  00008e90    000002f7     pwm.obj (.text)
                  00009187    000001fa     adc.obj (.text)
                  00009381    00000197     gpio.obj (.text)
                  00009518    0000018b     clk.obj (.text)
                  000096a3    00000102     pie.obj (.text)
                  000097a5    000000b5     proj_lab01.obj (.text:retain)
                  0000985a    000000ad     rts2800_ml.lib : log.obj (.text)
                  00009907    0000009f                    : exp.obj (.text)
                  000099a6    0000008f                    : _log.obj (.text)
                  00009a35    00000088                    : pow.obj (.text)
                  00009abd    00000083                    : fd_mpy.obj (.text)
                  00009b40    00000083                    : fs_div.obj (.text)
                  00009bc3    00000078                    : fs_add.obj (.text)
                  00009c3b    0000005c     pll.obj (.text)
                  00009c97    0000005b     proj_lab01.obj (.text)
                  00009cf2    0000005a     rts2800_ml.lib : fs_mpy.obj (.text)
                  00009d4c    00000051                    : sqrt.obj (.text)
                  00009d9d    00000047     wdog.obj (.text)
                  00009de4    00000045     pwr.obj (.text)
                  00009e29    00000044     rts2800_ml.lib : boot.obj (.text)
                  00009e6d    00000041                    : ldexp.obj (.text)
                  00009eae    00000033                    : modf.obj (.text)
                  00009ee1    00000033     timer.obj (.text)
                  00009f14    0000002e     osc.obj (.text)
                  00009f42    00000029     rts2800_ml.lib : fs_tol.obj (.text)
                  00009f6b    00000025     cpu.obj (.text)
                  00009f90    00000025     rts2800_ml.lib : fs_toi.obj (.text)
                  00009fb5    00000022                    : i_div.obj (.text)
                  00009fd7    00000021     flash.obj (.text)
                  00009ff8    00000021     rts2800_ml.lib : fs_toul.obj (.text)
                  0000a019    0000001f                    : fd_tol.obj (.text)
                  0000a038    0000001d                    : fs_tou.obj (.text)
                  0000a055    0000001c                    : fs_tofd.obj (.text)
                  0000a071    0000001a                    : i_tofs.obj (.text)
                  0000a08b    0000001a                    : l_tofs.obj (.text)
                  0000a0a5    00000019                    : args_main.obj (.text)
                  0000a0be    00000019                    : exit.obj (.text)
                  0000a0d7    00000017                    : fs_cmp.obj (.text)
                  0000a0ee    00000014                    : frexp.obj (.text)
                  0000a102    00000013                    : ul_tofs.obj (.text)
                  0000a115    00000010                    : u_tofs.obj (.text)
                  0000a125    00000009                    : _lock.obj (.text)
                  0000a12e    00000005     pie.obj (.text:retain)
                  0000a133    00000005     rts2800_ml.lib : fs_neg.obj (.text)

.pinit     0    00000050    00000000     UNINITIALIZED

.reset     0    003fffc0    00000002     DSECT
                  003fffc0    00000002     rts2800_ml.lib : boot.obj (.reset)

.ebss      0    0000a138    00000222     UNINITIALIZED
                  0000a138    00000004     rts2800_ml.lib : exit.obj (.ebss)
                  0000a13c    00000002                    : _lock.obj (.ebss:__lock)
                  0000a13e    00000002                    : _lock.obj (.ebss:__unlock)
                  0000a140    0000016c     proj_lab01.obj (.ebss)
                  0000a2ac    00000001     cpu.obj (.ebss)
                  0000a2ad    00000001     rts2800_ml.lib : errno.obj (.ebss)
                  0000a2ae    00000012     --HOLE--
                  0000a2c0    0000009a     hal.obj (.ebss)

IQmath     0    0000a35a    00000014     
                  0000a35a    00000014     IQmath.lib : IQ30toF.obj (IQmath)

.econst    0    0000a36e    0000000c     
                  0000a36e    00000008     user.obj (.econst)
                  0000a376    00000004     hal.obj (.econst)

.stack     1    00000400    000003b0     UNINITIALIZED
                  00000400    000003b0     --HOLE--


GLOBAL DATA SYMBOLS: SORTED BY DATA PAGE

address     data page           name
--------    ----------------    ----
00000400      10 (00000400)     __stack

0000a138     284 (0000a100)     ___TI_cleanup_ptr
0000a13a     284 (0000a100)     ___TI_dtors_ptr
0000a13c     284 (0000a100)     __lock
0000a13e     284 (0000a100)     __unlock

0000a140     285 (0000a140)     _halHandle
0000a142     285 (0000a140)     _gLEDcnt
0000a144     285 (0000a140)     _gPwmData
0000a14a     285 (0000a140)     _gAdcData

0000a180     286 (0000a180)     _gMotorVars

0000a200     288 (0000a200)     _gUserParams

0000a2ac     28a (0000a280)     _cpu
0000a2ad     28a (0000a280)     _errno

0000a2c0     28b (0000a2c0)     _hal

0000a35a     28d (0000a340)     __IQ30toF


GLOBAL SYMBOLS: SORTED ALPHABETICALLY BY Name 

page  address   name                                             
----  -------   ----                                             
0     00008000  .text                                            
0     0000a0be  C$$EXIT                                          
0     00009abd  FD$$MPY                                          
0     0000a019  FD$$TOL                                          
0     00009bc8  FS$$ADD                                          
0     0000a0d7  FS$$CMP                                          
0     00009b40  FS$$DIV                                          
0     00009cf2  FS$$MPY                                          
0     0000a133  FS$$NEG                                          
0     00009bc3  FS$$SUB                                          
0     0000a055  FS$$TOFD                                         
0     00009f90  FS$$TOI                                          
0     00009f42  FS$$TOL                                          
0     0000a038  FS$$TOU                                          
0     00009ff8  FS$$TOUL                                         
0     00009fb5  I$$DIV                                           
0     00009fc6  I$$MOD                                           
0     0000a071  I$$TOFS                                          
0     0000a08b  L$$TOFS                                          
0     0000a115  U$$TOFS                                          
0     0000a102  UL$$TOFS                                         
0     00009377  _ADC_disable                                     
0     0000936d  _ADC_disableBandGap                              
0     00009356  _ADC_disableInt                                  
0     0000934c  _ADC_disableNoOverlapMode                        
0     00009342  _ADC_disableRefBuffers                           
0     00009338  _ADC_disableVoltRefLoConv                        
0     0000932e  _ADC_enable                                      
0     00009324  _ADC_enableBandGap                               
0     0000930e  _ADC_enableInt                                   
0     00009304  _ADC_enableNoOverlapMode                         
0     000092fa  _ADC_enableRefBuffers                            
0     000092f0  _ADC_enableVoltRefLoConv                         
0     000092e6  _ADC_getDivideSelect                             
0     000092dd  _ADC_init                                        
0     000092d3  _ADC_powerDown                                   
0     000092c9  _ADC_powerUp                                     
0     000092bf  _ADC_reset                                       
0     000092ae  _ADC_setDivideSelect                             
0     0000928d  _ADC_setIntMode                                  
0     0000927c  _ADC_setIntPulseGenMode                          
0     0000925b  _ADC_setIntSrc                                   
0     00009251  _ADC_setOffTrim                                  
0     0000923a  _ADC_setSampleMode                               
0     00009227  _ADC_setSampleOverlapMode                        
0     00009213  _ADC_setSocChanNumber                            
0     00009206  _ADC_setSocFrc                                   
0     000091fc  _ADC_setSocFrcWord                               
0     000091e8  _ADC_setSocSampleDelay                           
0     000091d4  _ADC_setSocTrigSrc                               
0     000091c3  _ADC_setTempSensorSrc                            
0     000091b2  _ADC_setVoltRefSrc                               
0     00009187  _ADC_setupSocTrigSrc                             
0     0000969c  _CLK_disableAdcClock                             
0     00009695  _CLK_disableClaClock                             
0     0000968f  _CLK_disableClkIn                                
0     0000968b  _CLK_disableCompClock                            
0     00009684  _CLK_disableCpuTimerClock                        
0     0000967e  _CLK_disableCrystalOsc                           
0     00009677  _CLK_disableEcanaClock                           
0     00009670  _CLK_disableEcap1Clock                           
0     00009669  _CLK_disableEqep1Clock                           
0     00009662  _CLK_disableEqep2Clock                           
0     0000965b  _CLK_disableGpioInputClock                       
0     00009654  _CLK_disableHrPwmClock                           
0     0000964d  _CLK_disableI2cClock                             
0     00009646  _CLK_disableLinAClock                            
0     00009640  _CLK_disableOsc1                                 
0     0000963a  _CLK_disableOsc1HaltMode                         
0     00009634  _CLK_disableOsc2                                 
0     0000962e  _CLK_disableOsc2HaltMode                         
0     00009624  _CLK_disablePwmClock                             
0     0000961d  _CLK_disableSciaClock                            
0     00009616  _CLK_disableScibClock                            
0     0000960f  _CLK_disableSpiaClock                            
0     0000960b  _CLK_disableSpibClock                            
0     00009604  _CLK_disableTbClockSync                          
0     000095fe  _CLK_disableWatchDogHaltMode                     
0     000095f7  _CLK_enableAdcClock                              
0     000095f0  _CLK_enableClaClock                              
0     000095ea  _CLK_enableClkIn                                 
0     000095e4  _CLK_enableCompClock                             
0     000095de  _CLK_enableCpuTimerClock                         
0     000095d8  _CLK_enableCrystalOsc                            
0     000095d1  _CLK_enableEcanaClock                            
0     000095ca  _CLK_enableEcap1Clock                            
0     000095c3  _CLK_enableEqep1Clock                            
0     000095bc  _CLK_enableEqep2Clock                            
0     000095b5  _CLK_enableGpioInputClock                        
0     000095ae  _CLK_enableHrPwmClock                            
0     000095a7  _CLK_enableI2cClock                              
0     000095a0  _CLK_enableLinAClock                             
0     0000959a  _CLK_enableOsc1                                  
0     00009594  _CLK_enableOsc1HaltMode                          
0     0000958e  _CLK_enableOsc2                                  
0     00009588  _CLK_enableOsc2HaltMode                          
0     0000957f  _CLK_enablePwmClock                              
0     00009578  _CLK_enableSciaClock                             
0     00009571  _CLK_enableScibClock                             
0     0000956a  _CLK_enableSpiaClock                             
0     00009563  _CLK_enableSpibClock                             
0     0000955c  _CLK_enableTbClockSync                           
0     00009556  _CLK_enableWatchDogHaltMode                      
0     0000954f  _CLK_init                                        
0     00009548  _CLK_setClkOutPreScaler                          
0     00009542  _CLK_setLowSpdPreScaler                          
0     0000953b  _CLK_setOsc2Src                                  
0     00009534  _CLK_setOscSrc                                   
0     0000952d  _CLK_setTimer2PreScale                           
0     00009526  _CLK_setTimer2Src                                
0     0000951f  _CLK_setWatchDogSrc                              
0     00009518  _CLK_setXClkInSrc                                
0     00009f8d  _CPU_clearIntFlags                               
0     00009f8a  _CPU_disableDebugInt                             
0     00009f87  _CPU_disableGlobalInts                           
0     00009f82  _CPU_disableInt                                  
0     00009f7f  _CPU_disableInts                                 
0     00009f7c  _CPU_disableProtectedRegisterWrite               
0     00009f79  _CPU_enableDebugInt                              
0     00009f76  _CPU_enableGlobalInts                            
0     00009f72  _CPU_enableInt                                   
0     00009f6f  _CPU_enableProtectedRegisterWrite                
0     00009f6b  _CPU_init                                        
abs   003fa83e  _CTRL_setGains                                   
abs   003f96ab  _EST_getFlux_pu                                  
abs   003f95ff  _EST_getLs_coarse_max_pu                         
abs   003f95f5  _EST_getLs_d_H                                   
abs   003f95f0  _EST_getLs_d_pu                                  
abs   003f95ce  _EST_getLs_q_H                                   
abs   003f95c9  _EST_getLs_q_pu                                  
abs   003f9513  _EST_getRs_Ohm                                   
abs   003f8b45  _EST_setLs_d_pu                                  
abs   003f8af1  _EST_setLs_qFmt                                  
abs   003f8ae7  _EST_setLs_q_pu                                  
0     00009ff2  _FLASH_clear3VStatus                             
0     00000120  _FLASH_disablePipelineMode                       
0     0000011a  _FLASH_enablePipelineMode                        
0     00009fef  _FLASH_get3VStatus                               
0     00009fec  _FLASH_getActiveWaitCount                        
0     00009fe8  _FLASH_getActiveWaitStatus                       
0     00009fe5  _FLASH_getPowerMode                              
0     00009fe2  _FLASH_getStandbyWaitCount                       
0     00009fde  _FLASH_getStandbyWaitStatus                      
0     00009fd7  _FLASH_init                                      
0     00000115  _FLASH_setActiveWaitCount                        
0     0000010e  _FLASH_setNumPagedReadWaitStates                 
0     00000107  _FLASH_setNumRandomReadWaitStates                
0     00000100  _FLASH_setOtpWaitStates                          
0     000000f9  _FLASH_setPowerMode                              
0     000000f4  _FLASH_setStandbyWaitCount                       
0     00009509  _GPIO_getData                                    
0     00009502  _GPIO_getPortData                                
0     000094fb  _GPIO_init                                       
0     000094f1  _GPIO_lpmSelect                                  
0     000094d1  _GPIO_read                                       
0     000094b6  _GPIO_setDirection                               
0     000094ab  _GPIO_setExtInt                                  
0     0000949a  _GPIO_setHigh                                    
0     00009489  _GPIO_setLow                                     
0     0000944d  _GPIO_setMode                                    
0     00009442  _GPIO_setPortData                                
0     00009427  _GPIO_setPullup                                  
0     000093e1  _GPIO_setQualification                           
0     00009392  _GPIO_setQualificationPeriod                     
0     00009381  _GPIO_toggle                                     
0     000084d0  _HAL_AdcCalChanSelect                            
0     00008527  _HAL_AdcCalConversion                            
0     00008689  _HAL_AdcOffsetSelfCal                            
0     00008756  _HAL_OscTempComp                                 
0     000087af  _HAL_cal                                         
0     000089c2  _HAL_disableGlobalInts                           
0     000088d9  _HAL_disableWdog                                 
0     000089b0  _HAL_enableAdcInts                               
0     000089ac  _HAL_enableDebugInt                              
0     000089a8  _HAL_enableGlobalInts                            
0     00008997  _HAL_enablePwmInt                                
0     000086bc  _HAL_getOscTrimValue                             
0     000088de  _HAL_init                                        
0     000086d2  _HAL_osc1Comp                                    
0     00008714  _HAL_osc2Comp                                    
0     000087c6  _HAL_setParams                                   
0     0000841a  _HAL_setupAdcs                                   
0     000083fe  _HAL_setupClks                                   
0     000083d6  _HAL_setupFaults                                 
0     000083b8  _HAL_setupFlash                                  
0     00008249  _HAL_setupGpios                                  
0     000081fc  _HAL_setupPeripheralClks                         
0     000081e0  _HAL_setupPie                                    
0     000081a1  _HAL_setupPll                                    
0     00008113  _HAL_setupPwmDacs                                
0     0000803b  _HAL_setupPwms                                   
0     00008000  _HAL_setupTimers                                 
abs   003fb4dc  _OFFSET_init                                     
abs   003fb4c6  _OFFSET_setBeta                                  
abs   003fb4bd  _OFFSET_setInitCond                              
abs   003fb4bb  _OFFSET_setOffset                                
0     00009f3b  _OSC_init                                        
0     00009f2e  _OSC_setCoarseTrim                               
0     00009f1d  _OSC_setFineTrim                                 
0     00009f14  _OSC_setTrim                                     
0     0000979e  _PIE_clearAllFlags                               
0     0000979b  _PIE_clearAllInts                                
0     00009798  _PIE_disable                                     
0     00009791  _PIE_disableAllInts                              
0     0000978d  _PIE_disableCaptureInt                           
0     00009784  _PIE_disableExtInt                               
0     0000977a  _PIE_disableInt                                  
0     00009777  _PIE_enable                                      
0     0000975a  _PIE_enableAdcInt                                
0     00009756  _PIE_enableCaptureInt                            
0     00009739  _PIE_enableExtInt                                
0     00009730  _PIE_enableInt                                   
0     0000972b  _PIE_enablePwmInt                                
0     00009726  _PIE_enablePwmTzInt                              
0     00009723  _PIE_enableTimer0Int                             
0     0000971a  _PIE_forceInt                                    
0     00009712  _PIE_getExtIntCount                              
0     0000970b  _PIE_getIntEnables                               
0     00009704  _PIE_getIntFlags                                 
0     0000a12e  _PIE_illegalIsr                                  
0     000096fb  _PIE_init                                        
0     000096ea  _PIE_registerPieIntHandler                       
0     000096df  _PIE_registerSystemIntHandler                    
0     000096d4  _PIE_setDefaultIntVectorTable                    
0     000096c3  _PIE_setExtIntPolarity                           
0     000096b0  _PIE_unregisterPieIntHandler                     
0     000096a3  _PIE_unregisterSystemIntHandler                  
0     00009c91  _PLL_disable                                     
0     00009c8b  _PLL_disableClkDetect                            
0     00009c85  _PLL_disableNormRdy                              
0     00009c7f  _PLL_disableOsc                                  
0     00009c79  _PLL_enable                                      
0     00009c73  _PLL_enableClkDetect                             
0     00009c6d  _PLL_enableNormRdy                               
0     00009c67  _PLL_enableOsc                                   
0     00009c63  _PLL_getClkFreq                                  
0     00009c60  _PLL_getClkStatus                                
0     00009c5d  _PLL_getDivideSelect                             
0     00009c5a  _PLL_getLockStatus                               
0     00009c53  _PLL_init                                        
0     00009c4d  _PLL_resetClkDetect                              
0     00009c47  _PLL_setClkFreq                                  
0     00009c40  _PLL_setDivideSelect                             
0     00009c3b  _PLL_setLockPeriod                               
0     00009181  _PWM_clearTripZone                               
0     0000917e  _PWM_decrementDeadBandFallingEdgeDelay           
0     0000917b  _PWM_decrementDeadBandRisingEdgeDelay            
0     00009174  _PWM_disableAutoConvert                          
0     00009170  _PWM_disableChopping                             
0     0000916d  _PWM_disableCounterLoad                          
0     0000916a  _PWM_disableDeadBand                             
0     00009166  _PWM_disableDeadBandHalfCycle                    
0     0000915f  _PWM_disableDigitalCompareBlankingWindow         
0     00009158  _PWM_disableDigitalCompareBlankingWindowInversion
0     00009151  _PWM_disableHrPeriod                             
0     0000914a  _PWM_disableHrPhaseSync                          
0     00009146  _PWM_disableInt                                  
0     00009142  _PWM_disableSocAPulse                            
0     0000913e  _PWM_disableSocBPulse                            
0     00009137  _PWM_disableTripZoneInt                          
0     00009130  _PWM_disableTripZoneSrc                          
0     0000912a  _PWM_disableTripZones                            
0     00009123  _PWM_enableAutoConvert                           
0     0000911f  _PWM_enableChopping                              
0     0000911c  _PWM_enableCounterLoad                           
0     00009118  _PWM_enableDeadBandHalfCycle                     
0     00009111  _PWM_enableDigitalCompareBlankingWindow          
0     0000910a  _PWM_enableDigitalCompareBlankingWindowInversion 
0     00009103  _PWM_enableHrPeriod                              
0     000090fc  _PWM_enableHrPhaseSync                           
0     000090f8  _PWM_enableInt                                   
0     000090f4  _PWM_enableSocAPulse                             
0     000090f0  _PWM_enableSocBPulse                             
0     000090ea  _PWM_enableTripZoneInt                           
0     000090e4  _PWM_enableTripZoneSrc                           
0     000090e1  _PWM_getDeadBandFallingEdgeDelay                 
0     000090de  _PWM_getDeadBandRisingEdgeDelay                  
0     000090da  _PWM_getIntCount                                 
0     000090d6  _PWM_getShadowStatus_CmpA                        
0     000090d2  _PWM_getShadowStatus_CmpB                        
0     000090cd  _PWM_getSocACount                                
0     000090c8  _PWM_getSocBCount                                
0     000090c5  _PWM_incrementDeadBandFallingEdgeDelay           
0     000090c2  _PWM_incrementDeadBandRisingEdgeDelay            
0     000090bb  _PWM_init                                        
0     000090b4  _PWM_setActionQualContSWForce_PwmA               
0     000090ab  _PWM_setActionQualContSWForce_PwmB               
0     000090a2  _PWM_setActionQual_CntDown_CmpA_PwmA             
0     00009099  _PWM_setActionQual_CntDown_CmpA_PwmB             
0     00009090  _PWM_setActionQual_CntDown_CmpB_PwmA             
0     00009087  _PWM_setActionQual_CntDown_CmpB_PwmB             
0     0000907e  _PWM_setActionQual_CntUp_CmpA_PwmA               
0     00009075  _PWM_setActionQual_CntUp_CmpA_PwmB               
0     0000906c  _PWM_setActionQual_CntUp_CmpB_PwmA               
0     00009063  _PWM_setActionQual_CntUp_CmpB_PwmB               
0     0000905a  _PWM_setActionQual_Period_PwmA                   
0     00009051  _PWM_setActionQual_Period_PwmB                   
0     0000904a  _PWM_setActionQual_Zero_PwmA                     
0     00009043  _PWM_setActionQual_Zero_PwmB                     
0     0000903c  _PWM_setChoppingClkFreq                          
0     00009035  _PWM_setChoppingDutyCycle                        
0     0000902e  _PWM_setChoppingPulseWidth                       
0     0000902a  _PWM_setClkDiv                                   
0     00009028  _PWM_setCount                                    
0     00009024  _PWM_setCounterMode                              
0     00009021  _PWM_setDeadBandFallingEdgeDelay                 
0     0000901a  _PWM_setDeadBandInputMode                        
0     00009013  _PWM_setDeadBandOutputMode                       
0     0000900c  _PWM_setDeadBandPolarity                         
0     00009009  _PWM_setDeadBandRisingEdgeDelay                  
0     00008fef  _PWM_setDigitalCompareAEvent1                    
0     00008fdf  _PWM_setDigitalCompareAEvent2                    
0     00008fc5  _PWM_setDigitalCompareBEvent1                    
0     00008fb5  _PWM_setDigitalCompareBEvent2                    
0     00008fa9  _PWM_setDigitalCompareBlankingPulse              
0     00008fa6  _PWM_setDigitalCompareFilterOffset               
0     00008f9c  _PWM_setDigitalCompareFilterSource               
0     00008f99  _PWM_setDigitalCompareFilterWindow               
0     00008f8a  _PWM_setDigitalCompareInput                      
0     00008f86  _PWM_setHighSpeedClkDiv                          
0     00008f7c  _PWM_setHrControlMode                            
0     00008f72  _PWM_setHrEdgeMode                               
0     00008f68  _PWM_setHrShadowMode                             
0     00008f61  _PWM_setIntMode                                  
0     00008f5a  _PWM_setIntPeriod                                
0     00008f56  _PWM_setLoadMode_CmpA                            
0     00008f50  _PWM_setLoadMode_CmpB                            
0     00008f4e  _PWM_setPeriod                                   
0     00008f49  _PWM_setPeriodHr                                 
0     00008f45  _PWM_setPeriodLoad                               
0     00008f43  _PWM_setPhase                                    
0     00008f3f  _PWM_setPhaseDir                                 
0     00008f3b  _PWM_setRunMode                                  
0     00008f35  _PWM_setShadowMode_CmpA                          
0     00008f2f  _PWM_setShadowMode_CmpB                          
0     00008f26  _PWM_setSocAPeriod                               
0     00008f1d  _PWM_setSocAPulseSrc                             
0     00008f14  _PWM_setSocBPeriod                               
0     00008f0b  _PWM_setSocBPulseSrc                             
0     00008f08  _PWM_setSwSync                                   
0     00008f04  _PWM_setSyncMode                                 
0     00008efa  _PWM_setTripZoneDCEventSelect_DCAEVT1            
0     00008eee  _PWM_setTripZoneDCEventSelect_DCAEVT2            
0     00008ee2  _PWM_setTripZoneDCEventSelect_DCBEVT1            
0     00008ed6  _PWM_setTripZoneDCEventSelect_DCBEVT2            
0     00008eca  _PWM_setTripZoneState_DCAEVT1                    
0     00008ebe  _PWM_setTripZoneState_DCAEVT2                    
0     00008eb2  _PWM_setTripZoneState_DCBEVT1                    
0     00008ea6  _PWM_setTripZoneState_DCBEVT2                    
0     00008e9c  _PWM_setTripZoneState_TZA                        
0     00008e90  _PWM_setTripZoneState_TZB                        
0     00009e26  _PWR_disableBrownOutReset                        
0     00009e1c  _PWR_disableWatchDogInt                          
0     00009e19  _PWR_enableBrownOutReset                         
0     00009e0f  _PWR_enableWatchDogInt                           
0     00009e06  _PWR_init                                        
0     00009df5  _PWR_setLowPowerMode                             
0     00009de4  _PWR_setNumStandByClocks                         
0     0000012a  _RamfuncsLoadEnd                                 
abs   00000036  _RamfuncsLoadSize                                
0     000000f4  _RamfuncsLoadStart                               
0     000000f4  _RamfuncsRunStart                                
0     00009f11  _TIMER_clearFlag                                 
0     00009f0e  _TIMER_disableInt                                
0     00009f0b  _TIMER_enableInt                                 
0     00009f08  _TIMER_getStatus                                 
0     00009f01  _TIMER_init                                      
0     00009ef3  _TIMER_setDecimationFactor                       
0     00009eef  _TIMER_setEmulationMode                          
0     00009ee1  _TIMER_setPreScaler                              
0     00008dcf  _USER_calcPIgains                                
0     00008dcb  _USER_checkForErrors                             
0     00008dbd  _USER_computeFlux                                
0     00008d6c  _USER_computeFlux_pu_to_VpHz_sf                  
0     00008d1b  _USER_computeFlux_pu_to_Wb_sf                    
0     00008cca  _USER_computeTorque_Flux_Iq_pu_to_Nm_sf          
0     00008c7b  _USER_computeTorque_Ls_Id_Iq_pu_to_Nm_sf         
0     00008c2e  _USER_computeTorque_Nm                           
0     00008bd6  _USER_computeTorque_lbin                         
0     00008bd3  _USER_getErrorCode                               
0     00008bd0  _USER_setErrorCode                               
0     00008a5e  _USER_setParams                                  
0     000089c6  _USER_softwareUpdate1p6                          
0     00009ddc  _WDOG_clearCounter                               
0     00009dd4  _WDOG_disable                                    
0     00009dce  _WDOG_disableInt                                 
0     00009dc8  _WDOG_disableOverRide                            
0     00009dbf  _WDOG_enable                                     
0     00009db9  _WDOG_enableInt                                  
0     00009db3  _WDOG_enableOverRide                             
0     00009db0  _WDOG_getIntStatus                               
0     00009da9  _WDOG_init                                       
0     00009da7  _WDOG_setCount                                   
0     00009d9d  _WDOG_setPreScaler                               
0     0000a35a  __IQ30toF                                        
1     000007b0  __STACK_END                                      
abs   000003b0  __STACK_SIZE                                     
0     0000a138  ___TI_cleanup_ptr                                
0     0000a13a  ___TI_dtors_ptr                                  
abs   ffffffff  ___binit__                                       
abs   ffffffff  ___c_args__                                      
0     00000050  ___cinit__                                       
0     0000a138  ___etext__                                       
abs   ffffffff  ___pinit__                                       
0     00008000  ___text__                                        
0     0000a0a5  __args_main                                      
0     0000a13c  __lock                                           
0     000099a6  __log                                            
0     0000a12d  __nop                                            
0     0000a129  __register_lock                                  
0     0000a125  __register_unlock                                
1     00000400  __stack                                          
0     0000a13e  __unlock                                         
0     0000a0be  _abort                                           
0     00009e29  _c_int00                                         
0     0000a2ac  _cpu                                             
0     0000a2ad  _errno                                           
0     0000a0c0  _exit                                            
0     00009907  _exp                                             
0     0000a0ee  _frexp                                           
0     0000a14a  _gAdcData                                        
0     0000a142  _gLEDcnt                                         
0     0000a180  _gMotorVars                                      
0     0000a144  _gPwmData                                        
0     0000a200  _gUserParams                                     
0     0000a2c0  _hal                                             
0     0000a140  _halHandle                                       
0     00009e6d  _ldexp                                           
0     0000985a  _log                                             
0     00009c97  _main                                            
0     000097a5  _mainISR                                         
0     00009eae  _modf                                            
0     00009a35  _pow                                             
0     00009d4c  _sqrt                                            
0     00000126  _usDelay                                         
abs   ffffffff  binit                                            
0     00000050  cinit                                            
0     0000a138  etext                                            
abs   ffffffff  pinit                                            


GLOBAL SYMBOLS: SORTED BY Symbol Address 

page  address   name                                             
----  -------   ----                                             
0     00000050  ___cinit__                                       
0     00000050  cinit                                            
0     000000f4  _FLASH_setStandbyWaitCount                       
0     000000f4  _RamfuncsLoadStart                               
0     000000f4  _RamfuncsRunStart                                
0     000000f9  _FLASH_setPowerMode                              
0     00000100  _FLASH_setOtpWaitStates                          
0     00000107  _FLASH_setNumRandomReadWaitStates                
0     0000010e  _FLASH_setNumPagedReadWaitStates                 
0     00000115  _FLASH_setActiveWaitCount                        
0     0000011a  _FLASH_enablePipelineMode                        
0     00000120  _FLASH_disablePipelineMode                       
0     00000126  _usDelay                                         
0     0000012a  _RamfuncsLoadEnd                                 
0     00008000  .text                                            
0     00008000  _HAL_setupTimers                                 
0     00008000  ___text__                                        
0     0000803b  _HAL_setupPwms                                   
0     00008113  _HAL_setupPwmDacs                                
0     000081a1  _HAL_setupPll                                    
0     000081e0  _HAL_setupPie                                    
0     000081fc  _HAL_setupPeripheralClks                         
0     00008249  _HAL_setupGpios                                  
0     000083b8  _HAL_setupFlash                                  
0     000083d6  _HAL_setupFaults                                 
0     000083fe  _HAL_setupClks                                   
0     0000841a  _HAL_setupAdcs                                   
0     000084d0  _HAL_AdcCalChanSelect                            
0     00008527  _HAL_AdcCalConversion                            
0     00008689  _HAL_AdcOffsetSelfCal                            
0     000086bc  _HAL_getOscTrimValue                             
0     000086d2  _HAL_osc1Comp                                    
0     00008714  _HAL_osc2Comp                                    
0     00008756  _HAL_OscTempComp                                 
0     000087af  _HAL_cal                                         
0     000087c6  _HAL_setParams                                   
0     000088d9  _HAL_disableWdog                                 
0     000088de  _HAL_init                                        
0     00008997  _HAL_enablePwmInt                                
0     000089a8  _HAL_enableGlobalInts                            
0     000089ac  _HAL_enableDebugInt                              
0     000089b0  _HAL_enableAdcInts                               
0     000089c2  _HAL_disableGlobalInts                           
0     000089c6  _USER_softwareUpdate1p6                          
0     00008a5e  _USER_setParams                                  
0     00008bd0  _USER_setErrorCode                               
0     00008bd3  _USER_getErrorCode                               
0     00008bd6  _USER_computeTorque_lbin                         
0     00008c2e  _USER_computeTorque_Nm                           
0     00008c7b  _USER_computeTorque_Ls_Id_Iq_pu_to_Nm_sf         
0     00008cca  _USER_computeTorque_Flux_Iq_pu_to_Nm_sf          
0     00008d1b  _USER_computeFlux_pu_to_Wb_sf                    
0     00008d6c  _USER_computeFlux_pu_to_VpHz_sf                  
0     00008dbd  _USER_computeFlux                                
0     00008dcb  _USER_checkForErrors                             
0     00008dcf  _USER_calcPIgains                                
0     00008e90  _PWM_setTripZoneState_TZB                        
0     00008e9c  _PWM_setTripZoneState_TZA                        
0     00008ea6  _PWM_setTripZoneState_DCBEVT2                    
0     00008eb2  _PWM_setTripZoneState_DCBEVT1                    
0     00008ebe  _PWM_setTripZoneState_DCAEVT2                    
0     00008eca  _PWM_setTripZoneState_DCAEVT1                    
0     00008ed6  _PWM_setTripZoneDCEventSelect_DCBEVT2            
0     00008ee2  _PWM_setTripZoneDCEventSelect_DCBEVT1            
0     00008eee  _PWM_setTripZoneDCEventSelect_DCAEVT2            
0     00008efa  _PWM_setTripZoneDCEventSelect_DCAEVT1            
0     00008f04  _PWM_setSyncMode                                 
0     00008f08  _PWM_setSwSync                                   
0     00008f0b  _PWM_setSocBPulseSrc                             
0     00008f14  _PWM_setSocBPeriod                               
0     00008f1d  _PWM_setSocAPulseSrc                             
0     00008f26  _PWM_setSocAPeriod                               
0     00008f2f  _PWM_setShadowMode_CmpB                          
0     00008f35  _PWM_setShadowMode_CmpA                          
0     00008f3b  _PWM_setRunMode                                  
0     00008f3f  _PWM_setPhaseDir                                 
0     00008f43  _PWM_setPhase                                    
0     00008f45  _PWM_setPeriodLoad                               
0     00008f49  _PWM_setPeriodHr                                 
0     00008f4e  _PWM_setPeriod                                   
0     00008f50  _PWM_setLoadMode_CmpB                            
0     00008f56  _PWM_setLoadMode_CmpA                            
0     00008f5a  _PWM_setIntPeriod                                
0     00008f61  _PWM_setIntMode                                  
0     00008f68  _PWM_setHrShadowMode                             
0     00008f72  _PWM_setHrEdgeMode                               
0     00008f7c  _PWM_setHrControlMode                            
0     00008f86  _PWM_setHighSpeedClkDiv                          
0     00008f8a  _PWM_setDigitalCompareInput                      
0     00008f99  _PWM_setDigitalCompareFilterWindow               
0     00008f9c  _PWM_setDigitalCompareFilterSource               
0     00008fa6  _PWM_setDigitalCompareFilterOffset               
0     00008fa9  _PWM_setDigitalCompareBlankingPulse              
0     00008fb5  _PWM_setDigitalCompareBEvent2                    
0     00008fc5  _PWM_setDigitalCompareBEvent1                    
0     00008fdf  _PWM_setDigitalCompareAEvent2                    
0     00008fef  _PWM_setDigitalCompareAEvent1                    
0     00009009  _PWM_setDeadBandRisingEdgeDelay                  
0     0000900c  _PWM_setDeadBandPolarity                         
0     00009013  _PWM_setDeadBandOutputMode                       
0     0000901a  _PWM_setDeadBandInputMode                        
0     00009021  _PWM_setDeadBandFallingEdgeDelay                 
0     00009024  _PWM_setCounterMode                              
0     00009028  _PWM_setCount                                    
0     0000902a  _PWM_setClkDiv                                   
0     0000902e  _PWM_setChoppingPulseWidth                       
0     00009035  _PWM_setChoppingDutyCycle                        
0     0000903c  _PWM_setChoppingClkFreq                          
0     00009043  _PWM_setActionQual_Zero_PwmB                     
0     0000904a  _PWM_setActionQual_Zero_PwmA                     
0     00009051  _PWM_setActionQual_Period_PwmB                   
0     0000905a  _PWM_setActionQual_Period_PwmA                   
0     00009063  _PWM_setActionQual_CntUp_CmpB_PwmB               
0     0000906c  _PWM_setActionQual_CntUp_CmpB_PwmA               
0     00009075  _PWM_setActionQual_CntUp_CmpA_PwmB               
0     0000907e  _PWM_setActionQual_CntUp_CmpA_PwmA               
0     00009087  _PWM_setActionQual_CntDown_CmpB_PwmB             
0     00009090  _PWM_setActionQual_CntDown_CmpB_PwmA             
0     00009099  _PWM_setActionQual_CntDown_CmpA_PwmB             
0     000090a2  _PWM_setActionQual_CntDown_CmpA_PwmA             
0     000090ab  _PWM_setActionQualContSWForce_PwmB               
0     000090b4  _PWM_setActionQualContSWForce_PwmA               
0     000090bb  _PWM_init                                        
0     000090c2  _PWM_incrementDeadBandRisingEdgeDelay            
0     000090c5  _PWM_incrementDeadBandFallingEdgeDelay           
0     000090c8  _PWM_getSocBCount                                
0     000090cd  _PWM_getSocACount                                
0     000090d2  _PWM_getShadowStatus_CmpB                        
0     000090d6  _PWM_getShadowStatus_CmpA                        
0     000090da  _PWM_getIntCount                                 
0     000090de  _PWM_getDeadBandRisingEdgeDelay                  
0     000090e1  _PWM_getDeadBandFallingEdgeDelay                 
0     000090e4  _PWM_enableTripZoneSrc                           
0     000090ea  _PWM_enableTripZoneInt                           
0     000090f0  _PWM_enableSocBPulse                             
0     000090f4  _PWM_enableSocAPulse                             
0     000090f8  _PWM_enableInt                                   
0     000090fc  _PWM_enableHrPhaseSync                           
0     00009103  _PWM_enableHrPeriod                              
0     0000910a  _PWM_enableDigitalCompareBlankingWindowInversion 
0     00009111  _PWM_enableDigitalCompareBlankingWindow          
0     00009118  _PWM_enableDeadBandHalfCycle                     
0     0000911c  _PWM_enableCounterLoad                           
0     0000911f  _PWM_enableChopping                              
0     00009123  _PWM_enableAutoConvert                           
0     0000912a  _PWM_disableTripZones                            
0     00009130  _PWM_disableTripZoneSrc                          
0     00009137  _PWM_disableTripZoneInt                          
0     0000913e  _PWM_disableSocBPulse                            
0     00009142  _PWM_disableSocAPulse                            
0     00009146  _PWM_disableInt                                  
0     0000914a  _PWM_disableHrPhaseSync                          
0     00009151  _PWM_disableHrPeriod                             
0     00009158  _PWM_disableDigitalCompareBlankingWindowInversion
0     0000915f  _PWM_disableDigitalCompareBlankingWindow         
0     00009166  _PWM_disableDeadBandHalfCycle                    
0     0000916a  _PWM_disableDeadBand                             
0     0000916d  _PWM_disableCounterLoad                          
0     00009170  _PWM_disableChopping                             
0     00009174  _PWM_disableAutoConvert                          
0     0000917b  _PWM_decrementDeadBandRisingEdgeDelay            
0     0000917e  _PWM_decrementDeadBandFallingEdgeDelay           
0     00009181  _PWM_clearTripZone                               
0     00009187  _ADC_setupSocTrigSrc                             
0     000091b2  _ADC_setVoltRefSrc                               
0     000091c3  _ADC_setTempSensorSrc                            
0     000091d4  _ADC_setSocTrigSrc                               
0     000091e8  _ADC_setSocSampleDelay                           
0     000091fc  _ADC_setSocFrcWord                               
0     00009206  _ADC_setSocFrc                                   
0     00009213  _ADC_setSocChanNumber                            
0     00009227  _ADC_setSampleOverlapMode                        
0     0000923a  _ADC_setSampleMode                               
0     00009251  _ADC_setOffTrim                                  
0     0000925b  _ADC_setIntSrc                                   
0     0000927c  _ADC_setIntPulseGenMode                          
0     0000928d  _ADC_setIntMode                                  
0     000092ae  _ADC_setDivideSelect                             
0     000092bf  _ADC_reset                                       
0     000092c9  _ADC_powerUp                                     
0     000092d3  _ADC_powerDown                                   
0     000092dd  _ADC_init                                        
0     000092e6  _ADC_getDivideSelect                             
0     000092f0  _ADC_enableVoltRefLoConv                         
0     000092fa  _ADC_enableRefBuffers                            
0     00009304  _ADC_enableNoOverlapMode                         
0     0000930e  _ADC_enableInt                                   
0     00009324  _ADC_enableBandGap                               
0     0000932e  _ADC_enable                                      
0     00009338  _ADC_disableVoltRefLoConv                        
0     00009342  _ADC_disableRefBuffers                           
0     0000934c  _ADC_disableNoOverlapMode                        
0     00009356  _ADC_disableInt                                  
0     0000936d  _ADC_disableBandGap                              
0     00009377  _ADC_disable                                     
0     00009381  _GPIO_toggle                                     
0     00009392  _GPIO_setQualificationPeriod                     
0     000093e1  _GPIO_setQualification                           
0     00009427  _GPIO_setPullup                                  
0     00009442  _GPIO_setPortData                                
0     0000944d  _GPIO_setMode                                    
0     00009489  _GPIO_setLow                                     
0     0000949a  _GPIO_setHigh                                    
0     000094ab  _GPIO_setExtInt                                  
0     000094b6  _GPIO_setDirection                               
0     000094d1  _GPIO_read                                       
0     000094f1  _GPIO_lpmSelect                                  
0     000094fb  _GPIO_init                                       
0     00009502  _GPIO_getPortData                                
0     00009509  _GPIO_getData                                    
0     00009518  _CLK_setXClkInSrc                                
0     0000951f  _CLK_setWatchDogSrc                              
0     00009526  _CLK_setTimer2Src                                
0     0000952d  _CLK_setTimer2PreScale                           
0     00009534  _CLK_setOscSrc                                   
0     0000953b  _CLK_setOsc2Src                                  
0     00009542  _CLK_setLowSpdPreScaler                          
0     00009548  _CLK_setClkOutPreScaler                          
0     0000954f  _CLK_init                                        
0     00009556  _CLK_enableWatchDogHaltMode                      
0     0000955c  _CLK_enableTbClockSync                           
0     00009563  _CLK_enableSpibClock                             
0     0000956a  _CLK_enableSpiaClock                             
0     00009571  _CLK_enableScibClock                             
0     00009578  _CLK_enableSciaClock                             
0     0000957f  _CLK_enablePwmClock                              
0     00009588  _CLK_enableOsc2HaltMode                          
0     0000958e  _CLK_enableOsc2                                  
0     00009594  _CLK_enableOsc1HaltMode                          
0     0000959a  _CLK_enableOsc1                                  
0     000095a0  _CLK_enableLinAClock                             
0     000095a7  _CLK_enableI2cClock                              
0     000095ae  _CLK_enableHrPwmClock                            
0     000095b5  _CLK_enableGpioInputClock                        
0     000095bc  _CLK_enableEqep2Clock                            
0     000095c3  _CLK_enableEqep1Clock                            
0     000095ca  _CLK_enableEcap1Clock                            
0     000095d1  _CLK_enableEcanaClock                            
0     000095d8  _CLK_enableCrystalOsc                            
0     000095de  _CLK_enableCpuTimerClock                         
0     000095e4  _CLK_enableCompClock                             
0     000095ea  _CLK_enableClkIn                                 
0     000095f0  _CLK_enableClaClock                              
0     000095f7  _CLK_enableAdcClock                              
0     000095fe  _CLK_disableWatchDogHaltMode                     
0     00009604  _CLK_disableTbClockSync                          
0     0000960b  _CLK_disableSpibClock                            
0     0000960f  _CLK_disableSpiaClock                            
0     00009616  _CLK_disableScibClock                            
0     0000961d  _CLK_disableSciaClock                            
0     00009624  _CLK_disablePwmClock                             
0     0000962e  _CLK_disableOsc2HaltMode                         
0     00009634  _CLK_disableOsc2                                 
0     0000963a  _CLK_disableOsc1HaltMode                         
0     00009640  _CLK_disableOsc1                                 
0     00009646  _CLK_disableLinAClock                            
0     0000964d  _CLK_disableI2cClock                             
0     00009654  _CLK_disableHrPwmClock                           
0     0000965b  _CLK_disableGpioInputClock                       
0     00009662  _CLK_disableEqep2Clock                           
0     00009669  _CLK_disableEqep1Clock                           
0     00009670  _CLK_disableEcap1Clock                           
0     00009677  _CLK_disableEcanaClock                           
0     0000967e  _CLK_disableCrystalOsc                           
0     00009684  _CLK_disableCpuTimerClock                        
0     0000968b  _CLK_disableCompClock                            
0     0000968f  _CLK_disableClkIn                                
0     00009695  _CLK_disableClaClock                             
0     0000969c  _CLK_disableAdcClock                             
0     000096a3  _PIE_unregisterSystemIntHandler                  
0     000096b0  _PIE_unregisterPieIntHandler                     
0     000096c3  _PIE_setExtIntPolarity                           
0     000096d4  _PIE_setDefaultIntVectorTable                    
0     000096df  _PIE_registerSystemIntHandler                    
0     000096ea  _PIE_registerPieIntHandler                       
0     000096fb  _PIE_init                                        
0     00009704  _PIE_getIntFlags                                 
0     0000970b  _PIE_getIntEnables                               
0     00009712  _PIE_getExtIntCount                              
0     0000971a  _PIE_forceInt                                    
0     00009723  _PIE_enableTimer0Int                             
0     00009726  _PIE_enablePwmTzInt                              
0     0000972b  _PIE_enablePwmInt                                
0     00009730  _PIE_enableInt                                   
0     00009739  _PIE_enableExtInt                                
0     00009756  _PIE_enableCaptureInt                            
0     0000975a  _PIE_enableAdcInt                                
0     00009777  _PIE_enable                                      
0     0000977a  _PIE_disableInt                                  
0     00009784  _PIE_disableExtInt                               
0     0000978d  _PIE_disableCaptureInt                           
0     00009791  _PIE_disableAllInts                              
0     00009798  _PIE_disable                                     
0     0000979b  _PIE_clearAllInts                                
0     0000979e  _PIE_clearAllFlags                               
0     000097a5  _mainISR                                         
0     0000985a  _log                                             
0     00009907  _exp                                             
0     000099a6  __log                                            
0     00009a35  _pow                                             
0     00009abd  FD$$MPY                                          
0     00009b40  FS$$DIV                                          
0     00009bc3  FS$$SUB                                          
0     00009bc8  FS$$ADD                                          
0     00009c3b  _PLL_setLockPeriod                               
0     00009c40  _PLL_setDivideSelect                             
0     00009c47  _PLL_setClkFreq                                  
0     00009c4d  _PLL_resetClkDetect                              
0     00009c53  _PLL_init                                        
0     00009c5a  _PLL_getLockStatus                               
0     00009c5d  _PLL_getDivideSelect                             
0     00009c60  _PLL_getClkStatus                                
0     00009c63  _PLL_getClkFreq                                  
0     00009c67  _PLL_enableOsc                                   
0     00009c6d  _PLL_enableNormRdy                               
0     00009c73  _PLL_enableClkDetect                             
0     00009c79  _PLL_enable                                      
0     00009c7f  _PLL_disableOsc                                  
0     00009c85  _PLL_disableNormRdy                              
0     00009c8b  _PLL_disableClkDetect                            
0     00009c91  _PLL_disable                                     
0     00009c97  _main                                            
0     00009cf2  FS$$MPY                                          
0     00009d4c  _sqrt                                            
0     00009d9d  _WDOG_setPreScaler                               
0     00009da7  _WDOG_setCount                                   
0     00009da9  _WDOG_init                                       
0     00009db0  _WDOG_getIntStatus                               
0     00009db3  _WDOG_enableOverRide                             
0     00009db9  _WDOG_enableInt                                  
0     00009dbf  _WDOG_enable                                     
0     00009dc8  _WDOG_disableOverRide                            
0     00009dce  _WDOG_disableInt                                 
0     00009dd4  _WDOG_disable                                    
0     00009ddc  _WDOG_clearCounter                               
0     00009de4  _PWR_setNumStandByClocks                         
0     00009df5  _PWR_setLowPowerMode                             
0     00009e06  _PWR_init                                        
0     00009e0f  _PWR_enableWatchDogInt                           
0     00009e19  _PWR_enableBrownOutReset                         
0     00009e1c  _PWR_disableWatchDogInt                          
0     00009e26  _PWR_disableBrownOutReset                        
0     00009e29  _c_int00                                         
0     00009e6d  _ldexp                                           
0     00009eae  _modf                                            
0     00009ee1  _TIMER_setPreScaler                              
0     00009eef  _TIMER_setEmulationMode                          
0     00009ef3  _TIMER_setDecimationFactor                       
0     00009f01  _TIMER_init                                      
0     00009f08  _TIMER_getStatus                                 
0     00009f0b  _TIMER_enableInt                                 
0     00009f0e  _TIMER_disableInt                                
0     00009f11  _TIMER_clearFlag                                 
0     00009f14  _OSC_setTrim                                     
0     00009f1d  _OSC_setFineTrim                                 
0     00009f2e  _OSC_setCoarseTrim                               
0     00009f3b  _OSC_init                                        
0     00009f42  FS$$TOL                                          
0     00009f6b  _CPU_init                                        
0     00009f6f  _CPU_enableProtectedRegisterWrite                
0     00009f72  _CPU_enableInt                                   
0     00009f76  _CPU_enableGlobalInts                            
0     00009f79  _CPU_enableDebugInt                              
0     00009f7c  _CPU_disableProtectedRegisterWrite               
0     00009f7f  _CPU_disableInts                                 
0     00009f82  _CPU_disableInt                                  
0     00009f87  _CPU_disableGlobalInts                           
0     00009f8a  _CPU_disableDebugInt                             
0     00009f8d  _CPU_clearIntFlags                               
0     00009f90  FS$$TOI                                          
0     00009fb5  I$$DIV                                           
0     00009fc6  I$$MOD                                           
0     00009fd7  _FLASH_init                                      
0     00009fde  _FLASH_getStandbyWaitStatus                      
0     00009fe2  _FLASH_getStandbyWaitCount                       
0     00009fe5  _FLASH_getPowerMode                              
0     00009fe8  _FLASH_getActiveWaitStatus                       
0     00009fec  _FLASH_getActiveWaitCount                        
0     00009fef  _FLASH_get3VStatus                               
0     00009ff2  _FLASH_clear3VStatus                             
0     00009ff8  FS$$TOUL                                         
0     0000a019  FD$$TOL                                          
0     0000a038  FS$$TOU                                          
0     0000a055  FS$$TOFD                                         
0     0000a071  I$$TOFS                                          
0     0000a08b  L$$TOFS                                          
0     0000a0a5  __args_main                                      
0     0000a0be  C$$EXIT                                          
0     0000a0be  _abort                                           
0     0000a0c0  _exit                                            
0     0000a0d7  FS$$CMP                                          
0     0000a0ee  _frexp                                           
0     0000a102  UL$$TOFS                                         
0     0000a115  U$$TOFS                                          
0     0000a125  __register_unlock                                
0     0000a129  __register_lock                                  
0     0000a12d  __nop                                            
0     0000a12e  _PIE_illegalIsr                                  
0     0000a133  FS$$NEG                                          
0     0000a138  ___TI_cleanup_ptr                                
0     0000a138  ___etext__                                       
0     0000a138  etext                                            
0     0000a13a  ___TI_dtors_ptr                                  
0     0000a13c  __lock                                           
0     0000a13e  __unlock                                         
0     0000a140  _halHandle                                       
0     0000a142  _gLEDcnt                                         
0     0000a144  _gPwmData                                        
0     0000a14a  _gAdcData                                        
0     0000a180  _gMotorVars                                      
0     0000a200  _gUserParams                                     
0     0000a2ac  _cpu                                             
0     0000a2ad  _errno                                           
0     0000a2c0  _hal                                             
0     0000a35a  __IQ30toF                                        
1     00000400  __stack                                          
1     000007b0  __STACK_END                                      
abs   00000036  _RamfuncsLoadSize                                
abs   000003b0  __STACK_SIZE                                     
abs   003f8ae7  _EST_setLs_q_pu                                  
abs   003f8af1  _EST_setLs_qFmt                                  
abs   003f8b45  _EST_setLs_d_pu                                  
abs   003f9513  _EST_getRs_Ohm                                   
abs   003f95c9  _EST_getLs_q_pu                                  
abs   003f95ce  _EST_getLs_q_H                                   
abs   003f95f0  _EST_getLs_d_pu                                  
abs   003f95f5  _EST_getLs_d_H                                   
abs   003f95ff  _EST_getLs_coarse_max_pu                         
abs   003f96ab  _EST_getFlux_pu                                  
abs   003fa83e  _CTRL_setGains                                   
abs   003fb4bb  _OFFSET_setOffset                                
abs   003fb4bd  _OFFSET_setInitCond                              
abs   003fb4c6  _OFFSET_setBeta                                  
abs   003fb4dc  _OFFSET_init                                     
abs   ffffffff  ___binit__                                       
abs   ffffffff  ___c_args__                                      
abs   ffffffff  ___pinit__                                       
abs   ffffffff  binit                                            
abs   ffffffff  pinit                                            

[439 symbols]
